
 Start         Length     Name                   Class
 0001:00000000 000BCB90H .text                   CODE
 0002:00000000 00006510H .data                   DATA
 0002:00006510 00004805H .bss                    BSS


Detailed map of segments

 0001:00000000 000060EF C=CODE     S=.text    G=(none)   M=System   ACBP=A9
 0001:000060F0 00000140 C=CODE     S=.text    G=(none)   M=SysInit  ACBP=A9
 0001:00006230 00000108 C=CODE     S=.text    G=(none)   M=Types    ACBP=A9
 0001:00006338 00001088 C=CODE     S=.text    G=(none)   M=Windows  ACBP=A9
 0001:000073C0 0000202F C=CODE     S=.text    G=(none)   M=ELeaks   ACBP=A9
 0001:000093F0 00000338 C=CODE     S=.text    G=(none)   M=SysConst ACBP=A9
 0001:00009728 000074C0 C=CODE     S=.text    G=(none)   M=SysUtils ACBP=A9
 0001:00010BE8 00000038 C=CODE     S=.text    G=(none)   M=Messages ACBP=A9
 0001:00010C20 000007FB C=CODE     S=.text    G=(none)   M=VarUtils ACBP=A9
 0001:0001141C 00002A42 C=CODE     S=.text    G=(none)   M=Variants ACBP=A9
 0001:00013E60 00000130 C=CODE     S=.text    G=(none)   M=RTLConsts ACBP=A9
 0001:00013F90 00000B2C C=CODE     S=.text    G=(none)   M=TypInfo  ACBP=A9
 0001:00014ABC 00000038 C=CODE     S=.text    G=(none)   M=ActiveX  ACBP=A9
 0001:00014AF4 0000A172 C=CODE     S=.text    G=(none)   M=Classes  ACBP=A9
 0001:0001EC68 00000038 C=CODE     S=.text    G=(none)   M=ETypes   ACBP=A9
 0001:0001ECA0 00002944 C=CODE     S=.text    G=(none)   M=EConsts  ACBP=A9
 0001:000215E4 00004598 C=CODE     S=.text    G=(none)   M=ECore    ACBP=A9
 0001:00025B7C 000047B0 C=CODE     S=.text    G=(none)   M=EDebug   ACBP=A9
 0001:0002A32C 00000040 C=CODE     S=.text    G=(none)   M=ShellAPI ACBP=A9
 0001:0002A36C 000000A0 C=CODE     S=.text    G=(none)   M=WinSock  ACBP=A9
 0001:0002A40C 00001688 C=CODE     S=.text    G=(none)   M=EHook    ACBP=A9
 0001:0002BA94 000000E8 C=CODE     S=.text    G=(none)   M=ELang    ACBP=A9
 0001:0002BB7C 000016BC C=CODE     S=.text    G=(none)   M=ESockets ACBP=A9
 0001:0002D238 00007BFC C=CODE     S=.text    G=(none)   M=EZlib2   ACBP=A9
 0001:00034E34 00000B04 C=CODE     S=.text    G=(none)   M=EHash    ACBP=A9
 0001:00035938 00000360 C=CODE     S=.text    G=(none)   M=EEncrypt ACBP=A9
 0001:00035C98 000002DC C=CODE     S=.text    G=(none)   M=EBase64  ACBP=A9
 0001:00035F74 00000154 C=CODE     S=.text    G=(none)   M=EZip     ACBP=A9
 0001:000360C8 00007A1C C=CODE     S=.text    G=(none)   M=EWebTools ACBP=A9
 0001:0003DAE4 000005A8 C=CODE     S=.text    G=(none)   M=EXMLBuilder ACBP=A9
 0001:0003E08C 000043FC C=CODE     S=.text    G=(none)   M=ELogManager ACBP=A9
 0001:00042488 000012F4 C=CODE     S=.text    G=(none)   M=EListView ACBP=A9
 0001:0004377C 00007434 C=CODE     S=.text    G=(none)   M=EDisAsm  ACBP=A9
 0001:0004ABB0 000299F8 C=CODE     S=.text    G=(none)   M=ExceptionLog ACBP=A9
 0001:000745A8 00000308 C=CODE     S=.text    G=(none)   M=Consts   ACBP=A9
 0001:000748B0 00008E5B C=CODE     S=.text    G=(none)   M=Graphics ACBP=A9
 0001:0007D70C 00000048 C=CODE     S=.text    G=(none)   M=Math     ACBP=A9
 0001:0007D754 000002B8 C=CODE     S=.text    G=(none)   M=Contnrs  ACBP=A9
 0001:0007DA0C 00000198 C=CODE     S=.text    G=(none)   M=CommCtrl ACBP=A9
 0001:0007DBA4 00000787 C=CODE     S=.text    G=(none)   M=MultiMon ACBP=A9
 0001:0007E32C 00000038 C=CODE     S=.text    G=(none)   M=Imm      ACBP=A9
 0001:0007E364 00000FF8 C=CODE     S=.text    G=(none)   M=HelpIntfs ACBP=A9
 0001:0007F35C 00000058 C=CODE     S=.text    G=(none)   M=WinSpool ACBP=A9
 0001:0007F3B4 00000FB8 C=CODE     S=.text    G=(none)   M=Printers ACBP=A9
 0001:0008036C 0000031F C=CODE     S=.text    G=(none)   M=FlatSB   ACBP=A9
 0001:0008068C 000001A4 C=CODE     S=.text    G=(none)   M=SyncObjs ACBP=A9
 0001:00080830 000009BB C=CODE     S=.text    G=(none)   M=UxTheme  ACBP=A9
 0001:000811EC 00000038 C=CODE     S=.text    G=(none)   M=RichEdit ACBP=A9
 0001:00081224 00000038 C=CODE     S=.text    G=(none)   M=ToolWin  ACBP=A9
 0001:0008125C 00000038 C=CODE     S=.text    G=(none)   M=RegStr   ACBP=A9
 0001:00081294 00000038 C=CODE     S=.text    G=(none)   M=WinInet  ACBP=A9
 0001:000812CC 00000038 C=CODE     S=.text    G=(none)   M=UrlMon   ACBP=A9
 0001:00081304 00000038 C=CODE     S=.text    G=(none)   M=ShlObj   ACBP=A9
 0001:0008133C 00000038 C=CODE     S=.text    G=(none)   M=CommDlg  ACBP=A9
 0001:00081374 00000038 C=CODE     S=.text    G=(none)   M=Dlgs     ACBP=A9
 0001:000813AC 0000066D C=CODE     S=.text    G=(none)   M=Dialogs  ACBP=A9
 0001:00081A1C 0000241E C=CODE     S=.text    G=(none)   M=ExtCtrls ACBP=A9
 0001:00083E3C 00000090 C=CODE     S=.text    G=(none)   M=ComStrs  ACBP=A9
 0001:00083ECC 00000094 C=CODE     S=.text    G=(none)   M=Clipbrd  ACBP=A9
 0001:00083F60 00000038 C=CODE     S=.text    G=(none)   M=StrUtils ACBP=A9
 0001:00083F98 000023BD C=CODE     S=.text    G=(none)   M=Buttons  ACBP=A9
 0001:00086358 00000038 C=CODE     S=.text    G=(none)   M=ExtDlgs  ACBP=A9
 0001:00086390 00000068 C=CODE     S=.text    G=(none)   M=IniFiles ACBP=A9
 0001:000863F8 00000068 C=CODE     S=.text    G=(none)   M=Registry ACBP=A9
 0001:00086460 0000006C C=CODE     S=.text    G=(none)   M=Mapi     ACBP=A9
 0001:000864CC 00000058 C=CODE     S=.text    G=(none)   M=ExtActns ACBP=A9
 0001:00086524 00000038 C=CODE     S=.text    G=(none)   M=ListActns ACBP=A9
 0001:0008655C 00006BC0 C=CODE     S=.text    G=(none)   M=ComCtrls ACBP=A9
 0001:0008D11C 00000CA4 C=CODE     S=.text    G=(none)   M=Themes   ACBP=A9
 0001:0008DDC0 000060B4 C=CODE     S=.text    G=(none)   M=StdCtrls ACBP=A9
 0001:00093E74 00000168 C=CODE     S=.text    G=(none)   M=StdActns ACBP=A9
 0001:00093FDC 00000D1F C=CODE     S=.text    G=(none)   M=WinHelpViewer ACBP=A9
 0001:00094CFC 00010EF3 C=CODE     S=.text    G=(none)   M=Controls ACBP=A9
 0001:000A5BF0 00001292 C=CODE     S=.text    G=(none)   M=ActnList ACBP=A9
 0001:000A6E84 00001B9C C=CODE     S=.text    G=(none)   M=ImgList  ACBP=A9
 0001:000A8A20 000066AD C=CODE     S=.text    G=(none)   M=Menus    ACBP=A9
 0001:000AF0D0 0000C610 C=CODE     S=.text    G=(none)   M=Forms    ACBP=A9
 0001:000BB6E0 00001194 C=CODE     S=.text    G=(none)   M=MainForm ACBP=A9
 0001:000BC874 0000031C C=CODE     S=.text    G=(none)   M=GUI      ACBP=A9
 0002:00000000 000000D0 C=DATA     S=.data    G=DGROUP   M=System   ACBP=A9
 0002:000000D0 00000020 C=DATA     S=.data    G=DGROUP   M=SysInit  ACBP=A9
 0002:000000F0 00000014 C=DATA     S=.data    G=DGROUP   M=ELeaks   ACBP=A9
 0002:00000104 00000254 C=DATA     S=.data    G=DGROUP   M=SysUtils ACBP=A9
 0002:00000358 00000008 C=DATA     S=.data    G=DGROUP   M=VarUtils ACBP=A9
 0002:00000360 0000008E C=DATA     S=.data    G=DGROUP   M=Variants ACBP=A9
 0002:000003F0 0000000C C=DATA     S=.data    G=DGROUP   M=TypInfo  ACBP=A9
 0002:000003FC 00000080 C=DATA     S=.data    G=DGROUP   M=Classes  ACBP=A9
 0002:0000047C 00000908 C=DATA     S=.data    G=DGROUP   M=EConsts  ACBP=A9
 0002:00000D84 00000044 C=DATA     S=.data    G=DGROUP   M=ECore    ACBP=A9
 0002:00000DC8 0000004C C=DATA     S=.data    G=DGROUP   M=EDebug   ACBP=A9
 0002:00000E14 000001A0 C=DATA     S=.data    G=DGROUP   M=EHook    ACBP=A9
 0002:00000FB4 00000001 C=DATA     S=.data    G=DGROUP   M=ESockets ACBP=A9
 0002:00000FB8 00000E5C C=DATA     S=.data    G=DGROUP   M=EZlib2   ACBP=A9
 0002:00001E14 00000212 C=DATA     S=.data    G=DGROUP   M=EHash    ACBP=A9
 0002:00002028 000000C0 C=DATA     S=.data    G=DGROUP   M=EBase64  ACBP=A9
 0002:000020E8 00001C14 C=DATA     S=.data    G=DGROUP   M=EWebTools ACBP=A9
 0002:00003CFC 00000020 C=DATA     S=.data    G=DGROUP   M=EXMLBuilder ACBP=A9
 0002:00003D1C 00000024 C=DATA     S=.data    G=DGROUP   M=ELogManager ACBP=A9
 0002:00003D40 000012D5 C=DATA     S=.data    G=DGROUP   M=EDisAsm  ACBP=A9
 0002:00005018 0000059C C=DATA     S=.data    G=DGROUP   M=ExceptionLog ACBP=A9
 0002:000055B4 00000304 C=DATA     S=.data    G=DGROUP   M=Graphics ACBP=A9
 0002:000058B8 00000004 C=DATA     S=.data    G=DGROUP   M=Printers ACBP=A9
 0002:000058BC 00000074 C=DATA     S=.data    G=DGROUP   M=Dialogs  ACBP=A9
 0002:00005930 0000018C C=DATA     S=.data    G=DGROUP   M=ExtCtrls ACBP=A9
 0002:00005ABC 00000088 C=DATA     S=.data    G=DGROUP   M=Buttons  ACBP=A9
 0002:00005B44 00000008 C=DATA     S=.data    G=DGROUP   M=IniFiles ACBP=A9
 0002:00005B4C 00000008 C=DATA     S=.data    G=DGROUP   M=Registry ACBP=A9
 0002:00005B54 00000008 C=DATA     S=.data    G=DGROUP   M=Mapi     ACBP=A9
 0002:00005B5C 0000007D C=DATA     S=.data    G=DGROUP   M=ComCtrls ACBP=A9
 0002:00005BDC 00000068 C=DATA     S=.data    G=DGROUP   M=Themes   ACBP=A9
 0002:00005C44 000000A0 C=DATA     S=.data    G=DGROUP   M=StdCtrls ACBP=A9
 0002:00005CE4 0000013C C=DATA     S=.data    G=DGROUP   M=Controls ACBP=A9
 0002:00005E20 00000020 C=DATA     S=.data    G=DGROUP   M=ImgList  ACBP=A9
 0002:00005E40 000000EC C=DATA     S=.data    G=DGROUP   M=Menus    ACBP=A9
 0002:00005F2C 0000011C C=DATA     S=.data    G=DGROUP   M=Forms    ACBP=A9
 0002:00006048 00000004 C=DATA     S=.data    G=DGROUP   M=MainForm ACBP=A9
 0002:00007000 00000664 C=BSS      S=.bss     G=DGROUP   M=System   ACBP=A9
 0002:00007664 00000010 C=BSS      S=.bss     G=DGROUP   M=SysInit  ACBP=A9
 0002:00007674 00000004 C=BSS      S=.bss     G=DGROUP   M=Types    ACBP=A9
 0002:00007678 00000004 C=BSS      S=.bss     G=DGROUP   M=Windows  ACBP=A9
 0002:0000767C 00000054 C=BSS      S=.bss     G=DGROUP   M=ELeaks   ACBP=A9
 0002:000076D0 00000004 C=BSS      S=.bss     G=DGROUP   M=SysConst ACBP=A9
 0002:000076D4 00000120 C=BSS      S=.bss     G=DGROUP   M=SysUtils ACBP=A9
 0002:000077F4 00000004 C=BSS      S=.bss     G=DGROUP   M=Messages ACBP=A9
 0002:000077F8 0000005C C=BSS      S=.bss     G=DGROUP   M=VarUtils ACBP=A9
 0002:00007854 00000040 C=BSS      S=.bss     G=DGROUP   M=Variants ACBP=A9
 0002:00007894 00000004 C=BSS      S=.bss     G=DGROUP   M=RTLConsts ACBP=A9
 0002:00007898 00000004 C=BSS      S=.bss     G=DGROUP   M=TypInfo  ACBP=A9
 0002:0000789C 00000004 C=BSS      S=.bss     G=DGROUP   M=ActiveX  ACBP=A9
 0002:000078A0 00000044 C=BSS      S=.bss     G=DGROUP   M=Classes  ACBP=A9
 0002:000078E4 00000004 C=BSS      S=.bss     G=DGROUP   M=ETypes   ACBP=A9
 0002:000078E8 00000004 C=BSS      S=.bss     G=DGROUP   M=EConsts  ACBP=A9
 0002:000078EC 00000009 C=BSS      S=.bss     G=DGROUP   M=ECore    ACBP=A9
 0002:000078F8 00000004 C=BSS      S=.bss     G=DGROUP   M=EDebug   ACBP=A9
 0002:000078FC 00000004 C=BSS      S=.bss     G=DGROUP   M=ShellAPI ACBP=A9
 0002:00007900 00000004 C=BSS      S=.bss     G=DGROUP   M=WinSock  ACBP=A9
 0002:00007904 00000010 C=BSS      S=.bss     G=DGROUP   M=EHook    ACBP=A9
 0002:00007914 00000004 C=BSS      S=.bss     G=DGROUP   M=ELang    ACBP=A9
 0002:00007918 00000004 C=BSS      S=.bss     G=DGROUP   M=ESockets ACBP=A9
 0002:0000791C 00002894 C=BSS      S=.bss     G=DGROUP   M=EZlib2   ACBP=A9
 0002:0000A1B0 00000404 C=BSS      S=.bss     G=DGROUP   M=EHash    ACBP=A9
 0002:0000A5B4 0000001C C=BSS      S=.bss     G=DGROUP   M=EEncrypt ACBP=A9
 0002:0000A5D0 00000004 C=BSS      S=.bss     G=DGROUP   M=EBase64  ACBP=A9
 0002:0000A5D4 00000004 C=BSS      S=.bss     G=DGROUP   M=EZip     ACBP=A9
 0002:0000A5D8 00000048 C=BSS      S=.bss     G=DGROUP   M=EWebTools ACBP=A9
 0002:0000A620 00000004 C=BSS      S=.bss     G=DGROUP   M=EXMLBuilder ACBP=A9
 0002:0000A624 00000004 C=BSS      S=.bss     G=DGROUP   M=ELogManager ACBP=A9
 0002:0000A628 00000004 C=BSS      S=.bss     G=DGROUP   M=EListView ACBP=A9
 0002:0000A62C 00000004 C=BSS      S=.bss     G=DGROUP   M=EDisAsm  ACBP=A9
 0002:0000A630 00000E7C C=BSS      S=.bss     G=DGROUP   M=ExceptionLog ACBP=A9
 0002:0000B4AC 00000004 C=BSS      S=.bss     G=DGROUP   M=Consts   ACBP=A9
 0002:0000B4B0 00000060 C=BSS      S=.bss     G=DGROUP   M=Graphics ACBP=A9
 0002:0000B510 00000004 C=BSS      S=.bss     G=DGROUP   M=Math     ACBP=A9
 0002:0000B514 00000004 C=BSS      S=.bss     G=DGROUP   M=Contnrs  ACBP=A9
 0002:0000B518 0000000C C=BSS      S=.bss     G=DGROUP   M=CommCtrl ACBP=A9
 0002:0000B524 00000031 C=BSS      S=.bss     G=DGROUP   M=MultiMon ACBP=A9
 0002:0000B558 00000004 C=BSS      S=.bss     G=DGROUP   M=Imm      ACBP=A9
 0002:0000B55C 00000008 C=BSS      S=.bss     G=DGROUP   M=HelpIntfs ACBP=A9
 0002:0000B564 00000004 C=BSS      S=.bss     G=DGROUP   M=WinSpool ACBP=A9
 0002:0000B568 00000004 C=BSS      S=.bss     G=DGROUP   M=Printers ACBP=A9
 0002:0000B56C 00000034 C=BSS      S=.bss     G=DGROUP   M=FlatSB   ACBP=A9
 0002:0000B5A0 00000004 C=BSS      S=.bss     G=DGROUP   M=SyncObjs ACBP=A9
 0002:0000B5A4 000000CC C=BSS      S=.bss     G=DGROUP   M=UxTheme  ACBP=A9
 0002:0000B670 00000004 C=BSS      S=.bss     G=DGROUP   M=RichEdit ACBP=A9
 0002:0000B674 00000004 C=BSS      S=.bss     G=DGROUP   M=ToolWin  ACBP=A9
 0002:0000B678 00000004 C=BSS      S=.bss     G=DGROUP   M=RegStr   ACBP=A9
 0002:0000B67C 00000004 C=BSS      S=.bss     G=DGROUP   M=WinInet  ACBP=A9
 0002:0000B680 00000004 C=BSS      S=.bss     G=DGROUP   M=UrlMon   ACBP=A9
 0002:0000B684 00000004 C=BSS      S=.bss     G=DGROUP   M=ShlObj   ACBP=A9
 0002:0000B688 00000004 C=BSS      S=.bss     G=DGROUP   M=CommDlg  ACBP=A9
 0002:0000B68C 00000004 C=BSS      S=.bss     G=DGROUP   M=Dlgs     ACBP=A9
 0002:0000B690 0000000C C=BSS      S=.bss     G=DGROUP   M=Dialogs  ACBP=A9
 0002:0000B69C 00000004 C=BSS      S=.bss     G=DGROUP   M=ExtCtrls ACBP=A9
 0002:0000B6A0 00000004 C=BSS      S=.bss     G=DGROUP   M=ComStrs  ACBP=A9
 0002:0000B6A4 0000000C C=BSS      S=.bss     G=DGROUP   M=Clipbrd  ACBP=A9
 0002:0000B6B0 00000004 C=BSS      S=.bss     G=DGROUP   M=StrUtils ACBP=A9
 0002:0000B6B4 00000030 C=BSS      S=.bss     G=DGROUP   M=Buttons  ACBP=A9
 0002:0000B6E4 00000004 C=BSS      S=.bss     G=DGROUP   M=ExtDlgs  ACBP=A9
 0002:0000B6E8 00000004 C=BSS      S=.bss     G=DGROUP   M=IniFiles ACBP=A9
 0002:0000B6EC 00000004 C=BSS      S=.bss     G=DGROUP   M=Registry ACBP=A9
 0002:0000B6F0 00000004 C=BSS      S=.bss     G=DGROUP   M=Mapi     ACBP=A9
 0002:0000B6F4 00000009 C=BSS      S=.bss     G=DGROUP   M=ExtActns ACBP=A9
 0002:0000B700 00000004 C=BSS      S=.bss     G=DGROUP   M=ListActns ACBP=A9
 0002:0000B704 00000010 C=BSS      S=.bss     G=DGROUP   M=ComCtrls ACBP=A9
 0002:0000B714 00000008 C=BSS      S=.bss     G=DGROUP   M=Themes   ACBP=A9
 0002:0000B71C 00000004 C=BSS      S=.bss     G=DGROUP   M=StdCtrls ACBP=A9
 0002:0000B720 00000004 C=BSS      S=.bss     G=DGROUP   M=StdActns ACBP=A9
 0002:0000B724 00000014 C=BSS      S=.bss     G=DGROUP   M=WinHelpViewer ACBP=A9
 0002:0000B738 00000080 C=BSS      S=.bss     G=DGROUP   M=Controls ACBP=A9
 0002:0000B7B8 00000004 C=BSS      S=.bss     G=DGROUP   M=ActnList ACBP=A9
 0002:0000B7BC 0000000C C=BSS      S=.bss     G=DGROUP   M=ImgList  ACBP=A9
 0002:0000B7C8 00000010 C=BSS      S=.bss     G=DGROUP   M=Menus    ACBP=A9
 0002:0000B7D8 00000020 C=BSS      S=.bss     G=DGROUP   M=Forms    ACBP=A9
 0002:0000B7F8 0000000C C=BSS      S=.bss     G=DGROUP   M=MainForm ACBP=A9


  Address         Publics by Name

 0002:000013A8       ..
 0001:0002DB68       ..
 0002:00000FE0       ..
 0001:0002F07C       ..
 0002:0000103C       ..
 0001:0002F488       ..
 0002:00001048       ..
 0001:0002F550       ..
 0002:00001050       ..
 0002:00007924       ..
 0002:00001068       ..
 0002:000010BC       ..
 0002:0000110C       ..
 0002:00009924       ..
 0002:0000127C       ..
 0001:00032FB8       ..
 0002:000078F8       .03
 0002:0000B68C       .1
 0002:00007674       .1
 0002:0000B72C       .1
 0002:00007894       .1
 0002:000077F4       .1
 0002:0000B544       .1
 0002:0000B518       .1
 0002:000076D0       .1
 0002:0000B4AC       .1
 0002:0000B58C       .1
 0002:0000B660       .1
 0002:000078FC       .1
 0002:0000B670       .1
 0002:00007694       .1
 0002:0000B6A0       .1
 0002:0000B678       .1
 0002:0000B6B0       .1
 0002:0000B558       .1
 0002:0000B67C       .1
 0002:0000B680       .1
 0002:00007900       .1
 0002:000078E4       .1
 0002:00007904       .1
 0002:0000B6F0       .1
 0002:0000B684       .1
 0002:0000A5D0       .1
 0002:00007914       .1
 0002:0000766C       .1
 0002:0000A5B4       .1
 0002:0000A1B0       .1
 0002:0000B688       .1
 0002:0000B690       .11
 0002:0000B69C       .12
 0002:0000B4B4       .12
 0002:0000B714       .2
 0002:0000B510       .2
 0002:0000B55C       .2
 0002:0000B6A8       .2
 0002:0000791C       .2
 0002:0000A628       .2
 0002:0000A62C       .2
 0002:0000A654       .21
 0002:0000B514       .21
 0002:0000A624       .3
 0002:00007678       .3
 0002:0000789C       .3
 0002:0000B800       .3
 0002:0000A620       .3
 0002:0000A5D4       .3
 0002:0000B6E4       .3
 0002:0000B568       .3
 0002:0000B7BC       .3
 0002:0000B564       .3
 0002:000077E4       .35
 0002:0000B704       .36
 0002:000078F0       .4
 0002:00007918       .4
 0002:0000B6B4       .4
 0002:0000B674       .4
 0002:0000B7E0       .41
 0002:0000B71C       .42
 0002:000078AC       .45
 0002:000075BC       .5
 0002:00007850       .5
 0002:0000B6EC       .5
 0002:000078E8       .5
 0002:0000B5A0       .6
 0002:00007898       .6
 0002:0000A5D8       .7
 0002:0000B6F4       .72
 0002:0000B740       .72
 0002:0000B720       .73
 0002:0000B7B8       .8
 0002:0000B6E8       .8
 0002:0000B700       .8
 0002:00007874       .81
 0002:0000B7D0       .9
 0001:00002090       @AbstractError
 0001:00004AFC       @AddRefArray
 0001:00004AB4       @AddRefRecord
 0001:00003354       @AfterConstruction
 0001:00003180       @AsClass
 0001:00003E14       @Assert
 0001:000024FC       @AStrCmp
 0001:00003364       @BeforeDestruction
 0001:000031CC       @CallDynaInst
 0001:00005B2C       @CheckAutoResult
 0001:000032FC       @ClassCreate
 0001:0000334C       @ClassDestroy
 0001:000023C8       @Close
 0001:00001CAC       @Copy
 0001:00004CF0       @CopyArray
 0001:00004BD4       @CopyRecord
 0001:0002FEFC       @deflateInit2_
 0001:00004E08       @DispCallByIDError
 0001:00011EBC       @DispInvokeError
 0001:00004DF8       @Dispose
 0001:000038A4       @DoneExcept
 0001:00005320       @DynArrayAddRef
 0001:000052F8       @DynArrayAsg
 0001:000052BC       @DynArrayClear
 0001:000050DC       @DynArrayHigh
 0001:000050D4       @DynArrayLength
 0001:000052B0       @DynArraySetLength
 0001:0000289C       @EmitDigits
 0001:0000398C       @ExceptionHandler
 0001:0000256C       @FillChar
 0001:0002F148       @fill_fopen_filefunc
 0001:00004AA8       @Finalize
 0001:000049BC       @FinalizeArray
 0001:00004970       @FinalizeRecord
 0001:000031E4       @FindDynaInst
 0001:000023BC       @Flush
 0001:00002EF4       @FpuInit
 0001:00002E30       @FpuMaskInit
 0001:00001AD0       @FreeMem
 0001:00001AA0       @GetMem
 0001:00006168       @GetTls
 0001:0002F680       @get_crc_table
 0001:00003DFC       @Halt
 0001:00003D1C       @Halt0
 0001:00003478       @HandleAnyException
 0001:00003764       @HandleAutoException
 0001:0000372C       @HandleFinally
 0001:000035A4       @HandleOnException
 0001:000315F0       @inflateInit2_
 0001:00031038       @inflate_fast
 0001:00032B48       @inflate_table
 0001:000061B4       @InitExe
 0001:00004964       @Initialize
 0001:000048D0       @InitializeArray
 0001:000048A0       @InitializeRecord
 0001:00003BE0       @InitImports
 0001:00003BB8       @InitResStringImports
 0001:00003B94       @InitResStrings
 0001:00001D68       @Insert
 0001:00005A90       @IntfAddRef
 0001:00005A60       @IntfCast
 0001:00005A1C       @IntfClear
 0001:00005A34       @IntfCopy
 0001:00002F00       @IntOver
 0001:0000315C       @IsClass
 0001:00002E00       @isNECWindows
 0001:00001CF0       @LGetDir
 0001:00004384       @LStrAddRef
 0001:00003EDC       @LStrArrayClr
 0001:00003F0C       @LStrAsg
 0001:0000419C       @LStrCat
 0001:000041E0       @LStrCat3
 0001:00004254       @LStrCatN
 0001:00003EB8       @LStrClr
 0001:000042E0       @LStrCmp
 0001:000043F4       @LStrCopy
 0001:00004434       @LStrDelete
 0001:00004128       @LStrFromArray
 0001:000040A0       @LStrFromChar
 0001:000040B0       @LStrFromPChar
 0001:00003FA8       @LStrFromPCharLen
 0001:000040E0       @LStrFromPWChar
 0001:00004014       @LStrFromPWCharLen
 0001:0000411C       @LStrFromString
 0001:00004140       @LStrFromWArray
 0001:0000415C       @LStrFromWStr
 0001:0000447C       @LStrInsert
 0001:00003F50       @LStrLAsg
 0001:00004194       @LStrLen
 0001:000044D8       @LStrPos
 0001:00004520       @LStrSetLength
 0001:00004394       @LStrToPChar
 0001:00004170       @LStrToString
 0001:00004DE4       @New
 0001:00003F7C       @NewAnsiString
 0001:000045C8       @NewWideString
 0001:00001FF8       @Pos
 0001:00002B14       @Pow10
 0001:00002478       @PStrCmp
 0001:00002450       @PStrCpy
 0001:00002420       @PStrNCat
 0001:0000245C       @PStrNCpy
 0001:00003850       @RaiseAgain
 0001:00003828       @RaiseExcept
 0001:0000258C       @RandInt
 0001:00001AF0       @ReallocMem
 0001:00002104       @RewritText
 0001:00002060       @ROUND
 0001:00003E08       @RunError
 0001:0000290C       @ScaleExt
 0001:00002888       @SetEq
 0001:00002038       @SetLength
 0001:00003B54       @StartExe
 0001:00002950       @Str2Ext
 0001:0000030C       @strlen
 0001:0000206C       @TRUNC
 0001:000038D4       @TryFinallyExit
 0001:000043EC       @UniqueStringA
 0001:00004EB0       @ValInt64
 0001:000025A8       @ValLong
 0001:00004AE4       @VarAddRef
 0001:000135B4       @VarAddRef
 0001:000121A8       @VarClear
 0001:000049A4       @VarClr
 0001:000121BC       @VarClr
 0001:000124E4       @VarCopy
 0001:00004BBC       @VarCopy
 0001:000134EC       @VarFromBool
 0001:0001353C       @VarFromCurr
 0001:00013484       @VarFromInt
 0001:000134C0       @VarFromInt64
 0001:00013550       @VarFromLStr
 0001:00013514       @VarFromReal
 0001:00013528       @VarFromTDateTime
 0001:0001357C       @VarFromWStr
 0001:00011F10       @VarNull
 0001:00012810       @VarToLStr
 0001:00012F30       @VarToWStr
 0001:000027F4       @Write0Ext
 0001:00004584       @Write0LString
 0001:000027C0       @Write2Ext
 0001:000026C0       @WriteBytes
 0001:00002804       @WriteLn
 0001:000045A0       @WriteLString
 0001:00002714       @WriteSpaces
 0001:00002790       @WriteString
 0001:00004880       @WStrAddRef
 0001:00004608       @WStrArrayClr
 0001:0000462C       @WStrAsg
 0001:000045F0       @WStrClr
 0001:00004768       @WStrCmp
 0001:000047EC       @WStrCopy
 0001:0000473C       @WStrFromLStr
 0001:00004650       @WStrFromPCharLen
 0001:00004700       @WStrFromPWChar
 0001:000046DC       @WStrFromPWCharLen
 0001:0000475C       @WStrLen
 0001:00004838       @WStrSetLength
 0001:0000474C       @WStrToPWChar
 0001:00002864       @_CLenToPasStr
 0001:00002858       @_CToPasStr
 0001:00001C7C       @_IOTest
 0001:00004E34       @_llmod
 0001:00004E10       @_llmul
 0001:000341B8       @_tr_align
 0001:00034484       @_tr_flush_block
 0001:00032FBC       @_tr_init
 0001:000340FC       @_tr_stored_block
 0001:0000EAD0       Abort
 0002:0000A785       AbortOperation
 0001:0007F4DC       AbortProc
 0001:00097B50       AbsMin
 0001:0000EE54       AbstractErrorHandler
 0002:0000702C       AbstractErrorProc
 0002:00000188       AccessMode
 0001:000BBC30       AccessViolation
 0001:000664D0       AccessViolationModuleInLongFormat
 0001:00001BC4       AcquireExceptionObject
 0001:0005D1F8       ActicatePage
 0001:00016ED4       ActivateClassGroup
 0002:0000A7CC       ActivateEurekaLog
 0001:00006B24       ActivateKeyboardLayout
 0002:0000B774       ActiveDrag
 0001:00014AEC       ActiveX
 0001:000A6E58       ActnList
 0001:000379FC       AddAuthenticationToURL
 0001:00000474       AddBlockAfter
 0001:0006CDB4       AddCallerCallStack
 0001:00061108       AddColor
 0001:00058CBC       AddCustomHeadersToLog
 0001:00058B60       AddCustomHeaderToLog
 0002:000003FC       AddDataModule
 0001:0002C914       AddDNS
 0001:0000A3FC       AddExitProc
 0001:0001A380       AddFinished
 0001:000AA654       AddIn
 0002:00007690       AddLeak
 0001:000577D0       AddModule
 0001:000576CC       AddModuleFromFileName
 0001:00005884       AddModuleUnloadProc
 0001:00005874       AddModuleUnloadProc
 0001:00051698       AddNewProcess
 0001:00051A68       AddNewProcessEx
 0001:0001A3B8       AddNotFinished
 0001:0002AA10       AddrSize
 0001:000657BC       AddStr
 0001:0001ADDC       AddSubComponentsToLoaded
 0001:0001D1F0       AddThread
 0001:00057870       AddToStack
 0001:0003F8C8       AddValueField
 0001:0002D97C       AddZipFile
 0001:00078310       AdjustColor
 0001:00083688       AdjustColors
 0001:0005D148       AdjustDialog
 0001:0005A5CC       AdjustFlatStyle
 0001:0000A6C8       AdjustLineBreaks
 0001:0008BE44       AdjustLineBreaks
 0001:000B16F8       Adjustment
 0001:00006B2C       AdjustWindowRectEx
 0001:0002F180       adler32
 0001:00061CF4       AfterScreenshot
 0001:00061A10       AfterScreenshotToStream
 0002:00005CC4       Alignments
 0002:00005938       Alignments
 0002:00005C8C       Alignments
 0002:00005C4C       Alignments
 0002:00005F14       Alignments
 0002:00005CD4       Alignments
 0002:00005F04       Alignments
 0002:00005B90       AlignStyles
 0001:000B863C       AlignWork
 0001:0009D1BC       AlignWork
 0002:000076AC       AllocatedList_End
 0002:000076A4       AllocatedList_Lock
 0002:000076A8       AllocatedList_Start
 0001:0001EA48       AllocateHWnd
 0001:0000A3A0       AllocMem
 0002:000075B4       AllocMemCount
 0002:000075B8       AllocMemSize
 0001:0007D504       AllocPatternBitmap
 0001:00006110       AllocTlsBuffer
 0002:00003CDC       AlphaNumerics
 0002:00005CF0       AnchorAlign
 0002:00005CE4       AnimateWindowProc
 0002:00005DEC       AnimationStyle
 0001:0000F7B0       AnsiCompareFileName
 0001:0000A5D0       AnsiCompareStr
 0001:0000A608       AnsiCompareText
 0001:0000AF5C       AnsiLastChar
 0001:00006B34       AnsiLower
 0001:0000A59C       AnsiLowerCase
 0001:0000F830       AnsiLowerCaseFileName
 0001:0000F774       AnsiPos
 0001:000AEEDC       AnsiSameCaption
 0001:0000A640       AnsiSameText
 0001:0000A658       AnsiStrLIComp
 0001:0000F8BC       AnsiStrPos
 0001:0000F97C       AnsiStrRScan
 0001:0000F9C4       AnsiStrScan
 0001:00005EAC       AnsiToUtf8
 0001:0000CD70       AppendChars
 0001:0000D13C       AppendFormat
 0001:0000CDD4       AppendNumber
 0001:0000CDB4       AppendString
 0002:0000B7D8       Application
 0001:000BBE0C       ApplicationFreeze
 0002:0000040C       ApplicationHandleException
 0001:0005808C       ApplicationRestore
 0002:00000414       ApplicationShowException
 0002:00006040       AppVisible
 0001:00007F08       AreTheSameLeak
 0001:0005659C       ASMAssigned
 0002:00000EB4       AsmConst
 0001:000662A0       ASPDotNetWebSiteFile
 0001:0005BB68       AssemblerDialogProc
 0001:0004CFD8       AssemblerToRTF
 0001:0000EE38       AssertErrorHandler
 0002:00007024       AssertErrorProc
 0001:00014384       AssignLongStr
 0001:0005F628       AssignOnCloseData
 0001:0005957C       AssignPriority
 0001:0002A1C4       AssignValidDebugInfo
 0001:000148E8       AssignVariant
 0001:00062B6C       AttachedFile
 0001:00062DC8       AttachedFiles
 0002:0000A648       AttachedFilesRequest
 0001:0006894C       AttrToString
 0002:0000A7D0       AutoCloseTimer
 0001:00058A34       AutoCloseTimerProc
 0002:0000760C       avail
 0001:0000B460       BackfillGetDiskFreeSpaceEx
 0001:0009A6E4       BackgroundClipped
 0001:00010EB0       BackupVarBoolFromStr
 0001:00011010       BackupVarBStrFromBool
 0001:00010F30       BackupVarBStrFromCy
 0001:00010FA0       BackupVarBStrFromDate
 0001:00010E44       BackupVarCyFromStr
 0001:00010DD8       BackupVarDateFromStr
 0001:00010C94       BackupVarI4FromStr
 0001:00010C40       BackupVariantChangeTypeEx
 0001:00010D00       BackupVarR4FromStr
 0001:00010D6C       BackupVarR8FromStr
 0001:00035DB8       Base64Decode
 0001:00035E98       Base64DecodeStr
 0001:00035F00       Base64DecodeString
 0001:00035CFC       Base64Encode
 0001:00062710       Base64EncodeFromFile
 0001:00035E4C       Base64EncodeStr
 0001:00035EF8       Base64EncodeString
 0001:00035F08       Base64EncodeToString
 0001:0000F434       Beep
 0001:0001722C       BeginGlobalLoading
 0001:00006B3C       BeginPaint
 0001:00003E6C       BeginThread
 0001:0007831C       BetterSize
 0001:000AB4E8       BiDiDraw
 0001:00023D3C       BinToStr
 0001:0000688C       BitBlt
 0002:00005AE8       BitBtnCaptions
 0002:0000B6B8       BitBtnGlyphs
 0002:00005B14       BitBtnModalResults
 0002:00005ABC       BitBtnResNames
 0002:0000586C       BitmapCanvasList
 0002:0000B4CC       BitmapImageLock
 0001:00010C7C       BiUnimplemented
 0002:00000450       BlockCode
 0002:000075E4       blockDescBlockList
 0002:000075E8       blockDescFreeList
 0001:0006534C       BlockingSendInternetMessage
 0002:000000F4       BlockOverFoot
 0002:000000F0       BlockOverHead
 0002:00006048       bmp
 0002:000003F0       BooleanIdents
 0002:0000036C       BooleanToStringRule
 0001:0000AC68       BoolToStr
 0001:00012598       BoolToWStrViaOS
 0002:00005C44       BorderStyles
 0002:00005930       BorderStyles
 0001:000062E4       Bounds
 0001:000161EC       Bounds
 0002:00005EAC       Breaks
 0002:0000B504       BrushManager
 0001:000ADCBC       BuildImage
 0001:00051D00       BuildListPS
 0001:00051BC4       BuildListTH
 0002:00005904       ButtonCaptions
 0002:000058D8       ButtonNames
 0001:00086330       Buttons
 0002:00005F28       Buttons
 0002:00005CBC       ButtonStyles
 0002:00005000       ByteRegs1
 0002:00005004       ByteRegs2
 0001:00077AE8       BytesPerScanline
 0001:00061284       BytesPerScanline
 0001:00060CEC       BytesSwap
 0001:00077E4C       ByteSwapColors
 0001:0000F518       ByteToCharIndex
 0001:0000F4F0       ByteToCharLen
 0001:0000F4B4       ByteType
 0001:0000F43C       ByteTypeTest
 0002:0000B7C0       CachedComCtrlVer
 0002:0000A9C8       Cached_LogFile
 0001:00070C38       CalcAddr
 0001:00060D1C       CalcCRC
 0001:00035CC4       CalcDecodedSize
 0001:000547A4       CalcDuplicatedException
 0001:00035C98       CalcEncodedSize
 0001:0001E984       CalcJmpOffset
 0001:000A4EE0       CalcSplitterPos
 0001:0002AD98       CalculateRelocatedAsmSize
 0001:0005577C       CallAttachedFilesRequest
 0001:000557EC       CallAttachedFilesRequestEvents
 0001:00055920       CallCustomButtonClickEvent
 0001:0005598C       CallCustomButtonClickEvents
 0001:000556AC       CallCustomDataRequest
 0001:0005571C       CallCustomDataRequestEvents
 0001:00055850       CallCustomWebFieldsRequest
 0001:000558C0       CallCustomWebFieldsRequestEvents
 0001:00007488       CallerOfReallocMem
 0001:000553B0       CallExceptionActionNotify
 0001:00069264       CallExceptionActionNotify_atSavedLogFile
 0001:00069240       CallExceptionActionNotify_atSavingLogFile
 0001:00064148       CallExceptionActionNotify_atSendingEmail
 0001:00064190       CallExceptionActionNotify_atSendingWebMessage
 0001:0006416C       CallExceptionActionNotify_atSentEmail
 0001:000641B4       CallExceptionActionNotify_atSentWebMessage
 0001:000695E0       CallExceptionActionNotify_atShowedExceptionInfo
 0001:000695BC       CallExceptionActionNotify_atShowingExceptionInfo
 0001:0006060C       CallExceptionActionNotify_atTerminating
 0001:00055524       CallExceptionErrorNotify
 0001:00069288       CallExceptionErrorNotify_atSavedLogFile
 0001:000641D8       CallExceptionErrorNotify_atSentEmail
 0001:000641FC       CallExceptionErrorNotify_atSentWebMessage
 0001:000551B8       CallExceptionNotify
 0001:00055224       CallExceptionNotifyEvents
 0002:00005020       CallForGetLogText
 0002:0000501C       CallFromCOMObject
 0001:00055288       CallHandledExceptionNotify
 0001:000552F4       CallHandledExceptionNotifyEvents
 0001:00055728       CallModuleEvent_AttachedFilesRequest
 0001:000558CC       CallModuleEvent_CustomButtonClickNotify
 0001:00055658       CallModuleEvent_CustomDataRequest
 0001:000557F8       CallModuleEvent_CustomWebFieldsRequest
 0001:00055300       CallModuleEvent_ExceptionActionNotify
 0001:00055478       CallModuleEvent_ExceptionErrorNotify
 0001:00055168       CallModuleEvent_ExceptionNotify
 0001:00055230       CallModuleEvent_HandledExceptionNotify
 0001:00055998       CallModuleEvent_PasswordRequest
 0001:00006B44       CallNextHookEx
 0001:000555EC       CallPasswordRequest
 0001:00057C8C       CallStackByAddresses
 0001:0005C080       CallStackDialogProc
 0001:0001009C       CallTerminateProcs
 0001:00006B4C       CallWindowProc
 0001:00069604       CallWriteIntraWebText
 0001:0006F6FC       Call_HookedExceptionObject
 0001:0006F458       Call_HookedRaise
 0001:0006F728       Call_HookedRtlUnwind
 0001:00060874       CalsCoordinates
 0002:0000A786       CanAttachScreenshot
 0002:0000A781       CanAttachScreenshot_Show
 0001:00098B88       CancelDrag
 0002:0000A787       CanCopy
 0002:0000A782       CanCopy_Show
 0001:00056368       CanExit
 0002:0000A749       CanHookLibraries
 0002:00005520       CannotProcessMessagesExceptions
 0002:0000556C       CannotShowDialog
 0002:0000A94C       CannotUseThread
 0001:0006CE28       CanPauseThisThread
 0002:0000A780       CanSendError_Show
 0002:0000A784       CanSendMessage
 0001:00070AE0       CanShowHandledExceptionEx
 0002:0000A783       CanSupport_Show
 0002:0000B788       CanvasList
 0002:0000B508       CanvasList
 0002:0000A9F8       CaptionFontName
 0002:000058C4       Captions
 0002:0000AC34       CAPTION_HEIGHT
 0002:00005DA8       CaptureControl
 0002:00002068       cBase64Codec
 0002:00002028       cBase64Codec
 0002:00005E4C       cBooleanToItemAutoFlag
 0001:0005A00C       CenterOnActiveWndMonitor
 0001:000589B8       CenterWindow
 0002:0000B6A6       CF_COMPONENT
 0002:0000B6A4       CF_PICTURE
 0002:0000A704       CGIHandleException
 0002:0000A6B0       CGIOutputFile
 0002:0000786C       ChangeAnyProc
 0001:00097108       ChangeBiDiModeAlignment
 0001:0000AFE4       ChangeFileExt
 0001:00072E6C       ChangeFinalizationOrder
 0001:0005F59C       ChangeLogUserEmail
 0002:00005C6C       CharCases
 0001:00003FD8       CharFromWChar
 0001:0000F6FC       CharLength
 0001:00006B54       CharLowerBuff
 0001:00006B5C       CharNext
 0001:0000026C       CharNext
 0002:00003D20       chars
 0001:0007639C       CharsetToIdent
 0001:0000F604       CharToByteIndex
 0001:0000F668       CharToByteLen
 0001:00006B64       CharToOemA
 0001:00078900       CheckBool
 0001:00073798       CheckCrc32
 0001:00022DF0       CheckDirectoryExists
 0001:00037968       CheckError
 0001:0002B45C       CheckFail
 0001:00072B50       CheckForMemoryLeaks
 0001:00053380       CheckForResult
 0001:00022BD0       CheckIntoIDE
 0001:000033F4       CheckJmp
 0001:0002D314       CheckLibrary
 0001:0004BDEC       CheckMagicCode
 0001:00006B6C       CheckMenuItem
 0001:00007C04       CheckOurPointer
 0002:00005E9C       Checks
 0001:0001AE18       CheckSubComponents
 0001:0001D208       CheckSynchronize
 0001:000B1134       CheckTaskWindow
 0001:0009883C       CheckUndock
 0001:0000F328       CheckWin32Version
 0002:00000370       CInvalidCustomVariantType
 0002:00005E50       cItemAutoFlagToBoolean
 0002:00005E48       cItemAutoFlagToMenu
 0001:0001EBD4       Classes
 0001:00016C98       ClassNotFound
 0002:00007868       ClearAnyProc
 0001:00075C1C       ClearColor
 0001:0004FF24       ClearInternalError
 0001:000138F0       ClearVariantTypeList
 0002:0000AB9D       ClickLinkActive
 0001:00042D94       ClickOnSign
 0001:00006B74       ClientToScreen
 0001:000A2484       ClientToWindow
 0002:00005864       ClipboardFormats
 0001:00083F08       Clipbrd
 0001:0004E408       CloneObject
 0001:00006B7C       CloseClipboard
 0001:0000645C       CloseHandle
 0001:0000020C       CloseHandle
 0001:00054788       CloseLogFile
 0001:0007F35C       ClosePrinter
 0001:00062A90       CloseSendDialog
 0001:0002A36C       closesocket
 0002:0000B5A8       CloseThemeData
 0001:0002DB40       CloseZipFile
 0002:0000A70C       CLXHandleException
 0002:0000A710       CLXShowException
 0002:00007040       CmdLine
 0002:0000703C       CmdShow
 0002:00005E44       cMenuAutoFlagToItem
 0001:00010C88       CmpUnimplemented
 0002:00005594       ColIdx
 0002:000055E4       Colors
 0001:00076194       ColorToIdent
 0002:00005944       ColorToPretyName
 0001:00076184       ColorToRGB
 0002:0000ABD0       ColWidths
 0001:00006894       CombineRgn
 0002:0000B51C       ComCtl32DLL
 0002:0000B710       ComCtlVersion
 0001:0008D114       ComCtrls
 0002:0000B7D4       CommandPool
 0001:0007DB9C       CommCtrl
 0001:0008136C       CommDlg
 0001:000007F4       Commit
 0002:00007628       committedRoot
 0001:00061954       CommonSaveToStream
 0001:0005687C       CompareEurekaFunctions
 0001:000A9C38       CompareFront
 0001:0000A504       CompareMem
 0001:00051160       CompareModulesFunctions
 0001:000514EC       CompareProcessesFunctions
 0001:0000A4D4       CompareStr
 0001:00006464       CompareString
 0001:0000A524       CompareText
 0001:0000AB90       CompareWith
 0001:000676F4       CompleteIP
 0001:0003974C       CompleteNumber
 0001:0004C5C0       CompleteStr
 0001:0003EAE4       CompleteStr
 0001:000689A0       CompleteString
 0001:00021880       CompleteVersion
 0001:0001AEF8       ComponentCreated
 0001:00034F3C       Compress
 0001:0002F53C       compressBound
 0001:000786C0       ComputeAldusChecksum
 0001:000257B8       ComputerName
 0001:0004DEB4       ComputerName
 0001:00083EC4       ComStrs
 0001:0002A374       connect
 0001:000748A8       Consts
 0001:0007DA04       Contnrs
 0002:0000B746       ControlAtom
 0002:0000B74C       ControlAtomString
 0001:000B5EE0       ControlHasHelp
 0001:000A5B60       Controls
 0002:00005B74       ConversionFormatList
 0001:0000E860       ConvertAddr
 0001:00007770       ConvertAddress
 0001:00022480       ConvertAddress
 0001:0000CEC8       ConvertEraString
 0001:0000A364       ConvertError
 0001:0000A37C       ConvertErrorFmt
 0001:0003E1D0       ConvertNotDosText
 0001:00036404       ConvertSpecialHTMLChars
 0001:0000D034       ConvertYearString
 0001:000050E4       CopyArray
 0001:0007AA84       CopyBitmap
 0001:0007B14C       CopyBitmapAsMask
 0001:0000689C       CopyEnhMetaFile
 0001:000860E0       CopyImage
 0001:00007104       CopyMemory
 0001:0007B0E8       CopyPalette
 0001:00006B84       CopyRect
 0002:00005BE0       Copyright
 0001:00055CB0       CopyStrings
 0001:000ACD68       CopyToBest
 0001:00008624       CountAllLeaks
 0001:0000F574       CountChars
 0002:0000B4E4       CounterLock
 0001:0005CF1C       CPUDialogProc
 0001:0004D374       CPUToRTF
 0002:00000374       CRangeToType
 0002:00001E14       Crc16Tab
 0001:0002F694       crc32
 0002:0000A1B4       crc_table
 0002:00002014       crc_table_computed
 0001:00061498       Create8bitBitmap
 0001:0000ED7C       CreateAssertException
 0001:0000EF04       CreateAVObject
 0001:000068A4       CreateBitmap
 0001:000068AC       CreateBrushIndirect
 0001:000068B4       CreateCompatibleBitmap
 0001:000068BC       CreateCompatibleDC
 0001:0001AF78       CreateComponent
 0001:000068C4       CreateDC
 0001:00007278       CreateDialogA
 0001:0005864C       CreateDialogFonts
 0001:00006B8C       CreateDialogParamA
 0001:000068D4       CreateDIBitmap
 0001:000068CC       CreateDIBSection
 0001:0000B558       CreateDir
 0001:0000646C       CreateDirectory
 0001:00006474       CreateEvent
 0001:00059834       CreateExceptionReport
 0001:0000647C       CreateFile
 0001:00000214       CreateFileA
 0001:00006484       CreateFileA
 0001:0000648C       CreateFileMapping
 0001:000068DC       CreateFontA
 0001:000068E4       CreateFontIndirect
 0001:000068EC       CreateFontIndirectA
 0001:00069610       CreateGeneralText
 0001:000068F4       CreateHalftonePalette
 0001:00052740       CreateHTMLByLayout
 0001:00054D90       CreateHTMLFile
 0001:000068FC       CreateIC
 0001:00006B94       CreateIcon
 0001:0000ECA8       CreateInOutError
 0001:00059B80       CreateLeakReport
 0001:0006A7D8       CreateLogText
 0001:00006B9C       CreateMenu
 0001:0002CD48       CreateMXQuery
 0001:000610A4       CreateOctreeNode
 0001:00006904       CreatePalette
 0001:0000690C       CreatePenIndirect
 0001:00006BA4       CreatePopupMenu
 0001:00006494       CreateProcessA
 0001:00006914       CreateRectRgn
 0001:0000691C       CreateRectRgnIndirect
 0001:00006924       CreateSolidBrush
 0001:00077EA4       CreateSystemPalette
 0001:00052B18       CreateTemplateFile
 0001:0000649C       CreateThread
 0001:00000274       CreateThread
 0001:00059D20       CreateThreadStr
 0001:00063C48       CreateTmpLogFile
 0001:0004EA48       CreateVirtualFile
 0001:00007220       CreateWindow
 0001:000071C8       CreateWindowEx
 0001:00054E5C       CreateXMLLogCopy
 0001:00064220       CreateZIPFile
 0001:0002D8E8       CreateZipFile
 0001:00072028       Create_EurekaLogUnitsList
 0002:000058BC       CreationControl
 0002:00005CE8       CreationControl
 0002:000003DC       CRelationshipToBoolean
 0002:00000358       CResult
 0002:00000D84       CriticalError
 0002:00005544       CriticalExceptObject
 0002:00000180       cSimpleBoolStrs
 0002:00000388       CText
 0002:00005DE4       Ctl3DStyles
 0002:00007620       curAlloc
 0002:000076DC       CurrencyDecimals
 0002:000076D8       CurrencyFormat
 0002:000076D4       CurrencyString
 0002:0000A738       CurrentAsmErrorLine
 0002:0000A740       CurrentAsmErrorText
 0002:0000A744       CurrentCPUErrorText
 0002:0000A7D4       CurrentDialog
 0001:00070CAC       CurrentEurekaLogOptions
 0002:0000A73C       CurrentGeneralErrorText
 0002:0000A6AC       CurrentOptions
 0002:0000A7EC       CurrentProcessWindowsList
 0002:00005530       CurrentStackList
 0001:0000CD5C       CurrentYear
 0001:0000C700       CurrToStr
 0001:00012528       CurrToWStrViaOS
 0002:00005FC4       CursorMap
 0002:00005CF8       Cursors
 0001:00097428       CursorToIdent
 0002:00005FB4       cUseAlpha
 0002:00005FBC       cUseColorKey
 0002:0000A650       CustomButtonClickNotify
 0002:0000A644       CustomDataRequest
 0001:000BBC90       CustomException
 0002:0000A770       CustomExceptMessage
 0001:00072BE4       CustomHandler
 0002:0000A64C       CustomWebFieldsRequest
 0002:0000A5B8       CV
 0001:0000A8D4       CvtInt
 0001:0000A940       CvtInt64
 0002:000001C0       CWNear
 0001:0000CCAC       Date
 0002:000076DD       DateSeparator
 0001:0000D9A0       DateTimeToStr
 0001:0000D914       DateTimeToString
 0001:0000C818       DateTimeToTimeStamp
 0001:0000D970       DateToStr
 0001:00012560       DateToWStrViaOS
 0001:0000CC84       DayOfWeek
 0002:0000A7E8       DbgSection
 0002:000001BC       DCon10
 0002:000055E0       DDBsOnly
 0001:0001EAFC       DeallocateHWnd
 0002:0000002C       DebugHook
 0002:0000A928       DebugHook_Assigned
 0001:0006580C       DebugToStr
 0002:000076DB       DecimalSeparator
 0001:0000CBF4       DecodeDate
 0001:0000CAA4       DecodeDateFully
 0001:00027668       DecodeNameString
 0001:0000C90C       DecodeTime
 0001:000008B4       Decommit
 0001:00000FE0       DecommitFree
 0002:000075FC       decommittedRoot
 0001:00035B90       Decrypt
 0001:000B9278       Default
 0001:000B3B60       Default
 0002:00000024       Default8087CW
 0002:00005CEC       DefaultDockTreeClass
 0002:00000038       DefaultTextLineBreakStyle
 0002:000075C0       DefaultUserCodePage
 0002:00005834       DefBrushData
 0002:000055B4       DefFontData
 0001:00006BAC       DefFrameProc
 0001:000304CC       deflate
 0001:00030790       deflateEnd
 0001:0002FEE0       deflateInit_
 0002:0000024C       DefLongDayNames
 0002:00000200       DefLongMonthNames
 0001:00006BB4       DefMDIChildProc
 0002:00005814       DefPenData
 0002:00000230       DefShortDayNames
 0002:000001D0       DefShortMonthNames
 0001:00006BBC       DefWindowProc
 0001:00006BC4       DefWindowProcA
 0001:0000535C       DelayLoadResourceModule
 0001:000004D0       DeleteBlock
 0001:000003E0       DeleteCriticalSection
 0001:000064A4       DeleteCriticalSection
 0001:0000692C       DeleteDC
 0001:00006934       DeleteEnhMetaFile
 0001:0006438C       DeleteExtraFiles
 0001:0000AF44       DeleteFile
 0001:000064AC       DeleteFile
 0001:000064B4       DeleteFileA
 0001:000510EC       DeleteFileEx
 0001:00000DC8       DeleteFree
 0001:00006BCC       DeleteMenu
 0001:0000693C       DeleteObject
 0001:00060FB0       DeleteTree
 0001:0004EBB4       DeleteVirtualFile
 0001:0007A640       DeselectBitmap
 0001:00006BD4       DestroyCursor
 0001:00058894       DestroyDialogFonts
 0001:00006BDC       DestroyIcon
 0001:000861F0       DestroyLocals
 0001:00006BE4       DestroyMenu
 0001:00006BEC       DestroyWindow
 0002:0000AC10       DetailsActive
 0001:0005A60C       DetailsState
 0001:00006BF4       DialogBoxParamA
 0001:000949B0       DialogEnumerationTester
 0002:0000AC1C       DialogHeight
 0001:000819DC       Dialogs
 0002:0000A938       DialogType
 0002:00005870       DIBPalSizes
 0002:000000C0       dig
 0002:00000D88       Digits
 0001:00052AF4       DirectoryExists
 0001:00009130       DisableMemoryLeaksCheck
 0001:000B0F70       DisableTaskWindows
 0001:00006BFC       DispatchMessage
 0001:000B71C0       DispatchShortCut
 0002:00007000       DispCallByIDProc
 0001:000BBC38       DivByZero
 0001:0000A348       DivMod
 0001:000813A4       Dlgs
 0001:00058304       DlgTemplate
 0001:000BBD38       DLLError
 0002:0000790C       DllList
 0001:000B84F0       DoAlign
 0001:0009D04C       DoAlign
 0001:000A1144       DoCalcConstraints
 0002:0000B77C       DockSiteList
 0001:000AD988       DoClick
 0001:0009E790       DoControlMsg
 0001:0007F364       DocumentProperties
 0001:000B0F20       DoDisableWindow
 0001:00098168       DoDragOver
 0001:0000A3C0       DoExitProc
 0001:000A31B4       DoFindControlZone
 0001:000B1074       DoFindWindow
 0001:000A3740       DoFindZone
 0001:000A3238       DoForEach
 0001:000A4B44       DoGetNextLimit
 0001:0002D1A4       Done
 0001:0002B950       Done
 0001:00025AF4       Done
 0001:0000931C       Done
 0001:000740C4       Done
 0001:000B0EE8       DoneApplication
 0001:00071CF8       DoneCheckFreeze
 0001:000A58A4       DoneControls
 0002:0000A700       DoneExcept
 0001:00072E20       DoneExceptAddr
 0001:0000F238       DoneExceptions
 0001:00037444       DoneLib
 0001:00008EBC       DoneShareMem
 0001:000B553C       DoNestedActivation
 0001:0001D1A4       DoneThreadSynchronization
 0001:000BA63C       DoOnHelp
 0001:0009CC0C       DoPosition
 0001:000B8340       DoPosition
 0001:000A416C       DoPrune
 0001:00082B48       DoRect
 0001:000A4644       DoSaveZone
 0001:000A4848       DoSetNewBounds
 0001:0002201C       DotNetHostedFile
 0001:000662F8       DotNetHostedFileHandle
 0001:000662AC       DotNetMainFile
 0002:00005554       DotNetMetadataFile
 0002:00005574       Dots
 0002:000003F8       DotSep
 0001:000A8298       DoWrite
 0001:00018174       DoWrite
 0001:0007975C       DoWrite
 0001:00078B58       DoWrite
 0001:0009DD78       DoWriteDesignSize
 0001:0009B7E4       DoWriteIsControl
 0002:0000B760       DragCapture
 0002:0000B754       DragControl
 0001:000988B0       DragDone
 0001:00098118       DragFindTarget
 0001:000980EC       DragFindWindow
 0002:0000B778       DragImageList
 0001:00098508       DragInit
 0001:00098678       DragInitControl
 0002:0000B75C       DragInternalObject
 0001:00098034       DragMessage
 0002:0000B758       DragObject
 0002:0000B784       DragSave
 0002:0000B76C       DragSaveCursor
 0002:0000B764       DragStartPos
 0002:0000B770       DragThreshold
 0001:00098238       DragTo
 0001:000B92B4       DrawAppIcon
 0001:00042558       DrawBmp
 0001:00043104       DrawBottom
 0001:0005F4F0       DrawButton
 0001:0005F384       DrawClickHere
 0001:000A3CD8       DrawCloseButton
 0001:0005F2FC       DrawControl
 0001:00006C04       DrawEdge
 0001:00006C0C       DrawFocusRect
 0001:00043090       DrawFrame
 0001:00006C14       DrawFrameControl
 0001:000A3D30       DrawGrabberLine
 0001:00006C1C       DrawIcon
 0001:00006C24       DrawIconEx
 0002:00005E20       DrawingStyles
 0001:000431AC       DrawItem
 0001:00043158       DrawLine
 0001:00006C2C       DrawMenuBar
 0001:000AECF8       DrawMenuItem
 0001:0005D4D8       DrawSupportLink
 0001:00006C34       DrawText
 0001:00006C3C       DrawTextA
 0002:0000B5AC       DrawThemeBackground
 0002:0000B5D0       DrawThemeEdge
 0002:0000B5D4       DrawThemeIcon
 0002:0000B658       DrawThemeParentBackground
 0002:0000B5B0       DrawThemeText
 0001:00077968       DupBits
 0002:0000A788       DuplicatedException
 0001:000064BC       DuplicateHandle
 0001:000050FC       DynArrayClear
 0001:00005104       DynArraySetLength
 0001:00035F6C       EBase64
 0001:000215DC       EConsts
 0001:00025B4C       ECore
 0001:0002A324       EDebug
 0002:00005F0C       EdgeStyle
 0002:00005DD4       EdgeStyles
 0001:0004ABA8       EDisAsm
 0001:00035C90       EEncrypt
 0001:00035930       EHash
 0001:0000EC7C       EHeapException.FreeInstance
 0001:0002BA64       EHook
 0001:0003E774       ElaborateString
 0001:00037C28       ElaborateURL
 0001:00037D90       ElaborateWebPage
 0001:0002BB74       ELang
 0001:000093DC       ELeaks
 0001:00043774       EListView
 0001:00042480       ELogManager
 0002:00005C88       Empty
 0002:00005BC4       Empty
 0001:00006C44       EmptyClipboard
 0002:00007854       EmptyParam
 0002:00000104       EmptyStr
 0002:00000108       EmptyWideStr
 0002:00000484       EMsgs
 0001:00008FA4       EnableMemoryLeaksCheck
 0001:00006C4C       EnableMenuItem
 0002:00005EA4       Enables
 0001:00006C54       EnableScrollBar
 0001:000B1024       EnableTaskWindows
 0002:0000B640       EnableThemeDialogTexture
 0002:0000B65C       EnableTheming
 0001:00006C5C       EnableWindow
 0001:00060ED4       Encode
 0001:0000CA74       EncodeDate
 0002:00003CFC       EncodedChars
 0001:0000C8CC       EncodeTime
 0001:00063DAC       EncodeURL
 0001:00006C64       EndDialog
 0001:00006944       EndDoc
 0001:000172B4       EndGlobalLoading
 0001:0000694C       EndPage
 0001:00006C6C       EndPaint
 0001:00003EB0       EndThread
 0001:000003D0       EnterCriticalSection
 0001:000064C4       EnterCriticalSection
 0001:000064CC       EnumCalendarInfoA
 0002:0000B540       EnumDisplayMonitors
 0001:0000E4D4       EnumEraNames
 0001:0000E510       EnumEraYearOffsets
 0001:000B4124       EnumMonitorsProc
 0001:0007F36C       EnumPrinters
 0001:000064D4       EnumSystemLocalesA
 0001:00006C74       EnumThreadWindows
 0001:0001A728       EnumValue
 0001:00006C7C       EnumWindows
 0001:000501CC       EnumWindowsProc
 0001:0005043C       EnumWindowsProc
 0001:00050328       EnumWindowsProc
 0001:00050270       EnumWindowsProc
 0001:00026B8C       Eof
 0002:00003D1C       EOFLine
 0001:00006C84       EqualRect
 0002:000077A4       EraNames
 0001:0000DC2C       EraToYear
 0002:000077C0       EraYearOffsets
 0002:00000098       errCaption
 0001:00061DC0       Error
 0001:00008D84       Error
 0001:00019F0C       Error
 0001:000A9988       Error
 0001:0001683C       Error
 0001:000BBEE8       Error
 0001:00001C70       Error
 0002:00000004       ErrorAddr
 0001:00001C24       ErrorAt
 0001:0000ED28       ErrorHandler
 0002:00000268       ErrorMap
 0002:00007008       ErrorProc
 0002:000073E8       ErrOutput
 0002:00000C5C       EShowOptions
 0001:0002D204       ESockets
 0001:0001EC98       ETypes
 0002:0000047C       EurekaLogCurrentVersion
 0002:0000A7A4       EurekaLogList
 0001:00062668       EurekaLogSendEmail
 0002:00005028       EurekaLogUnits
 0002:0000A7C8       EurekaLogUnitsList
 0001:0005617C       EurekaLog_AttachedFilesRequestEvent
 0001:0006FDE8       EurekaLog_CallCreateThread
 0001:0006F568       EurekaLog_CallExceptObject
 0001:0006FF2C       EurekaLog_CallExitThread
 0001:0006F3E4       EurekaLog_CallGeneralRaise
 0001:0006FE88       EurekaLog_CallResumeThread
 0001:000562C4       EurekaLog_CustomButtonClickEvent
 0001:000560D8       EurekaLog_CustomDataRequestEventEx
 0001:00056220       EurekaLog_CustomWebFieldsRequestEvent
 0001:00055F90       EurekaLog_ExceptionActionNotifyEvent
 0001:00056034       EurekaLog_ExceptionErrorNotifyEvent
 0001:00055E48       EurekaLog_ExceptionNotifyEvent
 0001:00055EEC       EurekaLog_HandledExceptionNotifyEvent
 0001:0006FDE0       EurekaLog_LastDelphiException
 0001:00055D34       EurekaLog_PasswordRequestEvent
 0001:00055D78       EurekaLog_PasswordRequestEventEx
 0002:000009E4       EVals
 0002:00000D1C       EVariablesOptions
 0001:0003DADC       EWebTools
 0001:00001B98       ExceptAddr
 0002:0000700C       ExceptClsProc
 0001:0000F1A4       ExceptHandler
 0001:0000EAF0       Exception.Create
 0001:0000EB2C       Exception.CreateFmt
 0001:0000EBAC       Exception.CreateRes
 0001:0000EBE8       Exception.CreateResFmt
 0002:0000A638       ExceptionActionNotify
 0002:0000701C       ExceptionClass
 0002:0000A680       ExceptionCriticalSection
 0001:0000E86C       ExceptionErrorMessage
 0002:0000A63C       ExceptionErrorNotify
 0001:0004F4C8       ExceptionLine
 0001:00074530       ExceptionLog
 0001:00070FDC       ExceptionManager
 0002:0000A630       ExceptionNotify
 0002:0000A6B8       ExceptionNumber
 0002:0000A7DC       ExceptionsTime
 0002:0000A7E0       ExceptionTime
 0001:00053080       ExceptionTypeByAddr
 0002:000002A0       ExceptMap
 0001:0006EA7C       ExceptNotify
 0001:00065634       ExceptNotifyAfter1
 0001:00065730       ExceptNotifyAfter2
 0001:00065744       ExceptNotifyAfter3
 0001:00001B78       ExceptObject
 0002:00007010       ExceptObjProc
 0002:00007004       ExceptProc
 0001:00006954       ExcludeClipRect
 0001:00022D64       ExcludeLastBackslash
 0002:00000000       ExitCode
 0001:00003C60       ExitDll
 0002:00007048       ExitProc
 0001:00000284       ExitProcess
 0002:00007028       ExitProcessProc
 0002:0000017C       ExitProcList
 0001:000064DC       ExitThread
 0001:0000027C       ExitThread
 0001:0003E084       EXMLBuilder
 0001:00021F30       ExpandEnvVars
 0001:0000B1C0       ExpandFileName
 0001:00056948       ExportedFunctions
 0001:0008651C       ExtActns
 0001:00083E0C       ExtCtrls
 0001:00086388       ExtDlgs
 0001:0005431C       ExtractDebugData
 0001:0000B0AC       ExtractFileDrive
 0001:0000B178       ExtractFileExt
 0001:00007414       ExtractFileName
 0001:0000B140       ExtractFileName
 0001:0000B078       ExtractFilePath
 0001:0000B1FC       ExtractFilePathNoDrive
 0001:000714C8       ExtractGZipStream
 0001:00021AF4       ExtractList
 0001:0000B290       ExtractRelativePath
 0001:00053E44       ExtractStr
 0001:00022954       ExtractStringsEx
 0001:00059664       ExtractThreadByList
 0001:0003FDE4       ExtractValue
 0001:000360C0       EZip
 0001:00034E2C       EZlib2
 0002:0000A9D4       fActive
 0002:00005568       fActivePage
 0002:000077E0       FalseBoolStrs
 0002:0000A9F0       fBigFont
 0002:0000A9D8       fCaptionFont
 0002:0000B6AC       FClipboard
 0002:000001B0       FCon1E18
 0002:0000A9CC       fDlgBack
 0001:00068D10       FetchStr
 0001:0007F474       FetchStr
 0002:0000A9E0       fFixedFont1
 0002:0000A9E4       fFixedFont2
 0001:0000ADD0       FileAge
 0001:0000ADC8       FileClose
 0001:0000AD30       FileCreate
 0001:0000AD0C       FileCreate
 0001:0000B4E0       FileDateToDateTime
 0001:0000AE38       FileExists
 0002:00005868       FileFormats
 0002:0000000C       FileMode
 0001:0000214C       FileNOPProc
 0001:0000ACB4       FileOpen
 0001:0000AD38       FileRead
 0002:00000424       FilerSignature
 0001:0000AD90       FileSeek
 0001:000064E4       FileTimeToDosDateTime
 0001:000064EC       FileTimeToLocalFileTime
 0001:0000AD64       FileWrite
 0001:00000F00       FillAfterGap
 0001:00054FE8       FillAttachedList
 0001:00000EA0       FillBeforeGap
 0001:00000FA0       FillerSizeAfterGap
 0001:00000F28       FillerSizeBeforeGap
 0001:00006C8C       FillRect
 0001:000515A8       FillThreadsCount
 0001:00014A64       Finalization
 0001:0002A288       Finalization
 0001:0003E054       Finalization
 0001:0007D71C       Finalization
 0001:00035C60       Finalization
 0001:00035F3C       Finalization
 0001:0007D53C       Finalization
 0001:0002A334       Finalization
 0001:0003DA8C       Finalization
 0001:00086474       Finalization
 0001:0008D09C       Finalization
 0001:000BC874       Finalization
 0001:00086524       Finalization
 0001:0007DB6C       Finalization
 0001:000113DC       Finalization
 0001:0004AB0C       Finalization
 0001:000AEFD8       Finalization
 0001:00013D3C       Finalization
 0001:000BC83C       Finalization
 0001:00006300       Finalization
 0001:0002D1AC       Finalization
 0001:000093A4       Finalization
 0001:00025AF8       Finalization
 0001:0008DD74       Finalization
 0001:00086410       Finalization
 0001:0007E2EC       Finalization
 0001:0007E32C       Finalization
 0001:00081374       Finalization
 0001:000863A8       Finalization
 0001:0007F314       Finalization
 0001:0002BA10       Finalization
 0001:00086358       Finalization
 0001:0008133C       Finalization
 0001:000862F8       Finalization
 0001:00036090       Finalization
 0001:00074380       Finalization
 0001:0002A3D4       Finalization
 0001:00081304       Finalization
 0001:00035900       Finalization
 0001:0007F37C       Finalization
 0001:00043744       Finalization
 0001:000812CC       Finalization
 0001:00034DFC       Finalization
 0001:00083F60       Finalization
 0001:00074878       Finalization
 0001:00081294       Finalization
 0001:00080328       Finalization
 0001:00021558       Finalization
 0001:00083ECC       Finalization
 0001:0002BB44       Finalization
 0001:00010BE8       Finalization
 0001:000096F0       Finalization
 0001:00083E94       Finalization
 0001:000109E8       Finalization
 0001:000061F8       Finalization
 0001:0008125C       Finalization
 0001:00093E3C       Finalization
 0001:00005FC8       Finalization
 0001:000BB640       Finalization
 0001:00081224       Finalization
 0001:000811EC       Finalization
 0001:0008117C       Finalization
 0001:00042444       Finalization
 0001:000A5AF8       Finalization
 0001:000864CC       Finalization
 0001:00094C28       Finalization
 0001:000A89E8       Finalization
 0001:0008064C       Finalization
 0001:0001EB24       Finalization
 0001:00014ABC       Finalization
 0001:0001EC68       Finalization
 0001:00083DC4       Finalization
 0001:000807F8       Finalization
 0001:00013F58       Finalization
 0001:00081980       Finalization
 0001:00007388       Finalization
 0001:00093FA4       Finalization
 0001:000A6E28       Finalization
 0001:0007D9D4       Finalization
 0002:00007684       FinalizationProc
 0001:000050F4       FinalizeArray
 0001:00003A74       FinalizeUnits
 0001:000AD748       Find
 0001:000053EC       FindBS
 0001:00016D58       FindClass
 0001:00005354       FindClassHInstance
 0001:00000294       FindClose
 0001:0000AF28       FindClose
 0001:000064F4       FindClose
 0001:00000E5C       FindCommitted
 0001:00097208       FindControl
 0001:000A396C       FindControlAtPos
 0001:00013B94       FindCustomVariantType
 0001:00013C4C       FindCustomVariantType
 0001:00098BD4       FindDragTarget
 0001:00063BC8       FindEOFLine
 0001:00037858       FindErrorMessage
 0001:00069560       FindException
 0001:0001B128       FindExistingComponent
 0001:0000AEB4       FindFirst
 0001:0000029C       FindFirstFile
 0001:000064FC       FindFirstFile
 0001:00006504       FindFirstFileA
 0001:00051850       FindFullPath
 0001:00054254       FindFunction
 0001:00017144       FindGlobalComponent
 0001:000B1180       FindGlobalComponent
 0002:000078B8       FindGlobalComponentProcs
 0001:0004BE00       FindHandled
 0001:0000532C       FindHInstance
 0001:00016FEC       FindIdentToInt
 0001:00007FFC       FindLeakAddress
 0001:00008260       FindLeakClassName
 0001:00007F2C       FindLeakSons
 0001:000736D4       FindMainInstance
 0001:0000AE48       FindMatchingFile
 0001:000508B0       FindModuleType
 0002:0000B698       FindMsg
 0001:0001A2B8       FindNestedComponent
 0001:0000AF04       FindNext
 0001:0000650C       FindNextFile
 0001:00007E78       FindNextValidLeak
 0001:00026D04       FindParam
 0001:000A9950       FindPopupControl
 0001:000110A4       FindProc
 0001:000514F4       FindProcess
 0001:00006514       FindResource
 0001:0000651C       FindResourceA
 0001:000053A4       FindResourceHInstance
 0001:000BAE70       FindScanline
 0001:00036FB4       FindSelected
 0001:000B10D8       FindTopMostWindow
 0001:0001C00C       FindUniqueName
 0001:00098BA0       FindVCLWindow
 0001:00006C94       FindWindow
 0001:00094A08       FindWinHelp
 0001:0004BDB8       FirstProc
 0002:0000A9FC       FixedFontName1
 0002:0000AA00       FixedFontName2
 0002:0000A9F4       FixedFontSize
 0002:0000AC38       FixedTmpOptionsFile
 0001:0007AA38       FixupBitFields
 0002:00005F1C       Flags
 0002:000077F0       FLanguages
 0001:0008067C       FlatSB
 0002:0000B56C       FlatSB_EnableScrollBar
 0002:0000B578       FlatSB_GetScrollInfo
 0002:0000B57C       FlatSB_GetScrollPos
 0002:0000B574       FlatSB_GetScrollRange
 0002:0000B584       FlatSB_SetScrollInfo
 0002:0000B580       FlatSB_SetScrollPos
 0001:0008036C       FlatSB_SetScrollProp
 0002:0000B588       FlatSB_SetScrollRange
 0002:0000B570       FlatSB_ShowScrollBar
 0002:0000A9E8       fLinkFont
 0002:0000A9EC       fLinkFont2
 0002:0000AB78       fListViewItems
 0002:00004700       FloatingPointOpcodes
 0001:0000C390       FloatToDecimal
 0001:0000C6D0       FloatToStr
 0001:0000BDC8       FloatToText
 0001:0000C09C       FloatToTextFmt
 0001:000023B0       Flush
 0001:00006524       FlushInstructionCache
 0002:0000A9D0       fMemoBack
 0002:0000AB58       fMonitor
 0002:0000AB60       fMonitorInfo
 0002:000001C4       FMSecsPerDay
 0001:0000BCBC       FmtStr
 0002:00005F38       FocusCount
 0002:00005F34       FocusMessages
 0002:00005784       FontCharsets
 0002:0000B4FC       FontManager
 0001:00070F28       ForceApplicationTermination
 0001:00022E14       ForceDirectoriesEx
 0001:000B1154       ForegroundTask
 0002:000001CC       Format
 0001:0000BCA8       Format
 0001:0000B898       FormatBuf
 0001:0000B88C       FormatClearStr
 0001:00069180       FormatComplete
 0001:0000D9B4       FormatDateTime
 0001:0000B810       FormatError
 0002:000001A8       FormatErrorStrs
 0001:0000C730       FormatFloat
 0001:0000652C       FormatMessage
 0001:00029C44       FormatProcName
 0001:0000B868       FormatVarToStr
 0001:000BB69C       Forms
 0001:00002B0C       FPower10
 0002:000058B8       FPrinter
 0001:00082C0C       Frame3D
 0001:00006C9C       FrameRect
 0001:000085E4       FreeAllLeaks
 0001:000105C8       FreeAndNil
 0001:0004E43C       FreeClonedObject
 0001:00000B5C       FreeCommitted
 0001:00001194       FreeCurAlloc
 0001:00098C94       FreeDeviceContext
 0001:00098D50       FreeDeviceContexts
 0001:0001E8F0       FreeIntConstList
 0001:000002A4       FreeLibrary
 0001:00006534       FreeLibrary
 0001:0007A594       FreeMemoryContexts
 0001:0001EA24       FreeObjectInstance
 0001:0004F174       FreeOutOfMemoryCache
 0001:00006554       FreeResource
 0001:00061D84       FreeScreenshot
 0001:0000072C       FreeSpace
 0001:000100C8       FreeTerminateProcs
 0001:00080830       FreeThemeLibrary
 0002:0000A74C       FreezeThread
 0002:0000B70C       FRichEditModule
 0002:0000AB5C       fSendBmp
 0002:0000A60C       FtpOpenFile
 0001:0003D4C0       FTPUploadFiles
 0002:0000A9DC       fVariableFont
 0001:00077958       GDICheck
 0001:000778B0       GDIError
 0001:0005CD14       GeneralDialogProc
 0001:0006F1C4       GeneralRaise
 0001:0004CB74       GeneralToRTF
 0001:00064D40       GenerateCustomWebFieldsString
 0001:000529D0       GenerateHTML
 0001:0003C928       GenerateMultipartBoundary
 0001:00038560       GenerateMultipartBoundary
 0001:0003CA58       GenerateRequestBody
 0001:00038624       GenerateRequestBody
 0001:00002058       Get8087CW
 0001:0000655C       GetACP
 0001:00066B34       GetActiveControlClass
 0001:00066B4C       GetActiveControlText
 0001:00066A54       GetActiveFormClass
 0001:00066AA0       GetActiveFormText
 0001:00059D88       GetActiveMonitorData
 0001:00006CA4       GetActiveWindow
 0001:00067830       GetAdapterInfo
 0001:00051574       GetAllocatedMemory
 0001:00054234       GetAndSetFunctionSize
 0001:000B89CC       GetAnimation
 0001:000673A4       GetApplicationName
 0001:000503A0       GetApplicationRect
 0001:00066A34       GetApplicationUpTime
 0001:0002AB78       GetAsmSize
 0001:00058100       GetBaseOfStack
 0001:000845EC       GetBitBtnGlyph
 0001:0000695C       GetBitmapBits
 0001:000003E8       GetBlockDesc
 0001:0005F468       GetBottonWidth
 0001:00006964       GetBrushOrgEx
 0001:00007188       GetBValue
 0001:00057FDC       GetCallStackByAddresses
 0001:0004F1B4       GetCallStackDump
 0001:00006CAC       GetCapture
 0001:000974D0       GetCaptureControl
 0001:00016D04       GetClass
 0001:00006CB4       GetClassInfo
 0001:00006CBC       GetClassName
 0001:00006CC4       GetClassNameA
 0001:00006CCC       GetClientRect
 0001:00006CD4       GetClipboardData
 0001:00079320       GetClipboardFormats
 0001:0000696C       GetClipBox
 0001:00000384       GetCmdShow
 0001:000A7080       GetColor
 0001:000435C4       GetColumnAlign
 0001:00043598       GetColumnCount
 0001:00088704       GetComCtlVersion
 0001:0000656C       GetCommandLine
 0001:000002AC       GetCommandLine
 0001:00000970       GetCommitted
 0001:00000A18       GetCommittedAt
 0001:00068BB8       GetCompanyName
 0001:000669CC       GetCompilationDate
 0001:0004C648       GetCompleteTimeStr
 0001:00006574       GetComputerNameA
 0001:0009E344       GetControlAtPos
 0001:0006E500       GetControlClass
 0001:0006E55C       GetControlText
 0001:0000CE20       GetCount
 0001:00006564       GetCPInfo
 0001:00034ED8       GetCRC16
 0001:00034E90       GetCRC32
 0001:0000B54C       GetCurrentDir
 0001:000002B4       GetCurrentDirectory
 0001:00006974       GetCurrentObject
 0001:0000697C       GetCurrentPositionEx
 0001:00068EAC       GetCurrentPrinterHandle
 0001:0000657C       GetCurrentProcess
 0001:00006584       GetCurrentProcessId
 0001:00070FD4       GetCurrentStackPointer
 0001:00058108       GetCurrentStackPointer
 0002:0000B650       GetCurrentThemeName
 0001:0000658C       GetCurrentThread
 0001:00006594       GetCurrentThreadId
 0001:00000374       GetCurrentThreadId
 0001:000070FC       GetCurrentTime
 0001:0004E45C       GetCurrentTopOfStack
 0001:000689E0       GetCurrentUserPrivileges
 0001:00006CDC       GetCursor
 0001:000BAE80       GetCursorHeightMargin
 0001:00006CE4       GetCursorPos
 0001:00007D50       GetDataCaller
 0001:0000CE50       GetDate
 0001:0000659C       GetDateFormat
 0001:0000DB44       GetDateOrder
 0001:00006CEC       GetDC
 0001:00006CF4       GetDCEx
 0001:00006984       GetDCOrgEx
 0001:00057830       GetDebugDetail
 0001:000658AC       GetDebugInfoEx
 0001:00054614       GetDebugInfosByAddr
 0001:00054020       GetDebugPartialInfo
 0001:00068DC4       GetDefaultPrinter
 0001:0007D144       GetDefFontCharSet
 0001:00006CFC       GetDesktopWindow
 0001:0000699C       GetDeviceCaps
 0001:0005D124       GetDialogState
 0001:000788E8       GetDIB
 0001:0000698C       GetDIBColorTable
 0001:00006994       GetDIBits
 0001:00078830       GetDIBSizes
 0001:00077AC8       GetDInColors
 0001:000065A4       GetDiskFreeSpaceA
 0002:00000178       GetDiskFreeSpaceEx
 0001:00067154       GetDiskInfo
 0001:000688F4       GetDisplayDPI
 0001:00067654       GetDisplayMode
 0001:00006D04       GetDlgItem
 0001:0002C938       GetDNSList
 0001:000A4C24       GetDockAlign
 0001:00097E78       GetDockSiteAtPos
 0001:0002CB04       GetDomain
 0001:0002CC70       GetDomainName
 0001:000981A4       GetDropCtl
 0001:0006A4B4       GetDump
 0001:0000319C       GetDynaMethod
 0001:0006A1F4       GetEAX
 0001:0006A24C       GetEBX
 0001:0006A2A4       GetECX
 0001:0006A3AC       GetEDI
 0001:000590D8       GetEditText
 0001:0006A2FC       GetEDX
 0001:00056594       GetEF
 0001:00049528       GetEffectiveAddress
 0001:0006A45C       GetEIP
 0001:0006A730       GetEmptySection
 0001:000069A4       GetEnhMetaFileBits
 0001:000069AC       GetEnhMetaFileHeader
 0001:000069B4       GetEnhMetaFilePaletteEntries
 0001:00013FC8       GetEnumName
 0001:000140A0       GetEnumNameValue
 0001:000140EC       GetEnumValue
 0001:000065AC       GetEnvironmentVariableA
 0001:00021DF4       GetEnvVariable
 0001:0000E588       GetEraNamesAndYearOffsets
 0001:0000DBD8       GetEraYearOffset
 0001:0006A354       GetESI
 0001:0006A404       GetESP
 0001:0004F1A4       GetESP
 0001:0002217C       GetEurekaLogDir
 0001:00056E58       GetEurekaLogModuleVersion
 0001:00066D48       GetExceptionAddress
 0001:0000EEEC       GetExceptionClass
 0001:00066D30       GetExceptionDate
 0001:0006679C       GetExceptionMessage
 0001:00066D7C       GetExceptionModuleName
 0001:00066E60       GetExceptionModuleVersion
 0001:0000F0D8       GetExceptionObject
 0001:00066EE4       GetExceptionType
 0001:00058214       GetExceptMessage
 0001:000065B4       GetExitCodeProcess
 0001:000065BC       GetExitCodeThread
 0001:00016C8C       GetFieldClassTable
 0001:00036854       GetFieldValue
 0001:000065C4       GetFileAttributes
 0001:000065CC       GetFileAttributesA
 0001:000377EC       GetFileContents
 0001:0003C9EC       GetFileContents
 0001:00079300       GetFileFormats
 0001:00000224       GetFileSize
 0001:000510B8       GetFileSize
 0001:0002D940       GetFileSize
 0001:0003D484       GetFileSize
 0001:0000021C       GetFileType
 0001:0000F348       GetFileVersion
 0001:00067D98       GetFileVersionEx
 0001:0000685C       GetFileVersionInfo
 0001:00006864       GetFileVersionInfoA
 0001:0000686C       GetFileVersionInfoSize
 0001:00006874       GetFileVersionInfoSizeA
 0001:00006D0C       GetFocus
 0001:000763BC       GetFontData
 0001:00006D14       GetForegroundWindow
 0001:0000FC70       GetFormatSettings
 0001:000077FC       GetFramesCallStackDump
 0001:0006724C       GetFreeDisk
 0001:000670D4       GetFreeMemory
 0001:000065D4       GetFullPathName
 0001:00065B80       GetFunctionAsm
 0001:0002ACCC       GetFunctionSize
 0001:00022B88       GetGMT
 0001:00007184       GetGValue
 0001:000065DC       GetHandleInformation
 0001:00075904       GetHashCode
 0001:000B5F18       GetHelpInfo
 0001:0007E7AC       GetHelpSystem
 0001:000B87B0       GetHint
 0001:000B87E8       GetHintControl
 0001:0002A3A4       gethostbyname
 0001:0002A3AC       gethostname
 0001:000AEE78       GetHotkey
 0001:0003CD18       GetHTTPResponse
 0001:00037E48       GetHTTPResponse
 0001:00006D1C       GetIconInfo
 0001:00029F7C       GetImageNtHeaders
 0001:00067F8C       GetIndexKeyName
 0001:00068D64       GetIniDefPrinter
 0001:0006EE98       GetIntraWebExceptionType
 0001:00042530       GetItemRect
 0001:0005C034       GetItemText
 0001:00006D34       GetKeyboardLayout
 0001:00006D3C       GetKeyboardLayoutList
 0001:00006D44       GetKeyboardState
 0001:00002DF8       GetKeyboardType
 0001:00006D24       GetKeyNameText
 0001:00006D2C       GetKeyState
 0001:00066CE4       GetLanguageString
 0001:00006D4C       GetLastActivePopup
 0001:000A2EEC       GetLastChildZone
 0001:000065E4       GetLastError
 0001:000002BC       GetLastError
 0001:00007F9C       GetLeakCount
 0001:000371C8       GetListDefault
 0001:00036E40       GetListValue
 0001:0000E34C       GetLocaleChar
 0001:00066BB8       GetLocaleDataA
 0001:00066B78       GetLocaleDataW
 0001:000065F4       GetLocaleInfo
 0001:000002C4       GetLocaleInfo
 0001:000065FC       GetLocaleInfoA
 0001:00006604       GetLocaleInfoW
 0001:0000E300       GetLocaleStr
 0001:000065EC       GetLocalTime
 0001:0009748C       GetLongHint
 0001:0002256C       GetLongNameFromShort
 0001:00014398       GetLongStrProp
 0001:00050204       GetMainWindow
 0001:000069BC       GetMapMode
 0001:000357F8       GetMD5
 0001:00066F88       GetMemInfo
 0001:000BBE10       GetMemLeak
 0001:00001B40       GetMemoryManager
 0001:00006D54       GetMenu
 0001:000B5EA0       GetMenuHelpContext
 0001:00006D5C       GetMenuItemCount
 0001:00006D64       GetMenuItemID
 0001:00006D6C       GetMenuItemInfo
 0001:000ABF94       GetMenuSize
 0001:00006D74       GetMenuState
 0001:00006D7C       GetMenuString
 0001:0001493C       GetMethodProp
 0001:000224C8       GetModifiedDate
 0001:0002D7E4       GetModifiedDate
 0001:00050C80       GetModuleDescriptionAndVersion
 0001:0000660C       GetModuleFileName
 0001:000002CC       GetModuleFileName
 0001:00006614       GetModuleFileNameA
 0001:000002D4       GetModuleHandle
 0001:000060F0       GetModuleHandle
 0001:0000661C       GetModuleHandle
 0001:00006624       GetModuleHandleA
 0001:00050A74       GetModulePath
 0001:00050B50       GetModuleSize
 0001:0005145C       GetModulesList
 0001:000512CC       GetModulesWin9X
 0001:00051168       GetModulesWinNT
 0001:00050BE0       GetModuleVer
 0001:00055110       GetModule_ProcedureEvent
 0002:0000B534       GetMonitorInfo
 0002:0000B538       GetMonitorInfoA
 0002:0000B53C       GetMonitorInfoW
 0001:00059FE8       GetMonitorWorkAreaFromActiveWnd
 0001:00059FC4       GetMonitorWorkAreaFromWnd
 0001:00059EDC       GetMonitorWorkAreaFromWndEx
 0001:0000E3B0       GetMonthDayNames
 0001:0002CE98       GetMXBestRecord
 0001:0002CDD0       GetMXRecord
 0001:0002CF88       GetMXServerFromEmail
 0001:00067BFC       GetNetworkData
 0001:00006D84       GetNextWindow
 0001:000069C4       GetObject
 0001:00007D64       GetObjectCaller
 0001:00061428       GetOptimizedPalette
 0001:000370A4       GetOptionsDefault
 0001:00008D34       GetOptionsFromExeFile
 0001:00036C40       GetOptionsValue
 0001:000141C0       GetOrdProp
 0001:0004DE80       GetOSBuild
 0001:00066D18       GetOSCharset
 0001:00066D0C       GetOSLanguage
 0001:0004DA60       GetOSType
 0001:00066B64       GetOSUpdate
 0001:0004F158       GetOutOfMemoryCache
 0001:00060FEC       GetPaletteColors
 0001:000069CC       GetPaletteEntries
 0001:0006693C       GetParameters
 0001:00001E30       GetParamStr
 0001:00006D8C       GetParent
 0001:000B134C       GetParentForm
 0001:00051F2C       GetParentProcessID
 0001:00059134       GetParentWnd
 0001:000571AC       GetPassword
 0001:000069D4       GetPixel
 0001:00068F24       GetPrinterStr
 0001:0000662C       GetPriorityClass
 0001:00006634       GetPrivateProfileStringA
 0001:000002DC       GetProcAddress
 0001:0000663C       GetProcAddress
 0001:00051D60       GetProcessesList
 0001:00067474       GetProcessor
 0001:0005102C       GetProcessThreads
 0001:00022044       GetProfileFolder
 0001:00006644       GetProfileString
 0001:0000664C       GetProfileStringA
 0001:00006D94       GetProp
 0001:00014150       GetPropInfo
 0001:00007874       GetRawCallStackDump
 0001:00008C80       GetRawOptions
 0001:000223E0       GetReadableSize
 0001:0000749C       GetReadableSize
 0001:000548F8       GetRealFileName
 0001:000B180C       GetRealScrollPosition
 0001:00048ED0       GetRefAddress
 0001:00049030       GetRegName
 0001:00053190       GetResourceData
 0001:00008C38       GetResourceData
 0001:000A7060       GetRGBColor
 0001:00007180       GetRValue
 0001:00006D9C       GetScrollInfo
 0001:00006DA4       GetScrollPos
 0001:00006DAC       GetScrollRange
 0001:00097448       GetShortHint
 0001:00014290       GetShortStrProp
 0001:00014328       GetShortStrPropAsLongStr
 0001:000534D8       GetSourceInfoByAddr
 0001:00000650       GetSpace
 0001:000006B4       GetSpaceAt
 0001:000A99E0       GetSpecialName
 0001:0006A6A0       GetStack
 0001:0006738C       GetStartDate
 0001:000002E4       GetStartupInfo
 0001:00006654       GetStartupInfoA
 0001:0000665C       GetStdHandle
 0001:0000022C       GetStdHandle
 0001:000069DC       GetStockObject
 0001:00006664       GetStringTypeEx
 0001:000144C8       GetStrProp
 0001:00006DB4       GetSubMenu
 0001:00053CC8       GetSymbolAddr
 0001:00006DBC       GetSysColor
 0001:00006DC4       GetSysColorBrush
 0001:0000666C       GetSystemDefaultLangID
 0001:00006674       GetSystemInfo
 0001:00006DCC       GetSystemMenu
 0002:0000B524       GetSystemMetrics
 0001:00006DD4       GetSystemMetrics
 0001:000069E4       GetSystemPaletteEntries
 0001:0000667C       GetSystemTime
 0001:00067618       GetSystemUpTime
 0001:000365F4       GetTagValue
 0001:00006684       GetTempPathA
 0001:00036A34       GetTextAreaValue
 0001:000069EC       GetTextExtentPoint32
 0001:000069F4       GetTextExtentPoint32A
 0001:00058E70       GetTextHeight
 0001:000069FC       GetTextMetrics
 0001:00059054       GetTextWidth
 0002:0000B648       GetThemeAppProperties
 0002:0000B5B4       GetThemeBackgroundContentRect
 0002:0000B5B8       GetThemeBackgroundExtent
 0002:0000B5C8       GetThemeBackgroundRegion
 0002:0000B5EC       GetThemeBool
 0002:0000B5E0       GetThemeColor
 0002:0000B654       GetThemeDocumentationProperty
 0002:0000B5F4       GetThemeEnumValue
 0002:0000B614       GetThemeFilename
 0002:0000B5FC       GetThemeFont
 0002:0000B5F0       GetThemeInt
 0002:0000B608       GetThemeIntList
 0002:0000B604       GetThemeMargins
 0002:0000B5E4       GetThemeMetric
 0002:0000B5BC       GetThemePartSize
 0002:0000B5F8       GetThemePosition
 0002:0000B60C       GetThemePropertyOrigin
 0002:0000B600       GetThemeRect
 0002:0000B5E8       GetThemeString
 0002:0000B620       GetThemeSysBool
 0002:0000B618       GetThemeSysColor
 0002:0000B61C       GetThemeSysColorBrush
 0002:0000B628       GetThemeSysFont
 0002:0000B630       GetThemeSysInt
 0002:0000B624       GetThemeSysSize
 0002:0000B62C       GetThemeSysString
 0002:0000B5C0       GetThemeTextExtent
 0002:0000B5C4       GetThemeTextMetrics
 0001:0000668C       GetThreadContext
 0001:000596FC       GetThreadData
 0001:00006694       GetThreadLocale
 0001:000002EC       GetThreadLocale
 0001:0006EE20       GetThreadParams
 0001:0000669C       GetThreadPriority
 0001:000066A4       GetTickCount
 0001:0000CE88       GetTime
 0001:0000611C       GetTlsSize
 0001:00006404       GetTokenInformation
 0001:000B8F90       GetTopMostWindows
 0001:0004F1AC       GetTopOfStack
 0001:000975D8       GetTopParent
 0001:00006DDC       GetTopWindow
 0001:000672EC       GetTotalDisk
 0001:00067054       GetTotalMemory
 0001:00013FBC       GetTypeData
 0001:00006DE4       GetUpdateRect
 0001:00022100       GetUserApplicationsPath
 0001:00068BA4       GetUserEmail
 0001:0000640C       GetUserNameA
 0001:00071A24       GetValidMainWindow
 0001:00038064       GetValueFromIndex
 0001:000066AC       GetVersion
 0001:0000037C       GetVersion
 0001:000066B4       GetVersionEx
 0001:00051064       GetVersionNumber
 0001:0006815C       GetVideoCardStr
 0001:0002A758       GetVirtualMethod
 0001:00014534       GetWideStrProp
 0001:00014418       GetWideStrPropAsLongStr
 0001:00006DEC       GetWindow
 0001:00050070       GetWindowClassName
 0001:00006DF4       GetWindowDC
 0001:00006DFC       GetWindowLong
 0001:00050224       GetWindowName
 0001:00006A0C       GetWindowOrgEx
 0001:00006E04       GetWindowPlacement
 0001:00006E0C       GetWindowRect
 0001:000066BC       GetWindowsDirectoryA
 0001:00006E14       GetWindowText
 0001:00006E1C       GetWindowTextA
 0002:0000B63C       GetWindowTheme
 0001:00006E2C       GetWindowThreadProcessId
 0001:00006E24       GetWindowThreadProcessId
 0001:00006A04       GetWinMetaFileBits
 0001:00022FC8       GetWorkingFile
 0001:000066C4       GlobalAddAtom
 0001:000066CC       GlobalAlloc
 0001:00007118       GlobalAllocPtr
 0001:000066D4       GlobalDeleteAtom
 0001:000066DC       GlobalFindAtom
 0002:000078BC       GlobalFixupList
 0001:0001A400       GlobalFixupReferences
 0001:000066E4       GlobalFree
 0001:00007144       GlobalFreePtr
 0001:000066F4       GlobalHandle
 0001:000066EC       GlobalLock
 0001:000066FC       GlobalMemoryStatus
 0002:000078A0       GlobalNameSpace
 0001:00006704       GlobalReAlloc
 0001:00007128       GlobalReAllocPtr
 0002:0000B038       GlobalSendValues
 0001:0000670C       GlobalUnlock
[...]
 16607 0001:00071008 16609 0001:00071011 16610 0001:00071028 16612 0001:0007102C
 16613 0001:0007103F 16617 0001:00071049 16624 0001:00071085 16626 0001:00071090
 16627 0001:00071096 16629 0001:0007109E 16631 0001:000710C0 16633 0001:000710D8
 16635 0001:000710E4 16639 0001:00071117 16641 0001:0007112C 16667 0001:0007116C
 16668 0001:00071172 16669 0001:0007118F 16670 0001:00071199 16675 0001:0007119C
 16676 0001:000711A2 16677 0001:000711BF 16678 0001:000711C9 16684 0001:000711CC
 16685 0001:000711D5 16688 0001:000711FB 16689 0001:00071205 16690 0001:00071213
 16692 0001:0007122A 16695 0001:00071239 16698 0001:00071240 16699 0001:00071246
 16701 0001:00071272 16702 0001:0007127C 16707 0001:00071280 16708 0001:00071286
 16709 0001:000712A3 16710 0001:000712AD 16713 0001:000712B0 16714 0001:000712B6
 16716 0001:000712CD 16717 0001:000712E7 16719 0001:000712F4 16720 0001:000712FE
 16729 0001:00071304 16730 0001:0007131F 16731 0001:00071327 16733 0001:0007132D
 16734 0001:00071346 16736 0001:0007134C 16737 0001:0007135E 16740 0001:00071375
 16741 0001:0007138E 16742 0001:00071394 16744 0001:000713B3 16745 0001:000713C2
 16746 0001:000713D7 16747 0001:000713FB 16758 0001:00071448 16759 0001:0007145C
 16761 0001:000714B0 16775 0001:000714C8 16776 0001:000714E8 16777 0001:000714F7
 16779 0001:000714FD 16780 0001:0007150B 16782 0001:00071521 16783 0001:0007153B
 16784 0001:00071546 16785 0001:00071554 16786 0001:00071569 16787 0001:00071571
 16789 0001:0007157D 16790 0001:0007158F 16791 0001:0007159D 16793 0001:000715B8
 16796 0001:000715D8 16798 0001:00071608 16800 0001:00071610 16801 0001:00071630
 16803 0001:0007163F 16804 0001:0007164E 16805 0001:0007165C 16806 0001:0007166A
 16807 0001:00071678 16808 0001:00071687 16809 0001:0007169F 16810 0001:000716B6
 16813 0001:000716D4 16814 0001:000716FE 16816 0001:0007170B 16817 0001:0007171A
 16818 0001:00071728 16819 0001:00071744 16820 0001:00071750 16821 0001:0007175F
 16822 0001:0007176D 16823 0001:00071778 16824 0001:00071784 16825 0001:00071795
 16827 0001:000717BD 16830 0001:000717DA 16833 0001:000717EA 16836 0001:00071804
 16839 0001:0007182A 16842 0001:0007183A 16843 0001:00071865 16851 0001:00071878
 16852 0001:0007189B 16855 0001:000718BC 16856 0001:000718C0 16859 0001:000718D7
 16860 0001:000718F0 16862 0001:00071922 16867 0001:0007192C 16868 0001:00071932
 16869 0001:0007194C 16870 0001:00071956 16876 0001:0007195C 16877 0001:00071963
 16879 0001:00071965 16880 0001:0007196A 16881 0001:0007196C 16883 0001:0007196E
 16884 0001:00071972 16885 0001:00071977 16886 0001:00071979 16888 0001:0007197B
 16889 0001:00071980 16890 0001:00071986 16891 0001:00071987 16892 0001:0007198D
 16893 0001:0007198F 16894 0001:00071991 16895 0001:00071993 16896 0001:00071999
 16897 0001:0007199B 16898 0001:0007199D 16899 0001:0007199F 16900 0001:000719A4
 16901 0001:000719A6 16902 0001:000719AB 16903 0001:000719AD 16904 0001:000719AE
 16905 0001:000719B3 16906 0001:000719B4 16909 0001:000719B9 16910 0001:000719BF
 16915 0001:000719C0 16916 0001:000719D2 16917 0001:000719F4 16932 0001:000719F8
 16933 0001:00071A02 16936 0001:00071A06 16937 0001:00071A0C 16934 0001:00071A0D
 16939 0001:00071A1D 16942 0001:00071A24 16944 0001:00071A2B 16945 0001:00071A37
 16946 0001:00071A41 16947 0001:00071A53 16949 0001:00071A58 16951 0001:00071A7C
 16954 0001:00071A7E 16957 0001:00071A8C 16959 0001:00071AA5 16962 0001:00071AAE
 16963 0001:00071ABF 16965 0001:00071AC1 16966 0001:00071ADA 16967 0001:00071AF9
 16969 0001:00071B01 16970 0001:00071B0C 16971 0001:00071B18 16972 0001:00071B26
 16973 0001:00071B38 16974 0001:00071B42 16977 0001:00071B70 16979 0001:00071B97
 16982 0001:00071BA5 16984 0001:00071BE0 16988 0001:00071BFD 16989 0001:00071C08
 16992 0001:00071C1C 16993 0001:00071C49 16998 0001:00071C50 16999 0001:00071C53
 17002 0001:00071C6E 17003 0001:00071C75 17004 0001:00071C83 17005 0001:00071CA0
 17007 0001:00071CA7 17008 0001:00071CB8 17009 0001:00071CC1 17010 0001:00071CCD
 17012 0001:00071CE4 17014 0001:00071CF3 17018 0001:00071CF8 17020 0001:00071D0A
 17021 0001:00071D14 17022 0001:00071D22 17024 0001:00071D34 17025 0001:00071D44
 17026 0001:00071D4E 17027 0001:00071D55 17034 0001:00071D58 17035 0001:00071D5E
 17037 0001:00071D67 17039 0001:00071D6F 17040 0001:00071D78 17041 0001:00071D82
 17043 0001:00071D89 17047 0001:00071D91 17048 0001:00071D9A 17051 0001:00071DA0
 17052 0001:00071DA6 17054 0001:00071DAF 17056 0001:00071DB4 17057 0001:00071DBD
 17058 0001:00071DCA 17060 0001:00071DD1 17064 0001:00071DD9 17065 0001:00071DE2
 17069 0001:00071DE8 17070 0001:00071DED 17074 0001:00071DF0 17075 0001:00071DF5
 17084 0001:00071DF8 17085 0001:00071E1C 17088 0001:00071E58 17089 0001:00071E6F
 17090 0001:00071E76 17094 0001:00071E85 17095 0001:00071E9C 17099 0001:00071EAB
 17100 0001:00071EC2 17104 0001:00071ED1 17105 0001:00071EE8 17109 0001:00071EF7
 17110 0001:00071F0E 17114 0001:00071F1D 17115 0001:00071F34 17119 0001:00071F43
 17120 0001:00071F5A 17121 0001:00071F77 17125 0001:00071F7E 17126 0001:00071F95
 17130 0001:00071FA1 17131 0001:00071FB8 17135 0001:00071FC4 17136 0001:00071FDB
 17139 0001:00072014 17242 0001:00072028 17243 0001:00072043 17244 0001:00072051
 17245 0001:0007205A 17247 0001:00072064 17248 0001:00072078 17245 0001:0007207B
 17249 0001:0007209B 17262 0001:000720A4 17263 0001:000720BE 17266 0001:000720CB
 17268 0001:000720D9 17269 0001:000720E0 17271 0001:000720F7 17275 0001:00072112
 17276 0001:00072120 17277 0001:00072127 17279 0001:0007213E 17284 0001:00072159
 17285 0001:00072167 17286 0001:0007216E 17287 0001:00072175 17289 0001:00072181
 17290 0001:00072188 17292 0001:00072199 17293 0001:000721B2 17294 0001:000721BB
 17296 0001:000721C3 17299 0001:000721D4 17300 0001:000721E1 17302 0001:00072204
 17304 0001:0007221A 17305 0001:0007222B 17306 0001:0007223E 17307 0001:00072251
 17308 0001:00072262 17309 0001:0007226C 17310 0001:00072276 17311 0001:00072280
 17312 0001:0007228A 17313 0001:00072299 17314 0001:000722A0 17316 0001:000722C2
 17318 0001:000722D0 17319 0001:000722D9 17320 0001:000722E1 17322 0001:000722E9
 17323 0001:000722FA 17324 0001:0007230B 17325 0001:0007231C 17326 0001:00072321
 17327 0001:00072332 17328 0001:00072343 17329 0001:00072354 17331 0001:00072368
 17333 0001:00072399 17341 0001:0007240C 17342 0001:00072433 17344 0001:00072440
 17345 0001:00072444 17346 0001:00072452 17348 0001:0007245A 17349 0001:00072466
 17350 0001:00072479 17353 0001:00072493 17355 0001:00072499 17356 0001:0007249D
 17358 0001:000724A1 17359 0001:000724AD 17362 0001:000724BA 17363 0001:000724BE
 17364 0001:000724E1 17365 0001:000724E7 17366 0001:000724ED 17368 0001:000724F9
 17346 0001:000724FD 17370 0001:00072506 17371 0001:0007250F 17372 0001:00072518
 17374 0001:00072534 17376 0001:00072558 17378 0001:00072567 17386 0001:0007258C
 17387 0001:000725AE 17389 0001:000725BB 17391 0001:000725D7 17395 0001:000725E5
 17397 0001:000725EC 17400 0001:0007260B 17404 0001:00072688 17406 0001:00072696
 17408 0001:000726CD 17411 0001:000726EC 17416 0001:000726FD 17417 0001:00072707
 17420 0001:0007270E 17421 0001:0007271C 17422 0001:00072723 17423 0001:0007272D
 17424 0001:00072734 17425 0001:0007273E 17426 0001:00072745 17427 0001:0007274F
 17428 0001:00072756 17429 0001:00072760 17430 0001:0007276A 17431 0001:00072774
 17432 0001:0007277E 17433 0001:00072788 17434 0001:0007278F 17435 0001:00072799
 17436 0001:000727A0 17437 0001:000727AA 17438 0001:000727B1 17439 0001:000727BB
 17440 0001:000727C2 17441 0001:000727CC 17442 0001:000727D3 17443 0001:000727DD
 17444 0001:000727E4 17445 0001:000727EE 17446 0001:000727F5 17447 0001:000727FF
 17448 0001:00072806 17449 0001:00072810 17450 0001:00072817 17451 0001:00072822
 17452 0001:00072831 17455 0001:00072836 17456 0001:0007283F 17459 0001:00072848
 17460 0001:00072852 17461 0001:0007285C 17462 0001:00072866 17463 0001:00072870
 17464 0001:0007287A 17465 0001:00072884 17466 0001:0007288E 17467 0001:00072898
 17468 0001:000728A2 17469 0001:000728AC 17470 0001:000728B6 17471 0001:000728C0
 17472 0001:000728CA 17473 0001:000728D4 17474 0001:000728DE 17475 0001:000728E8
 17476 0001:000728F2 17477 0001:000728FC 17478 0001:00072906 17479 0001:00072910
 17480 0001:0007291A 17481 0001:00072924 17482 0001:0007292E 17483 0001:00072938
 17484 0001:00072942 17485 0001:0007294C 17486 0001:00072956 17487 0001:00072960
 17488 0001:0007296A 17489 0001:00072974 17491 0001:00072979 17494 0001:00072992
 17499 0001:000729AD 17501 0001:000729BB 17502 0001:000729C2 17504 0001:000729D9
 17508 0001:000729F4 17509 0001:00072A02 17510 0001:00072A09 17512 0001:00072A20
 17517 0001:00072A5D 17521 0001:00072B14 17522 0001:00072B2B 17526 0001:00072B2C
 17527 0001:00072B43 17534 0001:00072B44 17535 0001:00072B4E 17538 0001:00072B50
 17540 0001:00072B63 17541 0001:00072B6E 17542 0001:00072B79 17545 0001:00072B84
 17546 0001:00072B8F 17549 0001:00072B9A 17550 0001:00072BB6 17551 0001:00072BDE
 17567 0001:00072BE4 17568 0001:00072C01 17569 0001:00072C08 17570 0001:00072C0A
 17571 0001:00072C1E 17572 0001:00072C25 17574 0001:00072C29 17576 0001:00072C3F
 17578 0001:00072C46 17580 0001:00072C54 17582 0001:00072C58 17583 0001:00072C87
 17586 0001:00072C8C 17587 0001:00072CB0 17588 0001:00072CBC 17589 0001:00072CCC
 17590 0001:00072CF2 17603 0001:00072CFC 17604 0001:00072D00 17605 0001:00072D06
 17609 0001:00072D0C 17610 0001:00072D13 17611 0001:00072D18 17616 0001:00072D1C
 17617 0001:00072D23 17619 0001:00072D40 17621 0001:00072D45 17623 0001:00072D4A
 17624 0001:00072D4B 17625 0001:00072D4E 17627 0001:00072D51 17628 0001:00072D61
 17633 0001:00072D68 17634 0001:00072D6F 17639 0001:00072D9D 17641 0001:00072DA2
 17642 0001:00072DA3 17643 0001:00072DA6 17645 0001:00072DA9 17646 0001:00072DB9
 17651 0001:00072DC0 17652 0001:00072DC6 17653 0001:00072DD5 17654 0001:00072DE3
 17656 0001:00072E08 17658 0001:00072E1B 17663 0001:00072E20 17664 0001:00072E27
 17666 0001:00072E44 17668 0001:00072E49 17670 0001:00072E4E 17671 0001:00072E4F
 17672 0001:00072E52 17674 0001:00072E55 17675 0001:00072E65 17687 0001:00072E6C
 17688 0001:00072E78 17691 0001:00072E80 17692 0001:00072E8F 17693 0001:00072E9D
 17694 0001:00072EA7 17695 0001:00072EB6 17697 0001:00072EC1 17698 0001:00072ECB
 17699 0001:00072EDA 17701 0001:00072EE5 17702 0001:00072EEF 17703 0001:00072EFE
 17705 0001:00072F09 17708 0001:00072F16 17712 0001:00072F22 17713 0001:00072F37
 17714 0001:00072F41 17705 0001:00072F42 17716 0001:00072F45 17719 0001:00072F52
 17720 0001:00072F6F 17721 0001:00072F83 17716 0001:00072F84 17723 0001:00072F94
 17725 0001:00072FA4 17735 0001:00072FAC 17737 0001:00072FAF 17738 0001:00072FB5
 17741 0001:00072FBC 17743 0001:00072FCF 17744 0001:00072FE5 17745 0001:00072FF2
 17746 0001:0007300D 17750 0001:00073022 17751 0001:0007302F 17755 0001:00073034
 17756 0001:0007303B 17757 0001:00073041 17759 0001:00073044 17760 0001:0007304F
 17762 0001:00073056 17763 0001:0007305D 17764 0001:0007306D 17766 0001:00073079
 17767 0001:0007307E 17769 0001:00073099 17770 0001:000730AB 17772 0001:000730B8
 17773 0001:000730BF 17774 0001:000730D0 17776 0001:000730DD 17777 0001:000730E2
 17779 0001:000730FE 17781 0001:0007310C 17791 0001:00073114 17792 0001:0007312F
 17793 0001:0007313C 17794 0001:00073158 17795 0001:000731A5 17797 0001:000731F4
 17799 0001:00073212 17810 0001:0007322D 17820 0001:00073248 17830 0001:00073255
 17833 0001:00073266 17840 0001:00073277 17844 0001:00073292 17850 0001:000732AD
 17853 0001:000732B2 17857 0001:000732D2 17866 0001:000732F2 17867 0001:000732F3
 17869 0001:000732FD 17874 0001:0007331D 17883 0001:00073338 17888 0001:00073353
 17889 0001:0007335C 17894 0001:00073377 17896 0001:00073385 17899 0001:000733C2
 17903 0001:00073688 17904 0001:000736A2 17907 0001:000736A4 17908 0001:000736A7
 17909 0001:000736B8 17912 0001:000736BC 17916 0001:000736BF 17918 0001:000736C6
 17947 0001:000736C8 17948 0001:000736CB 17950 0001:000736D2 17955 0001:000736D4
 17956 0001:000736DC 17958 0001:000736EB 17959 0001:000736F0 17961 0001:000736FD
 17964 0001:00073725 17965 0001:00073738 17967 0001:0007373A 17959 0001:0007373B
 17968 0001:0007373E 17979 0001:00073744 17980 0001:0007374B 17981 0001:0007375E
 17982 0001:0007376C 17984 0001:00073783 17986 0001:00073793 17988 0001:00073798
 17989 0001:000737B5 17990 0001:000737B9 17992 0001:000737D6 17993 0001:000737E5
 17994 0001:000737F3 17995 0001:0007380B 17997 0001:0007381F 17998 0001:00073832
 17999 0001:00073838 18000 0001:00073840 18001 0001:00073854 18003 0001:00073867
 18005 0001:0007389C 18007 0001:000738A4 18008 0001:000738C3 18009 0001:000738E1
 18011 0001:000738EB 18013 0001:000738F6 18016 0001:00073920 18027 0001:0007393D
 18029 0001:00073944 18031 0001:0007394B 18032 0001:00073952 18033 0001:00073959
 18034 0001:00073960 18036 0001:00073975 18040 0001:0007397C 18041 0001:00073983
 18042 0001:0007398A 18043 0001:00073991 18044 0001:00073998 18045 0001:0007399F
 18046 0001:000739A6 18047 0001:000739AD 18048 0001:000739B4 18049 0001:000739CB
 18050 0001:000739E2 18051 0001:000739E9 18052 0001:000739F3 18053 0001:000739FA
 18054 0001:00073A09 18055 0001:00073A10 18056 0001:00073A21 18057 0001:00073A2B
 18059 0001:00073A32 18060 0001:00073A3C 18061 0001:00073A46 18063 0001:00073A50
 18065 0001:00073A55 18068 0001:00073A5E 18071 0001:00073A63 18073 0001:00073A71
 18074 0001:00073A78 18078 0001:00073A7D 18079 0001:00073A8E 18081 0001:00073A9F
 18082 0001:00073AB8 18083 0001:00073AC1 18085 0001:00073AC9 18123 0001:00073ADC
 18125 0001:00073AE1 18126 0001:00073AF2 18127 0001:00073B03 18128 0001:00073B14
 18129 0001:00073B25 18135 0001:00073B36 18136 0001:00073B3D 18137 0001:00073B49
 18138 0001:00073B50 18139 0001:00073B57 18140 0001:00073B61 18141 0001:00073B68
 18142 0001:00073B6F 18145 0001:00073B91 18146 0001:00073BA4 18148 0001:00073BB2
 18149 0001:00073BBB 18150 0001:00073BC3 18153 0001:00073BCB 18154 0001:00073BD0
 18155 0001:00073BDA 18156 0001:00073BE4 18158 0001:00073BF5 18159 0001:00073C06
 18160 0001:00073C0B 18161 0001:00073C12 18162 0001:00073C1C 18163 0001:00073C23
 18164 0001:00073C2A 18165 0001:00073C31 18166 0001:00073C38 18167 0001:00073C3F
 18169 0001:00073C46 18170 0001:00073C4D 18171 0001:00073C54 18173 0001:00073C5B
 18175 0001:00073C62 18178 0001:00073C6A 18180 0001:00073C74 18182 0001:00073C8E
 18183 0001:00073C9A 18184 0001:00073CA5 18185 0001:00073CB1 18187 0001:00073CBC
 18190 0001:00073CC1 18196 0001:00073D0E 18202 0001:00073D5B 18208 0001:00073DA8
 18209 0001:00073DBD 18211 0001:00073DC6 18225 0001:00073DDF 18231 0001:00073E2C
 18237 0001:00073E79 18243 0001:00073EC6 18245 0001:00073ED4 18247 0001:00073EE2
 18249 0001:00073EF0 18250 0001:00073EF5 18254 0001:00073F1F 18256 0001:00073F2C
 18259 0001:00073F40 18260 0001:00073F71 18264 0001:00073FAD 18268 0001:00073FB4
 18270 0001:00073FBD 18271 0001:00073FC2 18275 0001:00073FF1 18282 0001:000740C4
 18283 0001:000740DD 18284 0001:000740EB 18286 0001:000740FE 18287 0001:00074108
 18289 0001:00074112 18290 0001:00074125 18292 0001:0007412C 18293 0001:00074136
 18294 0001:0007413D 18295 0001:00074147 18296 0001:0007414E 18297 0001:00074158
 18298 0001:0007415F 18299 0001:00074169 18300 0001:00074170 18301 0001:0007417A
 18303 0001:00074181 18304 0001:00074186 18306 0001:00074191 18308 0001:000741A3
 18309 0001:000741B0 18311 0001:000741BD 18313 0001:000741C6 18314 0001:000741D9
 18319 0001:000741E0 18320 0001:000741E9 18322 0001:000741F8 18323 0001:00074202
 18324 0001:00074209 18325 0001:00074213 18326 0001:0007421A 18327 0001:00074224
 18329 0001:0007422B 18330 0001:00074235 18331 0001:0007423F 18332 0001:00074249
 18333 0001:00074253 18336 0001:0007425A 18338 0001:00074263 18339 0001:00074270
 18340 0001:0007427F 18343 0001:00074295 18344 0001:0007429F 18345 0001:000742A6
 18346 0001:000742B0 18347 0001:000742B7 18348 0001:000742C1 18350 0001:000742C8
 18351 0001:000742D7 18358 0001:000742DE 18360 0001:000742E7 18361 0001:000742F2
 18362 0001:000742FC 18363 0001:00074306 18371 0001:0007430D 18372 0001:00074312
 18374 0001:00074326 18375 0001:00074330 18376 0001:00074337 18378 0001:00074366
 18410 0001:0007436C 18420 0001:00074380 18421 0001:000743AC 18423 0001:00074512
 18414 0001:00074530 18415 0001:00074554 18416 0001:00074563 18417 0001:00074568
 18419 0001:00074587

Line numbers for MainForm(MainForm.pas) segment .text

   115 0001:000BBB04   116 0001:000BBB0A   117 0001:000BBB0C   118 0001:000BBB1A
   120 0001:000BBB3C   122 0001:000BBB48   124 0001:000BBB50   127 0001:000BBB56
   128 0001:000BBB59   129 0001:000BBB61   131 0001:000BBB66   132 0001:000BBB77
   137 0001:000BBB7C   138 0001:000BBB9F   139 0001:000BBBAE   140 0001:000BBBBC
   141 0001:000BBBD8   142 0001:000BBBE4   144 0001:000BBBFB   146 0001:000BBC28
   152 0001:000BBC30   153 0001:000BBC35   158 0001:000BBC38   159 0001:000BBC3B
   160 0001:000BBC3D   161 0001:000BBC42   162 0001:000BBC4B   165 0001:000BBC50
   166 0001:000BBC53   167 0001:000BBC78   170 0001:000BBC90   171 0001:000BBC93
   172 0001:000BBCA9   177 0001:000BBCC8   178 0001:000BBCCC   179 0001:000BBCDB
   180 0001:000BBCE9   182 0001:000BBD09   184 0001:000BBD19   196 0001:000BBD1C
   197 0001:000BBD1F   198 0001:000BBD2D   199 0001:000BBD31   200 0001:000BBD36
   206 0001:000BBD38   207 0001:000BBD3E   208 0001:000BBD4A   210 0001:000BBD4E
   211 0001:000BBD5E   213 0001:000BBD67   217 0001:000BBD7C   219 0001:000BBD8F
   224 0001:000BBE0C   225 0001:000BBE0E   230 0001:000BBE10   231 0001:000BBE13
   232 0001:000BBE1D   233 0001:000BBE26   238 0001:000BBE28   239 0001:000BBE2B
   240 0001:000BBE37   241 0001:000BBE40   246 0001:000BBE44   247 0001:000BBE47
   248 0001:000BBE55   249 0001:000BBE5E   252 0001:000BBE60   253 0001:000BBE63
   254 0001:000BBE9B   255 0001:000BBEA2   256 0001:000BBEA9   257 0001:000BBEB0
   258 0001:000BBEB7   259 0001:000BBEBE   260 0001:000BBEC5   261 0001:000BBECC
   262 0001:000BBED3   263 0001:000BBEDA   264 0001:000BBEE1   266 0001:000BBEE6
   269 0001:000BBEE8   270 0001:000BBEEB   271 0001:000BBEF0   274 0001:000BBEF4
   275 0001:000BBEF7   276 0001:000BBEFC   281 0001:000BBF00   282 0001:000BBF03
   283 0001:000BBF08   290 0001:000BBF0C   291 0001:000BBF26   293 0001:000BBF28
   294 0001:000BBF4E   295 0001:000BBF66   296 0001:000BBF98   301 0001:000BBFAC
   302 0001:000BBFB2   303 0001:000BBFD9   306 0001:000BBFF4   308 0001:000BC009
   311 0001:000BC021   312 0001:000BC044   317 0001:000BC056   321 0001:000BC062
   324 0001:000BC07A   325 0001:000BC09D   330 0001:000BC0AF   332 0001:000BC0DD
   334 0001:000BC0E4   335 0001:000BC0FE   337 0001:000BC113   340 0001:000BC130
   341 0001:000BC146   345 0001:000BC148   347 0001:000BC15D   350 0001:000BC17F
   351 0001:000BC195   355 0001:000BC197   357 0001:000BC19E   358 0001:000BC1D8
   363 0001:000BC224   365 0001:000BC22B   366 0001:000BC23B   368 0001:000BC24B
   369 0001:000BC260   370 0001:000BC276   371 0001:000BC28C   372 0001:000BC29A
   373 0001:000BC2A3   374 0001:000BC2AC   375 0001:000BC2BF   376 0001:000BC2C6
   377 0001:000BC2CF   380 0001:000BC628   381 0001:000BC62E   383 0001:000BC642
   384 0001:000BC655   390 0001:000BC658   391 0001:000BC672   392 0001:000BC691
   393 0001:000BC6A5   394 0001:000BC6BE   395 0001:000BC6CD   396 0001:000BC6DB
   397 0001:000BC6E9   398 0001:000BC6FE   399 0001:000BC70F   401 0001:000BC730
   403 0001:000BC765   406 0001:000BC778   407 0001:000BC77E   408 0001:000BC799
   409 0001:000BC7B4   415 0001:000BC7B8   416 0001:000BC7CC   417 0001:000BC7F6
   420 0001:000BC7FC   421 0001:000BC802   422 0001:000BC81D   423 0001:000BC838
   425 0001:000BC86C   425 0001:000BC873

Line numbers for GUI(C:\Works\Sync Folder\Sources\EurekaLog 6\Delphi Demos\GUI\GUI.dpr) segment .text

    10 0001:000BCB1C    11 0001:000BCB2C    12 0001:000BCB38    13 0001:000BCB49
    14 0001:000BCB61    15 0001:000BCB6D

Bound resource files

..\..\Dialog.res
Buttons.res
ExtDlgs.res
Controls.res
MainForm.dfm
Images.res
WinXP.res
GUI.res
C:\DOCUME~1\ADMINI~1\LOCALS~1\Temp\dtf54D.tmp


Program entry point at 0001:000BCB1C
