
 Start         Length     Name                   Class
 0001:00000000 0006C4D4H .text                   CODE
 0002:00000000 00005790H .data                   DATA
 0002:00005790 000044A1H .bss                    BSS


Detailed map of segments

 0001:00000000 00005C07 C=CODE     S=.text    G=(none)   M=System   ACBP=A9
 0001:00005C08 000001CC C=CODE     S=.text    G=(none)   M=SysInit  ACBP=A9
 0001:00005DD4 00000054 C=CODE     S=.text    G=(none)   M=Types    ACBP=A9
 0001:00005E28 00000858 C=CODE     S=.text    G=(none)   M=Windows  ACBP=A9
 0001:00006680 0000202F C=CODE     S=.text    G=(none)   M=ELeaks   ACBP=A9
 0001:000086B0 00000338 C=CODE     S=.text    G=(none)   M=SysConst ACBP=A9
 0001:000089E8 00006E50 C=CODE     S=.text    G=(none)   M=SysUtils ACBP=A9
 0001:0000F838 00000038 C=CODE     S=.text    G=(none)   M=Messages ACBP=A9
 0001:0000F870 000007FB C=CODE     S=.text    G=(none)   M=VarUtils ACBP=A9
 0001:0001006C 0000280E C=CODE     S=.text    G=(none)   M=Variants ACBP=A9
 0001:0001287C 000000B8 C=CODE     S=.text    G=(none)   M=RTLConsts ACBP=A9
 0001:00012934 00000504 C=CODE     S=.text    G=(none)   M=TypInfo  ACBP=A9
 0001:00012E38 00000038 C=CODE     S=.text    G=(none)   M=ActiveX  ACBP=A9
 0001:00012E70 00004496 C=CODE     S=.text    G=(none)   M=Classes  ACBP=A9
 0001:00017308 00000038 C=CODE     S=.text    G=(none)   M=ETypes   ACBP=A9
 0001:00017340 00002944 C=CODE     S=.text    G=(none)   M=EConsts  ACBP=A9
 0001:00019C84 00004598 C=CODE     S=.text    G=(none)   M=ECore    ACBP=A9
 0001:0001E21C 000047B0 C=CODE     S=.text    G=(none)   M=EDebug   ACBP=A9
 0001:000229CC 00000040 C=CODE     S=.text    G=(none)   M=ShellAPI ACBP=A9
 0001:00022A0C 000000A0 C=CODE     S=.text    G=(none)   M=WinSock  ACBP=A9
 0001:00022AAC 00001688 C=CODE     S=.text    G=(none)   M=EHook    ACBP=A9
 0001:00024134 000000E8 C=CODE     S=.text    G=(none)   M=ELang    ACBP=A9
 0001:0002421C 000016BC C=CODE     S=.text    G=(none)   M=ESockets ACBP=A9
 0001:000258D8 00007BFC C=CODE     S=.text    G=(none)   M=EZlib2   ACBP=A9
 0001:0002D4D4 00000B04 C=CODE     S=.text    G=(none)   M=EHash    ACBP=A9
 0001:0002DFD8 00000360 C=CODE     S=.text    G=(none)   M=EEncrypt ACBP=A9
 0001:0002E338 000002DC C=CODE     S=.text    G=(none)   M=EBase64  ACBP=A9
 0001:0002E614 00000154 C=CODE     S=.text    G=(none)   M=EZip     ACBP=A9
 0001:0002E768 00007A1C C=CODE     S=.text    G=(none)   M=EWebTools ACBP=A9
 0001:00036184 000005A8 C=CODE     S=.text    G=(none)   M=EXMLBuilder ACBP=A9
 0001:0003672C 000043FC C=CODE     S=.text    G=(none)   M=ELogManager ACBP=A9
 0001:0003AB28 000012F4 C=CODE     S=.text    G=(none)   M=EListView ACBP=A9
 0001:0003BE1C 00007434 C=CODE     S=.text    G=(none)   M=EDisAsm  ACBP=A9
 0001:00043250 000290F8 C=CODE     S=.text    G=(none)   M=ExceptionLog ACBP=A9
 0001:0006C348 00000189 C=CODE     S=.text    G=(none)   M=DLL      ACBP=A9
 0002:00000000 000000A4 C=DATA     S=.data    G=DGROUP   M=System   ACBP=A9
 0002:000000A4 00000030 C=DATA     S=.data    G=DGROUP   M=SysInit  ACBP=A9
 0002:000000D4 00000014 C=DATA     S=.data    G=DGROUP   M=ELeaks   ACBP=A9
 0002:000000E8 00000250 C=DATA     S=.data    G=DGROUP   M=SysUtils ACBP=A9
 0002:00000338 00000008 C=DATA     S=.data    G=DGROUP   M=VarUtils ACBP=A9
 0002:00000340 00000076 C=DATA     S=.data    G=DGROUP   M=Variants ACBP=A9
 0002:000003B8 0000000C C=DATA     S=.data    G=DGROUP   M=TypInfo  ACBP=A9
 0002:000003C4 00000028 C=DATA     S=.data    G=DGROUP   M=Classes  ACBP=A9
 0002:000003EC 00000908 C=DATA     S=.data    G=DGROUP   M=EConsts  ACBP=A9
 0002:00000CF4 00000044 C=DATA     S=.data    G=DGROUP   M=ECore    ACBP=A9
 0002:00000D38 0000004C C=DATA     S=.data    G=DGROUP   M=EDebug   ACBP=A9
 0002:00000D84 000001A0 C=DATA     S=.data    G=DGROUP   M=EHook    ACBP=A9
 0002:00000F24 00000001 C=DATA     S=.data    G=DGROUP   M=ESockets ACBP=A9
 0002:00000F28 00000E5C C=DATA     S=.data    G=DGROUP   M=EZlib2   ACBP=A9
 0002:00001D84 00000212 C=DATA     S=.data    G=DGROUP   M=EHash    ACBP=A9
 0002:00001F98 000000C0 C=DATA     S=.data    G=DGROUP   M=EBase64  ACBP=A9
 0002:00002058 00001C14 C=DATA     S=.data    G=DGROUP   M=EWebTools ACBP=A9
 0002:00003C6C 00000020 C=DATA     S=.data    G=DGROUP   M=EXMLBuilder ACBP=A9
 0002:00003C8C 00000024 C=DATA     S=.data    G=DGROUP   M=ELogManager ACBP=A9
 0002:00003CB0 000012D5 C=DATA     S=.data    G=DGROUP   M=EDisAsm  ACBP=A9
 0002:00004F88 0000059C C=DATA     S=.data    G=DGROUP   M=ExceptionLog ACBP=A9
 0002:00006000 00000660 C=BSS      S=.bss     G=DGROUP   M=System   ACBP=A9
 0002:00006660 00000014 C=BSS      S=.bss     G=DGROUP   M=SysInit  ACBP=A9
 0002:00006674 00000004 C=BSS      S=.bss     G=DGROUP   M=Types    ACBP=A9
 0002:00006678 00000004 C=BSS      S=.bss     G=DGROUP   M=Windows  ACBP=A9
 0002:0000667C 00000054 C=BSS      S=.bss     G=DGROUP   M=ELeaks   ACBP=A9
 0002:000066D0 00000004 C=BSS      S=.bss     G=DGROUP   M=SysConst ACBP=A9
 0002:000066D4 00000120 C=BSS      S=.bss     G=DGROUP   M=SysUtils ACBP=A9
 0002:000067F4 00000004 C=BSS      S=.bss     G=DGROUP   M=Messages ACBP=A9
 0002:000067F8 0000005C C=BSS      S=.bss     G=DGROUP   M=VarUtils ACBP=A9
 0002:00006854 00000040 C=BSS      S=.bss     G=DGROUP   M=Variants ACBP=A9
 0002:00006894 00000004 C=BSS      S=.bss     G=DGROUP   M=RTLConsts ACBP=A9
 0002:00006898 00000004 C=BSS      S=.bss     G=DGROUP   M=TypInfo  ACBP=A9
 0002:0000689C 00000004 C=BSS      S=.bss     G=DGROUP   M=ActiveX  ACBP=A9
 0002:000068A0 00000038 C=BSS      S=.bss     G=DGROUP   M=Classes  ACBP=A9
 0002:000068D8 00000004 C=BSS      S=.bss     G=DGROUP   M=ETypes   ACBP=A9
 0002:000068DC 00000004 C=BSS      S=.bss     G=DGROUP   M=EConsts  ACBP=A9
 0002:000068E0 00000009 C=BSS      S=.bss     G=DGROUP   M=ECore    ACBP=A9
 0002:000068EC 00000004 C=BSS      S=.bss     G=DGROUP   M=EDebug   ACBP=A9
 0002:000068F0 00000004 C=BSS      S=.bss     G=DGROUP   M=ShellAPI ACBP=A9
 0002:000068F4 00000004 C=BSS      S=.bss     G=DGROUP   M=WinSock  ACBP=A9
 0002:000068F8 00000010 C=BSS      S=.bss     G=DGROUP   M=EHook    ACBP=A9
 0002:00006908 00000004 C=BSS      S=.bss     G=DGROUP   M=ELang    ACBP=A9
 0002:0000690C 00000004 C=BSS      S=.bss     G=DGROUP   M=ESockets ACBP=A9
 0002:00006910 00002894 C=BSS      S=.bss     G=DGROUP   M=EZlib2   ACBP=A9
 0002:000091A4 00000404 C=BSS      S=.bss     G=DGROUP   M=EHash    ACBP=A9
 0002:000095A8 0000001C C=BSS      S=.bss     G=DGROUP   M=EEncrypt ACBP=A9
 0002:000095C4 00000004 C=BSS      S=.bss     G=DGROUP   M=EBase64  ACBP=A9
 0002:000095C8 00000004 C=BSS      S=.bss     G=DGROUP   M=EZip     ACBP=A9
 0002:000095CC 00000048 C=BSS      S=.bss     G=DGROUP   M=EWebTools ACBP=A9
 0002:00009614 00000004 C=BSS      S=.bss     G=DGROUP   M=EXMLBuilder ACBP=A9
 0002:00009618 00000004 C=BSS      S=.bss     G=DGROUP   M=ELogManager ACBP=A9
 0002:0000961C 00000004 C=BSS      S=.bss     G=DGROUP   M=EListView ACBP=A9
 0002:00009620 00000004 C=BSS      S=.bss     G=DGROUP   M=EDisAsm  ACBP=A9
 0002:00009624 00000E7C C=BSS      S=.bss     G=DGROUP   M=ExceptionLog ACBP=A9


  Address         Publics by Name

 0001:0002B658       ..
 0002:000011EC       ..
 0002:00008918       ..
 0002:0000102C       ..
 0002:00000FD8       ..
 0002:00006918       ..
 0002:00000FC0       ..
 0001:00027BF0       ..
 0002:00000FB8       ..
 0001:00027B28       ..
 0002:00000FAC       ..
 0001:0002771C       ..
 0002:00000F50       ..
 0001:00026208       ..
 0002:00001318       ..
 0002:0000107C       ..
 0002:000068EC       .03
 0002:00006908       .1
 0002:00006674       .1
 0002:000067F4       .1
 0002:000068F8       .1
 0002:000068F4       .1
 0002:000068F0       .1
 0002:00006894       .1
 0002:000095A8       .1
 0002:00006694       .1
 0002:0000666C       .1
 0002:000095C4       .1
 0002:000068D8       .1
 0002:000066D0       .1
 0002:000091A4       .1
 0002:00006910       .2
 0002:0000961C       .2
 0002:00009620       .2
 0002:00009648       .21
 0002:0000689C       .3
 0002:00009618       .3
 0002:00009614       .3
 0002:000095C8       .3
 0002:00006678       .3
 0002:000067E4       .35
 0002:000068E4       .4
 0002:0000690C       .4
 0002:000068A8       .45
 0002:00006850       .5
 0002:000065B8       .5
 0002:000068DC       .5
 0002:00006898       .6
 0002:000095CC       .7
 0002:00006874       .81
 0001:00001FF4       @AbstractError
 0001:00004644       @AddRefArray
 0001:000045FC       @AddRefRecord
 0001:00002E38       @AfterConstruction
 0001:00002D1C       @AsClass
 0001:0000395C       @Assert
 0001:000023DC       @AStrCmp
 0001:00002E48       @BeforeDestruction
 0001:00002D68       @CallDynaInst
 0001:00005644       @CheckAutoResult
 0001:00002DE0       @ClassCreate
 0001:00002E30       @ClassDestroy
 0001:0000232C       @Close
 0001:00001C28       @Copy
 0001:00004838       @CopyArray
 0001:0000471C       @CopyRecord
 0001:0002859C       @deflateInit2_
 0001:00004950       @DispCallByIDError
 0001:00010B0C       @DispInvokeError
 0001:00004940       @Dispose
 0001:00003388       @DoneExcept
 0001:00004E68       @DynArrayAddRef
 0001:00004E40       @DynArrayAsg
 0001:00004E04       @DynArrayClear
 0001:00004C24       @DynArrayHigh
 0001:00004C1C       @DynArrayLength
 0001:00004DF8       @DynArraySetLength
 0001:00003470       @ExceptionHandler
 0001:0000244C       @FillChar
 0001:000277E8       @fill_fopen_filefunc
 0001:000045F0       @Finalize
 0001:00004504       @FinalizeArray
 0001:000044B8       @FinalizeRecord
 0001:00002320       @Flush
 0001:00002AC0       @FpuInit
 0001:000029FC       @FpuMaskInit
 0001:00001A4C       @FreeMem
 0001:00001A1C       @GetMem
 0001:00005D08       @GetTls
 0001:00027D20       @get_crc_table
 0001:00003944       @Halt
 0001:00003864       @Halt0
 0001:00002F5C       @HandleAnyException
 0001:00003248       @HandleAutoException
 0001:00003210       @HandleFinally
 0001:00003088       @HandleOnException
 0001:00029C90       @inflateInit2_
 0001:000296D8       @inflate_fast
 0001:0002B1E8       @inflate_table
 0001:000044AC       @Initialize
 0001:00004418       @InitializeArray
 0001:000043E8       @InitializeRecord
 0001:00003728       @InitImports
 0001:00005D54       @InitLib
 0001:00003700       @InitResStringImports
 0001:00001CE4       @Insert
 0001:000055A8       @IntfAddRef
 0001:00005564       @IntfClear
 0001:0000557C       @IntfCopy
 0001:00002CF8       @IsClass
 0001:000029CC       @isNECWindows
 0001:00001C6C       @LGetDir
 0001:00003ECC       @LStrAddRef
 0001:00003A24       @LStrArrayClr
 0001:00003A54       @LStrAsg
 0001:00003CE4       @LStrCat
 0001:00003D28       @LStrCat3
 0001:00003D9C       @LStrCatN
 0001:00003A00       @LStrClr
 0001:00003E28       @LStrCmp
 0001:00003F3C       @LStrCopy
 0001:00003F7C       @LStrDelete
 0001:00003C70       @LStrFromArray
 0001:00003BE8       @LStrFromChar
 0001:00003BF8       @LStrFromPChar
 0001:00003AF0       @LStrFromPCharLen
 0001:00003C28       @LStrFromPWChar
 0001:00003B5C       @LStrFromPWCharLen
 0001:00003C64       @LStrFromString
 0001:00003C88       @LStrFromWArray
 0001:00003CA4       @LStrFromWStr
 0001:00003FC4       @LStrInsert
 0001:00003A98       @LStrLAsg
 0001:00003CDC       @LStrLen
 0001:00004020       @LStrPos
 0001:00004068       @LStrSetLength
 0001:00003EDC       @LStrToPChar
 0001:00003CB8       @LStrToString
 0001:0000492C       @New
 0001:00003AC4       @NewAnsiString
 0001:00004110       @NewWideString
 0001:00001F74       @Pos
 0001:000026E0       @Pow10
 0001:000023B4       @PStrCpy
 0001:00002384       @PStrNCat
 0001:000023C0       @PStrNCpy
 0001:00003334       @RaiseAgain
 0001:0000330C       @RaiseExcept
 0001:0000246C       @RandInt
 0001:00001A6C       @ReallocMem
 0001:00002068       @RewritText
 0001:00001FC4       @ROUND
 0001:00003950       @RunError
 0001:000026C4       @SetEq
 0001:00001FB4       @SetLength
 0001:00003638       @StartLib
 0001:00000288       @strlen
 0001:00001FD0       @TRUNC
 0001:000033B8       @TryFinallyExit
 0001:00003F34       @UniqueStringA
 0001:000049F8       @ValInt64
 0001:00002488       @ValLong
 0001:0000462C       @VarAddRef
 0001:000120C0       @VarAddRef
 0001:00010DE4       @VarClear
 0001:00010DF8       @VarClr
 0001:000044EC       @VarClr
 0001:00011120       @VarCopy
 0001:00004704       @VarCopy
 0001:0001144C       @VarToLStr
 0001:00011B6C       @VarToWStr
 0001:000040CC       @Write0LString
 0001:000025A0       @WriteBytes
 0001:00002670       @WriteLn
 0001:000040E8       @WriteLString
 0001:000025F4       @WriteSpaces
 0001:000043C8       @WStrAddRef
 0001:00004150       @WStrArrayClr
 0001:00004174       @WStrAsg
 0001:00004138       @WStrClr
 0001:000042B0       @WStrCmp
 0001:00004334       @WStrCopy
 0001:00004284       @WStrFromLStr
 0001:00004198       @WStrFromPCharLen
 0001:00004248       @WStrFromPWChar
 0001:00004224       @WStrFromPWCharLen
 0001:000042A4       @WStrLen
 0001:00004380       @WStrSetLength
 0001:00004294       @WStrToPWChar
 0001:00001BF8       @_IOTest
 0001:0000497C       @_llmod
 0001:00004958       @_llmul
 0001:0002C858       @_tr_align
 0001:0002CB24       @_tr_flush_block
 0001:0002B65C       @_tr_init
 0001:0002C79C       @_tr_stored_block
 0001:0000D998       Abort
 0002:00009779       AbortOperation
 0001:0000DD1C       AbstractErrorHandler
 0002:0000602C       AbstractErrorProc
 0002:00000168       AccessMode
 0001:0005E270       AccessViolationModuleInLongFormat
 0001:00001B40       AcquireExceptionObject
 0001:00054F98       ActicatePage
 0002:000097C0       ActivateEurekaLog
 0001:00012E68       ActiveX
 0001:0003009C       AddAuthenticationToURL
 0001:000003F0       AddBlockAfter
 0001:00064B54       AddCallerCallStack
 0001:00058EA8       AddColor
 0001:00050A5C       AddCustomHeadersToLog
 0001:00050900       AddCustomHeaderToLog
 0001:00024FB4       AddDNS
 0002:00006690       AddLeak
 0001:0004F570       AddModule
 0001:0004F46C       AddModuleFromFileName
 0001:000053CC       AddModuleUnloadProc
 0001:000053BC       AddModuleUnloadProc
 0001:00049438       AddNewProcess
 0001:00049808       AddNewProcessEx
 0001:000230B0       AddrSize
 0001:0005D55C       AddStr
 0001:00016A44       AddThread
 0001:0004F610       AddToStack
 0001:00037F68       AddValueField
 0001:0002601C       AddZipFile
 0001:00054EE8       AdjustDialog
 0001:0005236C       AdjustFlatStyle
 0001:00027820       adler32
 0001:00059A94       AfterScreenshot
 0001:000597B0       AfterScreenshotToStream
 0002:000066AC       AllocatedList_End
 0002:000066A4       AllocatedList_Lock
 0002:000066A8       AllocatedList_Start
 0001:00009660       AllocMem
 0002:000065B0       AllocMemCount
 0002:000065B4       AllocMemSize
 0001:00005C38       AllocTlsBuffer
 0002:00003C4C       AlphaNumerics
 0001:0000E56C       AnsiCompareFileName
 0001:000097CC       AnsiCompareStr
 0001:00009804       AnsiCompareText
 0001:00009798       AnsiLowerCase
 0001:0000E5EC       AnsiLowerCaseFileName
 0001:0000E530       AnsiPos
 0001:0000983C       AnsiSameText
 0001:0000E678       AnsiStrPos
 0001:0000E738       AnsiStrRScan
 0001:0000E780       AnsiStrScan
 0001:000059C4       AnsiToUtf8
 0001:0000BC38       AppendChars
 0001:0000C004       AppendFormat
 0001:0000BC9C       AppendNumber
 0001:0000BC7C       AppendString
 0001:0004FE2C       ApplicationRestore
 0001:000071C8       AreTheSameLeak
 0001:0004E33C       ASMAssigned
 0002:00000E24       AsmConst
 0001:0005E040       ASPDotNetWebSiteFile
 0001:00053908       AssemblerDialogProc
 0001:00044D78       AssemblerToRTF
 0001:0000DD00       AssertErrorHandler
 0002:00006024       AssertErrorProc
 0001:00012B94       AssignLongStr
 0001:000573C8       AssignOnCloseData
 0001:0005131C       AssignPriority
 0001:00022864       AssignValidDebugInfo
 0001:0005A90C       AttachedFile
 0001:0005AB68       AttachedFiles
 0002:0000963C       AttachedFilesRequest
 0001:000606EC       AttrToString
 0002:000097C4       AutoCloseTimer
 0001:000507D4       AutoCloseTimerProc
 0002:00006608       avail
 0001:0000A3F8       BackfillGetDiskFreeSpaceEx
 0001:0000FB00       BackupVarBoolFromStr
 0001:0000FC60       BackupVarBStrFromBool
 0001:0000FB80       BackupVarBStrFromCy
 0001:0000FBF0       BackupVarBStrFromDate
 0001:0000FA94       BackupVarCyFromStr
 0001:0000FA28       BackupVarDateFromStr
 0001:0000F8E4       BackupVarI4FromStr
 0001:0000F890       BackupVariantChangeTypeEx
 0001:0000F950       BackupVarR4FromStr
 0001:0000F9BC       BackupVarR8FromStr
 0001:0002E458       Base64Decode
 0001:0002E538       Base64DecodeStr
 0001:0002E5A0       Base64DecodeString
 0001:0002E39C       Base64Encode
 0001:0005A4B0       Base64EncodeFromFile
 0001:0002E4EC       Base64EncodeStr
 0001:0002E598       Base64EncodeString
 0001:0002E5A8       Base64EncodeToString
 0001:0000E1F0       Beep
 0001:00006330       BeginPaint
 0001:000039B4       BeginThread
 0001:0001C3DC       BinToStr
 0001:00006228       BitBlt
 0001:0000F8CC       BiUnimplemented
 0002:000065E0       blockDescBlockList
 0002:000065E4       blockDescFreeList
 0001:0005D0EC       BlockingSendInternetMessage
 0002:000000D8       BlockOverFoot
 0002:000000D4       BlockOverHead
 0002:000003B8       BooleanIdents
 0002:00000348       BooleanToStringRule
 0001:00009C38       BoolToStr
 0001:000111D4       BoolToWStrViaOS
 0001:00049AA0       BuildListPS
 0001:00049964       BuildListTH
 0002:00004F70       ByteRegs1
 0002:00004F74       ByteRegs2
 0001:00059024       BytesPerScanline
 0001:00058A8C       BytesSwap
 0001:0000E2D4       ByteToCharIndex
 0001:0000E2AC       ByteToCharLen
 0001:0000E270       ByteType
 0001:0000E1F8       ByteTypeTest
 0002:000099BC       Cached_LogFile
 0001:000689D8       CalcAddr
 0001:00058ABC       CalcCRC
 0001:0002E364       CalcDecodedSize
 0001:0004C544       CalcDuplicatedException
 0001:0002E338       CalcEncodedSize
 0001:00023438       CalculateRelocatedAsmSize
 0001:0004D51C       CallAttachedFilesRequest
 0001:0004D58C       CallAttachedFilesRequestEvents
 0001:0004D6C0       CallCustomButtonClickEvent
 0001:0004D72C       CallCustomButtonClickEvents
 0001:0004D44C       CallCustomDataRequest
 0001:0004D4BC       CallCustomDataRequestEvents
 0001:0004D5F0       CallCustomWebFieldsRequest
 0001:0004D660       CallCustomWebFieldsRequestEvents
 0001:00006748       CallerOfReallocMem
 0001:0004D150       CallExceptionActionNotify
 0001:00061004       CallExceptionActionNotify_atSavedLogFile
 0001:00060FE0       CallExceptionActionNotify_atSavingLogFile
 0001:0005BEE8       CallExceptionActionNotify_atSendingEmail
 0001:0005BF30       CallExceptionActionNotify_atSendingWebMessage
 0001:0005BF0C       CallExceptionActionNotify_atSentEmail
 0001:0005BF54       CallExceptionActionNotify_atSentWebMessage
 0001:00061380       CallExceptionActionNotify_atShowedExceptionInfo
 0001:0006135C       CallExceptionActionNotify_atShowingExceptionInfo
 0001:000583AC       CallExceptionActionNotify_atTerminating
 0001:0004D2C4       CallExceptionErrorNotify
 0001:00061028       CallExceptionErrorNotify_atSavedLogFile
 0001:0005BF78       CallExceptionErrorNotify_atSentEmail
 0001:0005BF9C       CallExceptionErrorNotify_atSentWebMessage
 0001:0004CF58       CallExceptionNotify
 0001:0004CFC4       CallExceptionNotifyEvents
 0002:00004F90       CallForGetLogText
 0002:00004F8C       CallFromCOMObject
 0001:0004D028       CallHandledExceptionNotify
 0001:0004D094       CallHandledExceptionNotifyEvents
 0001:0004D4C8       CallModuleEvent_AttachedFilesRequest
 0001:0004D66C       CallModuleEvent_CustomButtonClickNotify
 0001:0004D3F8       CallModuleEvent_CustomDataRequest
 0001:0004D598       CallModuleEvent_CustomWebFieldsRequest
 0001:0004D0A0       CallModuleEvent_ExceptionActionNotify
 0001:0004D218       CallModuleEvent_ExceptionErrorNotify
 0001:0004CF08       CallModuleEvent_ExceptionNotify
 0001:0004CFD0       CallModuleEvent_HandledExceptionNotify
 0001:0004D738       CallModuleEvent_PasswordRequest
 0001:0004D38C       CallPasswordRequest
 0001:0004FA2C       CallStackByAddresses
 0001:00053E20       CallStackDialogProc
 0001:000613A4       CallWriteIntraWebText
 0001:0006749C       Call_HookedExceptionObject
 0001:000671F8       Call_HookedRaise
 0001:000674C8       Call_HookedRtlUnwind
 0001:00058614       CalsCoordinates
 0002:0000977A       CanAttachScreenshot
 0002:00009775       CanAttachScreenshot_Show
 0002:0000977B       CanCopy
 0002:00009776       CanCopy_Show
 0001:0004E108       CanExit
 0002:0000973D       CanHookLibraries
 0002:00005490       CannotProcessMessagesExceptions
 0002:000054DC       CannotShowDialog
 0002:00009940       CannotUseThread
 0001:00064BC8       CanPauseThisThread
 0002:00009774       CanSendError_Show
 0002:00009778       CanSendMessage
 0001:00068880       CanShowHandledExceptionEx
 0002:00009777       CanSupport_Show
 0002:000099EC       CaptionFontName
 0002:00009C28       CAPTION_HEIGHT
 0002:00001FD8       cBase64Codec
 0002:00001F98       cBase64Codec
 0001:00051DAC       CenterOnActiveWndMonitor
 0001:00050758       CenterWindow
 0002:000096F8       CGIHandleException
 0002:000096A4       CGIOutputFile
 0002:0000686C       ChangeAnyProc
 0001:00009F7C       ChangeFileExt
 0001:0006AC0C       ChangeFinalizationOrder
 0001:0005733C       ChangeLogUserEmail
 0001:00003B20       CharFromWChar
 0001:0000E4B8       CharLength
 0001:00006338       CharLowerBuff
 0001:00006340       CharNext
 0001:000001E8       CharNext
 0002:00003C90       chars
 0001:0000E3C0       CharToByteIndex
 0001:0000E424       CharToByteLen
 0001:00006348       CharToOemA
 0001:0006B538       CheckCrc32
 0001:0001B490       CheckDirectoryExists
 0001:00030008       CheckError
 0001:00023AFC       CheckFail
 0001:0006A8F0       CheckForMemoryLeaks
 0001:0004B120       CheckForResult
 0001:0001B270       CheckIntoIDE
 0001:00002ED8       CheckJmp
 0001:000259B4       CheckLibrary
 0001:00043DC0       CheckMagicCode
 0001:00006EC4       CheckOurPointer
 0001:00016A5C       CheckSynchronize
 0002:0000034C       CInvalidCustomVariantType
 0001:00017274       Classes
 0002:00006868       ClearAnyProc
 0001:00047CC4       ClearInternalError
 0001:000123FC       ClearVariantTypeList
 0002:00009B91       ClickLinkActive
 0001:0003B434       ClickOnSign
 0001:000461A8       CloneObject
 0001:00006350       CloseClipboard
 0001:00005E70       CloseHandle
 0001:00000188       CloseHandle
 0001:0004C528       CloseLogFile
 0001:0005A830       CloseSendDialog
 0001:00022A0C       closesocket
 0001:000261E0       CloseZipFile
 0002:00009700       CLXHandleException
 0002:00009704       CLXShowException
 0002:00006040       CmdLine
 0002:0000603C       CmdShow
 0001:0000F8D8       CmpUnimplemented
 0002:00005504       ColIdx
 0002:00009BC4       ColWidths
 0001:00006230       CombineRgn
 0001:00000770       Commit
 0002:00006624       committedRoot
 0001:000596F4       CommonSaveToStream
 0001:0004E61C       CompareEurekaFunctions
 0001:00048F00       CompareModulesFunctions
 0001:0004928C       CompareProcessesFunctions
 0001:00005E78       CompareString
 0001:00009720       CompareText
 0001:00009B60       CompareWith
 0001:0005F494       CompleteIP
 0001:00031DEC       CompleteNumber
 0001:00044360       CompleteStr
 0001:00037184       CompleteStr
 0001:00060740       CompleteString
 0001:00019F20       CompleteVersion
 0001:0002D5DC       Compress
 0001:00027BDC       compressBound
 0001:0001DE58       ComputerName
 0001:00045C54       ComputerName
 0001:00022A14       connect
 0001:0000D728       ConvertAddr
 0001:00006A30       ConvertAddress
 0001:0001AB20       ConvertAddress
 0001:0000BD90       ConvertEraString
 0001:00009624       ConvertError
 0001:0000963C       ConvertErrorFmt
 0001:00036870       ConvertNotDosText
 0001:0002EAA4       ConvertSpecialHTMLChars
 0001:0000BEFC       ConvertYearString
 0001:00004C2C       CopyArray
 0001:000065B8       CopyMemory
 0001:00006358       CopyRect
 0001:0004DA50       CopyStrings
 0001:000078E4       CountAllLeaks
 0001:0000E330       CountChars
 0001:00054CBC       CPUDialogProc
 0001:00045114       CPUToRTF
 0002:00001D84       Crc16Tab
 0001:00027D34       crc32
 0002:000091A8       crc_table
 0002:00001F84       crc_table_computed
 0001:00059238       Create8bitBitmap
 0001:0000DC44       CreateAssertException
 0001:0000DDCC       CreateAVObject
 0001:00006238       CreateBitmap
 0001:00006240       CreateCompatibleBitmap
 0001:00006248       CreateCompatibleDC
 0001:00006630       CreateDialogA
 0001:000503EC       CreateDialogFonts
 0001:00006360       CreateDialogParamA
 0001:00006250       CreateDIBSection
 0001:0000A4F0       CreateDir
 0001:00005E80       CreateDirectory
 0001:00005E88       CreateEvent
 0001:000515D4       CreateExceptionReport
 0001:00005E90       CreateFile
 0001:00000190       CreateFileA
 0001:00005E98       CreateFileA
 0001:00005EA0       CreateFileMapping
 0001:00006258       CreateFontA
 0001:00006260       CreateFontIndirect
 0001:00006268       CreateFontIndirectA
 0001:000613B0       CreateGeneralText
 0001:0004A4E0       CreateHTMLByLayout
 0001:0004CB30       CreateHTMLFile
 0001:0000DB70       CreateInOutError
 0001:00051920       CreateLeakReport
 0001:00062578       CreateLogText
 0001:000253E8       CreateMXQuery
 0001:00058E44       CreateOctreeNode
 0001:00006270       CreatePalette
 0001:00005EA8       CreateProcessA
 0001:00006278       CreateRectRgn
 0001:00006280       CreateRectRgnIndirect
 0001:00006288       CreateSolidBrush
 0001:0004A8B8       CreateTemplateFile
 0001:000001F0       CreateThread
 0001:00051AC0       CreateThreadStr
 0001:0005B9E8       CreateTmpLogFile
 0001:000467E8       CreateVirtualFile
 0001:0004CBFC       CreateXMLLogCopy
 0001:0005BFC0       CreateZIPFile
 0001:00025F88       CreateZipFile
 0001:00069DC8       Create_EurekaLogUnitsList
 0002:000003A4       CRelationshipToBoolean
 0002:00000338       CResult
 0002:00000CF4       CriticalError
 0002:000054B4       CriticalExceptObject
 0002:00000160       cSimpleBoolStrs
 0002:00000350       CText
 0002:0000661C       curAlloc
 0002:000066DC       CurrencyDecimals
 0002:000066D8       CurrencyFormat
 0002:000066D4       CurrencyString
 0002:0000972C       CurrentAsmErrorLine
 0002:00009734       CurrentAsmErrorText
 0002:00009738       CurrentCPUErrorText
 0002:000097C8       CurrentDialog
 0001:00068A4C       CurrentEurekaLogOptions
 0002:00009730       CurrentGeneralErrorText
 0002:000096A0       CurrentOptions
 0002:000097E0       CurrentProcessWindowsList
 0002:000054A0       CurrentStackList
 0001:0000BC24       CurrentYear
 0001:0000B5C8       CurrToStr
 0001:00011164       CurrToWStrViaOS
 0002:00009644       CustomButtonClickNotify
 0002:00009638       CustomDataRequest
 0002:00009764       CustomExceptMessage
 0001:0006A984       CustomHandler
 0002:00009640       CustomWebFieldsRequest
 0002:000095AC       CV
 0001:000098A4       CvtInt
 0001:00009910       CvtInt64
 0002:000001A0       CWNear
 0001:0000BB74       Date
 0002:000066DD       DateSeparator
 0001:0000C868       DateTimeToStr
 0001:0000C7DC       DateTimeToString
 0001:0000B6E0       DateTimeToTimeStamp
 0001:0000C838       DateToStr
 0001:0001119C       DateToWStrViaOS
 0001:0000BB4C       DayOfWeek
 0002:000097DC       DbgSection
 0002:0000019C       DCon10
 0002:0000002C       DebugHook
 0002:0000991C       DebugHook_Assigned
 0001:0005D5AC       DebugToStr
 0002:000066DB       DecimalSeparator
 0001:0000BABC       DecodeDate
 0001:0000B96C       DecodeDateFully
 0001:0001FD08       DecodeNameString
 0001:0000B7D4       DecodeTime
 0001:00000830       Decommit
 0001:00000F5C       DecommitFree
 0002:000065F8       decommittedRoot
 0001:0002E230       Decrypt
 0002:00000024       Default8087CW
 0002:00000038       DefaultTextLineBreakStyle
 0002:000065BC       DefaultUserCodePage
 0001:00028B6C       deflate
 0001:00028E30       deflateEnd
 0001:00028580       deflateInit_
 0002:0000022C       DefLongDayNames
 0002:000001E0       DefLongMonthNames
 0002:00000210       DefShortDayNames
 0002:000001B0       DefShortMonthNames
 0001:00006368       DefWindowProcA
 0001:00004EA4       DelayLoadResourceModule
 0001:0000044C       DeleteBlock
 0001:00005EB0       DeleteCriticalSection
 0001:0000035C       DeleteCriticalSection
 0001:00006290       DeleteDC
 0001:0005C12C       DeleteExtraFiles
 0001:00009F14       DeleteFile
 0001:00005EB8       DeleteFile
 0001:00005EC0       DeleteFileA
 0001:00048E8C       DeleteFileEx
 0001:00000D44       DeleteFree
 0001:00006298       DeleteObject
 0001:00058D50       DeleteTree
 0001:00046954       DeleteVirtualFile
 0001:00050634       DestroyDialogFonts
 0001:00006370       DestroyWindow
 0002:00009C04       DetailsActive
 0001:000523AC       DetailsState
 0001:00006378       DialogBoxParamA
 0002:00009C10       DialogHeight
 0002:0000992C       DialogType
 0002:00000094       dig
 0002:00000CF8       Digits
 0001:0004A894       DirectoryExists
 0001:000083F0       DisableMemoryLeaksCheck
 0001:00006380       DispatchMessage
 0002:00006000       DispCallByIDProc
 0001:00009608       DivMod
 0001:000500A4       DlgTemplate
 0001:0006C4BC       DLL
 0002:00006900       DllList
 0002:00006668       DllProc
 0001:0006C368       DLL_Error
 0001:00023FF0       Done
 0001:00025844       Done
 0001:0001E194       Done
 0001:000085DC       Done
 0001:0006BE64       Done
 0001:00069A98       DoneCheckFreeze
 0002:000096F4       DoneExcept
 0001:0006ABC0       DoneExceptAddr
 0001:0000E100       DoneExceptions
 0001:0002FAE4       DoneLib
 0001:0000817C       DoneShareMem
 0001:000169F8       DoneThreadSynchronization
 0001:0001A6BC       DotNetHostedFile
 0001:0005E098       DotNetHostedFileHandle
 0001:0005E04C       DotNetMainFile
 0002:000054C4       DotNetMetadataFile
 0002:000054E4       Dots
 0002:000003C0       DotSep
 0001:00014424       DoWrite
 0001:0003ABF8       DrawBmp
 0001:0003B7A4       DrawBottom
 0001:00057290       DrawButton
 0001:00057124       DrawClickHere
 0001:0005709C       DrawControl
 0001:0003B730       DrawFrame
 0001:00006388       DrawIconEx
 0001:0003B84C       DrawItem
 0001:0003B7F8       DrawLine
 0001:00055278       DrawSupportLink
 0001:00006390       DrawTextA
 0002:0000977C       DuplicatedException
 0001:00005EC8       DuplicateHandle
 0001:00004C44       DynArrayClear
 0001:00004C4C       DynArraySetLength
 0001:0002E60C       EBase64
 0001:00019C7C       EConsts
 0001:0001E1EC       ECore
 0001:000229C4       EDebug
 0001:00043248       EDisAsm
 0001:0002E330       EEncrypt
 0001:0002DFD0       EHash
 0001:0000DB44       EHeapException.FreeInstance
 0001:00024104       EHook
 0001:00036E14       ElaborateString
 0001:000302C8       ElaborateURL
 0001:00030430       ElaborateWebPage
 0001:00024214       ELang
 0001:0000869C       ELeaks
 0001:0003BE14       EListView
 0001:0003AB20       ELogManager
 0001:00006398       EmptyClipboard
 0002:00006854       EmptyParam
 0002:000000E8       EmptyStr
 0002:000000EC       EmptyWideStr
 0002:000003F4       EMsgs
 0001:00008264       EnableMemoryLeaksCheck
 0001:000063A0       EnableWindow
 0001:00058C74       Encode
 0001:0000B93C       EncodeDate
 0002:00003C6C       EncodedChars
 0001:0000B794       EncodeTime
 0001:0005BB4C       EncodeURL
 0001:000063A8       EndDialog
 0001:000063B0       EndPaint
 0001:000039F8       EndThread
 0001:00005ED0       EnterCriticalSection
 0001:0000034C       EnterCriticalSection
 0001:00005ED8       EnumCalendarInfoA
 0001:0000D39C       EnumEraNames
 0001:0000D3D8       EnumEraYearOffsets
 0001:00005EE0       EnumSystemLocalesA
 0001:000063B8       EnumWindows
 0001:000481DC       EnumWindowsProc
 0001:00047F6C       EnumWindowsProc
 0001:000480C8       EnumWindowsProc
 0001:00048010       EnumWindowsProc
 0001:0001F22C       Eof
 0002:00003C8C       EOFLine
 0002:000067A4       EraNames
 0001:0000CAF4       EraToYear
 0002:000067C0       EraYearOffsets
 0002:0000006C       errCaption
 0001:00059B60       Error
 0001:00001BEC       Error
 0001:00008044       Error
 0001:0006C35C       Error0
 0001:0006C350       Error1
 0001:0006C348       Error2
 0002:00000004       ErrorAddr
 0001:00001BA0       ErrorAt
 0001:0000DBF0       ErrorHandler
 0002:00000248       ErrorMap
 0002:00006008       ErrorProc
 0002:000063E4       ErrOutput
 0002:00000BCC       EShowOptions
 0001:000258A4       ESockets
 0001:00017338       ETypes
 0002:000003EC       EurekaLogCurrentVersion
 0002:00009798       EurekaLogList
 0001:0005A408       EurekaLogSendEmail
 0002:00004F98       EurekaLogUnits
 0002:000097BC       EurekaLogUnitsList
 0001:0004DF1C       EurekaLog_AttachedFilesRequestEvent
 0001:00067B88       EurekaLog_CallCreateThread
 0001:00067308       EurekaLog_CallExceptObject
 0001:00067CCC       EurekaLog_CallExitThread
 0001:00067184       EurekaLog_CallGeneralRaise
 0001:00067C28       EurekaLog_CallResumeThread
 0001:0004E064       EurekaLog_CustomButtonClickEvent
 0001:0004DE78       EurekaLog_CustomDataRequestEventEx
 0001:0004DFC0       EurekaLog_CustomWebFieldsRequestEvent
 0001:0004DD30       EurekaLog_ExceptionActionNotifyEvent
 0001:0004DDD4       EurekaLog_ExceptionErrorNotifyEvent
 0001:0004DBE8       EurekaLog_ExceptionNotifyEvent
 0001:0004DC8C       EurekaLog_HandledExceptionNotifyEvent
 0001:00067B80       EurekaLog_LastDelphiException
 0001:0004DAD4       EurekaLog_PasswordRequestEvent
 0001:0004DB18       EurekaLog_PasswordRequestEventEx
 0002:00000954       EVals
 0002:00000C8C       EVariablesOptions
 0001:0003617C       EWebTools
 0001:00001B14       ExceptAddr
 0002:0000600C       ExceptClsProc
 0001:0000E06C       ExceptHandler
 0001:0000D9B8       Exception.Create
 0001:0000D9F4       Exception.CreateFmt
 0001:0000DA74       Exception.CreateRes
 0001:0000DAB0       Exception.CreateResFmt
 0002:0000962C       ExceptionActionNotify
 0002:0000601C       ExceptionClass
 0002:00009674       ExceptionCriticalSection
 0001:0000D734       ExceptionErrorMessage
 0002:00009630       ExceptionErrorNotify
 0001:00047268       ExceptionLine
 0001:0006C2D0       ExceptionLog
 0001:00068D7C       ExceptionManager
 0002:00009624       ExceptionNotify
 0002:000096AC       ExceptionNumber
 0002:000097D0       ExceptionsTime
 0002:000097D4       ExceptionTime
 0001:0004AE20       ExceptionTypeByAddr
 0002:00000280       ExceptMap
 0001:0006681C       ExceptNotify
 0001:0005D3D4       ExceptNotifyAfter1
 0001:0005D4D0       ExceptNotifyAfter2
 0001:0005D4E4       ExceptNotifyAfter3
 0001:00001AF4       ExceptObject
 0002:00006010       ExceptObjProc
 0002:00006004       ExceptProc
 0001:0001B404       ExcludeLastBackslash
 0002:00000000       ExitCode
 0001:000037A8       ExitDll
 0002:00006044       ExitProc
 0001:00000200       ExitProcess
 0002:00006028       ExitProcessProc
 0001:00005CE4       ExitProcessTLS
 0001:000001F8       ExitThread
 0001:00005EE8       ExitThread
 0001:00005CBC       ExitThreadTLS
 0001:00036724       EXMLBuilder
 0001:0001A5D0       ExpandEnvVars
 0001:0000A158       ExpandFileName
 0001:0004E6E8       ExportedFunctions
 0001:0004C0BC       ExtractDebugData
 0001:0000A044       ExtractFileDrive
 0001:0000A110       ExtractFileExt
 0001:0000A0D8       ExtractFileName
 0001:000066D4       ExtractFileName
 0001:0000A010       ExtractFilePath
 0001:0000A194       ExtractFilePathNoDrive
 0001:00069268       ExtractGZipStream
 0001:0001A194       ExtractList
 0001:0000A228       ExtractRelativePath
 0001:0004BBE4       ExtractStr
 0001:0001AFF4       ExtractStringsEx
 0001:00051404       ExtractThreadByList
 0001:00038484       ExtractValue
 0001:0002E760       EZip
 0001:0002D4CC       EZlib2
 0002:000099C8       fActive
 0002:000054D8       fActivePage
 0002:000067E0       FalseBoolStrs
 0002:000099E4       fBigFont
 0002:000099CC       fCaptionFont
 0002:00000190       FCon1E18
 0002:000099C0       fDlgBack
 0001:00060AB0       FetchStr
 0002:000099D4       fFixedFont1
 0002:000099D8       fFixedFont2
 0001:00009DA0       FileAge
 0001:00009D98       FileClose
 0001:00009D00       FileCreate
 0001:00009CDC       FileCreate
 0001:0000A478       FileDateToDateTime
 0001:00009E08       FileExists
 0002:0000000C       FileMode
 0001:000020B0       FileNOPProc
 0001:00009C84       FileOpen
 0001:00009D08       FileRead
 0001:00009D60       FileSeek
 0001:00005EF0       FileTimeToDosDateTime
 0001:00005EF8       FileTimeToLocalFileTime
 0001:00009D34       FileWrite
 0001:00000E7C       FillAfterGap
 0001:0004CD88       FillAttachedList
 0001:00000E1C       FillBeforeGap
 0001:00000F1C       FillerSizeAfterGap
 0001:00000EA4       FillerSizeBeforeGap
 0001:000063C0       FillRect
 0001:00049348       FillThreadsCount
 0001:00012DE0       Finalization
 0001:000128FC       Finalization
 0001:00012758       Finalization
 0001:00005D9C       Finalization
 0001:0002E300       Finalization
 0001:0001E198       Finalization
 0001:0000F638       Finalization
 0001:00005AE0       Finalization
 0001:00022928       Finalization
 0001:000431AC       Finalization
 0001:00012E38       Finalization
 0001:00005DF0       Finalization
 0001:00019BF8       Finalization
 0001:000229D4       Finalization
 0001:00017308       Finalization
 0001:000171C4       Finalization
 0001:0002E730       Finalization
 0001:0002584C       Finalization
 0001:0003612C       Finalization
 0001:000366F4       Finalization
 0001:0002DFA0       Finalization
 0001:00006648       Finalization
 0001:0000F838       Finalization
 0001:00022A74       Finalization
 0001:000241E4       Finalization
 0001:000089B0       Finalization
 0001:0003AAE4       Finalization
 0001:0003BDE4       Finalization
 0001:0001002C       Finalization
 0001:000240B0       Finalization
 0001:0002D49C       Finalization
 0001:0006C374       Finalization
 0001:00008664       Finalization
 0001:0002E5DC       Finalization
 0001:0006C120       Finalization
 0002:00006684       FinalizationProc
 0001:00004C3C       FinalizeArray
 0001:00003558       FinalizeUnits
 0001:00004F34       FindBS
 0001:00004E9C       FindClassHInstance
 0001:00000210       FindClose
 0001:00009EF8       FindClose
 0001:00005F00       FindClose
 0001:00000DD8       FindCommitted
 0001:000126A0       FindCustomVariantType
 0001:0005B968       FindEOFLine
 0001:0002FEF8       FindErrorMessage
 0001:00061300       FindException
 0001:00009E84       FindFirst
 0001:00005F08       FindFirstFile
 0001:00000218       FindFirstFile
 0001:00005F10       FindFirstFileA
 0001:000495F0       FindFullPath
 0001:0004BFF4       FindFunction
 0002:000068B4       FindGlobalComponentProcs
 0001:00043DD4       FindHandled
 0001:00004E74       FindHInstance
 0001:000072BC       FindLeakAddress
 0001:00007520       FindLeakClassName
 0001:000071EC       FindLeakSons
 0001:0006B474       FindMainInstance
 0001:00009E18       FindMatchingFile
 0001:00048650       FindModuleType
 0001:00009ED4       FindNext
 0001:00005F18       FindNextFile
 0001:00007138       FindNextValidLeak
 0001:0001F3A4       FindParam
 0001:0000FCF4       FindProc
 0001:00049294       FindProcess
 0001:00005F20       FindResourceA
 0001:00004EEC       FindResourceHInstance
 0001:0002F654       FindSelected
 0001:00043D8C       FirstProc
 0002:000099F0       FixedFontName1
 0002:000099F4       FixedFontName2
 0002:000099E8       FixedFontSize
 0002:00009C2C       FixedTmpOptionsFile
 0002:000067F0       FLanguages
 0002:000099DC       fLinkFont
 0002:000099E0       fLinkFont2
 0002:00009B6C       fListViewItems
 0002:00004670       FloatingPointOpcodes
 0001:0000B258       FloatToDecimal
 0001:0000B598       FloatToStr
 0001:0000AC90       FloatToText
 0001:0000AF64       FloatToTextFmt
 0001:00002314       Flush
 0001:00005F28       FlushInstructionCache
 0002:000099C4       fMemoBack
 0002:00009B4C       fMonitor
 0002:00009B54       fMonitorInfo
 0002:000001A4       FMSecsPerDay
 0001:0000AB84       FmtStr
 0001:00068CC8       ForceApplicationTermination
 0001:0001B4B4       ForceDirectoriesEx
 0001:0000AB70       Format
 0002:000001AC       Format
 0001:0000A7AC       FormatBuf
 0001:0000A7A0       FormatClearStr
 0001:00060F20       FormatComplete
 0001:0000C87C       FormatDateTime
 0001:0000A724       FormatError
 0002:00000188       FormatErrorStrs
 0001:0000B5F8       FormatFloat
 0001:00005F30       FormatMessage
 0001:000222E4       FormatProcName
 0001:0000A77C       FormatVarToStr
 0001:000026D8       FPower10
 0001:000063C8       FrameRect
 0001:000078A4       FreeAllLeaks
 0001:0000F358       FreeAndNil
 0001:000461DC       FreeClonedObject
 0001:00000AD8       FreeCommitted
 0001:00001110       FreeCurAlloc
 0001:00017150       FreeIntConstList
 0001:00000220       FreeLibrary
 0001:00005F38       FreeLibrary
 0001:00046F14       FreeOutOfMemoryCache
 0001:00059B24       FreeScreenshot
 0001:000006A8       FreeSpace
 0001:0000EE58       FreeTerminateProcs
 0002:00009740       FreezeThread
 0002:00009B50       fSendBmp
 0002:00009600       FtpOpenFile
 0001:00035B60       FTPUploadFiles
 0002:000099D0       fVariableFont
 0001:00054AB4       GeneralDialogProc
 0001:00066F64       GeneralRaise
 0001:00044914       GeneralToRTF
 0001:0005CAE0       GenerateCustomWebFieldsString
 0001:0004A770       GenerateHTML
 0001:00030C00       GenerateMultipartBoundary
 0001:00034FC8       GenerateMultipartBoundary
 0001:000350F8       GenerateRequestBody
 0001:00030CC4       GenerateRequestBody
 0001:00005F58       GetACP
 0001:0005E8D4       GetActiveControlClass
 0001:0005E8EC       GetActiveControlText
 0001:0005E7F4       GetActiveFormClass
 0001:0005E840       GetActiveFormText
 0001:00051B28       GetActiveMonitorData
 0001:0005F5D0       GetAdapterInfo
 0001:00049314       GetAllocatedMemory
 0001:0004BFD4       GetAndSetFunctionSize
 0001:0005F144       GetApplicationName
 0001:00048140       GetApplicationRect
 0001:0005E7D4       GetApplicationUpTime
 0001:00023218       GetAsmSize
 0001:0004FEA0       GetBaseOfStack
 0001:00000364       GetBlockDesc
 0001:00057208       GetBottonWidth
 0001:0000662C       GetBValue
 0001:0004FD7C       GetCallStackByAddresses
 0001:00046F54       GetCallStackDump
 0001:000063D0       GetClassInfo
 0001:000063D8       GetClassNameA
 0001:00000300       GetCmdShow
 0001:0003BC64       GetColumnAlign
 0001:0003BC38       GetColumnCount
 0001:00000228       GetCommandLine
 0001:00005F68       GetCommandLine
 0001:000008EC       GetCommitted
 0001:00000994       GetCommittedAt
 0001:00060958       GetCompanyName
 0001:0005E76C       GetCompilationDate
 0001:000443E8       GetCompleteTimeStr
 0001:00005F70       GetComputerNameA
 0001:000662A0       GetControlClass
 0001:000662FC       GetControlText
 0001:0000BCE8       GetCount
 0001:00005F60       GetCPInfo
 0001:0002D578       GetCRC16
 0001:0002D530       GetCRC32
 0001:0000A4E4       GetCurrentDir
 0001:00000230       GetCurrentDirectory
 0001:000062A0       GetCurrentObject
 0001:00060C4C       GetCurrentPrinterHandle
 0001:00005F78       GetCurrentProcess
 0001:00005F80       GetCurrentProcessId
 0001:00068D74       GetCurrentStackPointer
 0001:0004FEA8       GetCurrentStackPointer
 0001:00005F88       GetCurrentThread
 0001:00005F90       GetCurrentThreadId
 0001:000002F0       GetCurrentThreadId
 0001:000461FC       GetCurrentTopOfStack
 0001:00060780       GetCurrentUserPrivileges
 0001:000063E0       GetCursor
 0001:000063E8       GetCursorPos
 0001:00007010       GetDataCaller
 0001:0000BD18       GetDate
 0001:00005F98       GetDateFormat
 0001:0000CA0C       GetDateOrder
 0001:000063F0       GetDC
 0001:0004F5D0       GetDebugDetail
 0001:0005D64C       GetDebugInfoEx
 0001:0004C3B4       GetDebugInfosByAddr
 0001:0004BDC0       GetDebugPartialInfo
 0001:00060B64       GetDefaultPrinter
 0001:000063F8       GetDesktopWindow
 0001:000062B0       GetDeviceCaps
 0001:00054EC4       GetDialogState
 0001:000062A8       GetDIBits
 0001:00005FA0       GetDiskFreeSpaceA
 0002:0000015C       GetDiskFreeSpaceEx
 0001:0005EEF4       GetDiskInfo
 0001:00060694       GetDisplayDPI
 0001:0005F3F4       GetDisplayMode
 0001:00006400       GetDlgItem
 0001:00024FD8       GetDNSList
 0001:000251A4       GetDomain
 0001:00025310       GetDomainName
 0001:00062254       GetDump
 0001:00002D38       GetDynaMethod
 0001:00061F94       GetEAX
 0001:00061FEC       GetEBX
 0001:00062044       GetECX
 0001:0006214C       GetEDI
 0001:00050E78       GetEditText
 0001:0006209C       GetEDX
 0001:0004E334       GetEF
 0001:00041BC8       GetEffectiveAddress
 0001:000621FC       GetEIP
 0001:000624D0       GetEmptySection
 0001:0001296C       GetEnumName
 0001:00005FA8       GetEnvironmentVariableA
 0001:0001A494       GetEnvVariable
 0001:0000D450       GetEraNamesAndYearOffsets
 0001:0000CAA0       GetEraYearOffset
 0001:000620F4       GetESI
 0001:00046F44       GetESP
 0001:000621A4       GetESP
 0001:0001A81C       GetEurekaLogDir
 0001:0004EBF8       GetEurekaLogModuleVersion
 0001:0005EAE8       GetExceptionAddress
 0001:0000DDB4       GetExceptionClass
 0001:0005EAD0       GetExceptionDate
 0001:0005E53C       GetExceptionMessage
 0001:0005EB1C       GetExceptionModuleName
 0001:0005EC00       GetExceptionModuleVersion
 0001:0000DFA0       GetExceptionObject
 0001:0005EC84       GetExceptionType
 0001:0004FFB4       GetExceptMessage
 0001:00005FB0       GetExitCodeProcess
 0001:00005FB8       GetExitCodeThread
 0001:0002EEF4       GetFieldValue
 0001:00005FC0       GetFileAttributes
 0001:00005FC8       GetFileAttributesA
 0001:0003508C       GetFileContents
 0001:0002FE8C       GetFileContents
 0001:00048E58       GetFileSize
 0001:00025FE0       GetFileSize
 0001:00035B24       GetFileSize
 0001:000001A0       GetFileSize
 0001:00000198       GetFileType
 0001:0005FB38       GetFileVersionEx
 0001:00006210       GetFileVersionInfoA
 0001:00006218       GetFileVersionInfoSizeA
 0001:00006408       GetFocus
 0001:00006410       GetForegroundWindow
 0001:0000EA2C       GetFormatSettings
 0001:00006ABC       GetFramesCallStackDump
 0001:0005EFEC       GetFreeDisk
 0001:0005EE74       GetFreeMemory
 0001:00005FD0       GetFullPathName
 0001:0005D920       GetFunctionAsm
 0001:0002336C       GetFunctionSize
 0001:0001B228       GetGMT
 0001:00006628       GetGValue
 0001:00005FD8       GetHandleInformation
 0001:00022A44       gethostbyname
 0001:00022A4C       gethostname
 0001:000304E8       GetHTTPResponse
 0001:000353B8       GetHTTPResponse
 0001:00006418       GetIconInfo
 0001:0002261C       GetImageNtHeaders
 0001:0005FD2C       GetIndexKeyName
 0001:00060B04       GetIniDefPrinter
 0001:00066C38       GetIntraWebExceptionType
 0001:0003ABD0       GetItemRect
 0001:00053DD4       GetItemText
 0001:00006420       GetKeyboardState
 0001:000029C4       GetKeyboardType
 0001:0005EA84       GetLanguageString
 0001:00005FE0       GetLastError
 0001:00000238       GetLastError
 0001:0000725C       GetLeakCount
 0001:0002F868       GetListDefault
 0001:0002F4E0       GetListValue
 0001:0000D214       GetLocaleChar
 0001:0005E958       GetLocaleDataA
 0001:0005E918       GetLocaleDataW
 0001:00005FF0       GetLocaleInfo
 0001:00000240       GetLocaleInfo
 0001:00005FF8       GetLocaleInfoA
 0001:00006000       GetLocaleInfoW
 0001:0000D1C8       GetLocaleStr
 0001:00005FE8       GetLocalTime
 0001:0001AC0C       GetLongNameFromShort
 0001:00012BA8       GetLongStrProp
 0001:00047FA4       GetMainWindow
 0001:000062B8       GetMapMode
 0001:0002DE98       GetMD5
 0001:0005ED28       GetMemInfo
 0001:00001ABC       GetMemoryManager
 0001:00012D68       GetMethodProp
 0001:00025E84       GetModifiedDate
 0001:0001AB68       GetModifiedDate
 0001:00048A20       GetModuleDescriptionAndVersion
 0001:00000248       GetModuleFileName
 0001:00006008       GetModuleFileName
 0001:00006010       GetModuleFileNameA
 0001:00000250       GetModuleHandle
 0001:00006018       GetModuleHandle
 0001:00006020       GetModuleHandleA
 0001:00048814       GetModulePath
 0001:000488F0       GetModuleSize
 0001:000491FC       GetModulesList
 0001:0004906C       GetModulesWin9X
 0001:00048F08       GetModulesWinNT
 0001:00048980       GetModuleVer
 0001:0004CEB0       GetModule_ProcedureEvent
 0001:00051D88       GetMonitorWorkAreaFromActiveWnd
 0001:00051D64       GetMonitorWorkAreaFromWnd
 0001:00051C7C       GetMonitorWorkAreaFromWndEx
 0001:0000D278       GetMonthDayNames
 0001:00025538       GetMXBestRecord
 0001:00025470       GetMXRecord
 0001:00025628       GetMXServerFromEmail
 0001:0005F99C       GetNetworkData
 0001:000062C0       GetObject
 0001:00007024       GetObjectCaller
 0001:000591C8       GetOptimizedPalette
 0001:0002F744       GetOptionsDefault
 0001:00007FF4       GetOptionsFromExeFile
 0001:0002F2E0       GetOptionsValue
 0001:00012AB4       GetOrdProp
 0001:00045C20       GetOSBuild
 0001:0005EAB8       GetOSCharset
 0001:0005EAAC       GetOSLanguage
 0001:00045800       GetOSType
 0001:0005E904       GetOSUpdate
 0001:00046EF8       GetOutOfMemoryCache
 0001:00058D8C       GetPaletteColors
 0001:0005E6DC       GetParameters
 0001:00001DAC       GetParamStr
 0001:00049CCC       GetParentProcessID
 0001:00050ED4       GetParentWnd
 0001:0004EF4C       GetPassword
 0001:000062C8       GetPixel
 0001:00060CC4       GetPrinterStr
 0001:00006028       GetPriorityClass
 0001:00006030       GetPrivateProfileStringA
 0001:00006038       GetProcAddress
 0001:00000258       GetProcAddress
 0001:00049B00       GetProcessesList
 0001:0005F214       GetProcessor
 0001:00048DCC       GetProcessThreads
 0001:0001A6E4       GetProfileFolder
 0001:00006040       GetProfileStringA
 0001:00012A44       GetPropInfo
 0001:00006B34       GetRawCallStackDump
 0001:00007F40       GetRawOptions
 0001:0001AA80       GetReadableSize
 0001:0000675C       GetReadableSize
 0001:0004C698       GetRealFileName
 0001:00041570       GetRefAddress
 0001:000416D0       GetRegName
 0001:00007EF8       GetResourceData
 0001:0004AF30       GetResourceData
 0001:00006624       GetRValue
 0001:00012B28       GetShortStrProp
 0001:00012B6C       GetShortStrPropAsLongStr
 0001:0004B278       GetSourceInfoByAddr
 0001:000005CC       GetSpace
 0001:00000630       GetSpaceAt
 0001:00062440       GetStack
 0001:0005F12C       GetStartDate
 0001:00000260       GetStartupInfo
 0001:00006048       GetStartupInfoA
 0001:00006050       GetStdHandle
 0001:000001A8       GetStdHandle
 0001:000062D0       GetStockObject
 0001:00006058       GetStringTypeEx
 0001:00012C40       GetStrProp
 0001:0004BA68       GetSymbolAddr
 0001:00006428       GetSysColor
 0001:00006060       GetSystemDefaultLangID
 0001:00006430       GetSystemMetrics
 0001:000062D8       GetSystemPaletteEntries
 0001:00006068       GetSystemTime
 0001:0005F3B8       GetSystemUpTime
 0001:0002EC94       GetTagValue
 0001:00006070       GetTempPathA
 0001:0002F0D4       GetTextAreaValue
 0001:000062E0       GetTextExtentPoint32
 0001:000062E8       GetTextExtentPoint32A
 0001:00050C10       GetTextHeight
 0001:00050DF4       GetTextWidth
 0001:00006078       GetThreadContext
 0001:0005149C       GetThreadData
 0001:00006080       GetThreadLocale
 0001:00000268       GetThreadLocale
 0001:00066BC0       GetThreadParams
 0001:00006088       GetThreadPriority
 0001:00006090       GetTickCount
 0001:0000BD50       GetTime
 0001:00005C44       GetTlsSize
 0001:00005E28       GetTokenInformation
 0001:00046F4C       GetTopOfStack
 0001:0005F08C       GetTotalDisk
 0001:0005EDF4       GetTotalMemory
 0001:00012960       GetTypeData
 0001:0001A7A0       GetUserApplicationsPath
 0001:00060944       GetUserEmail
 0001:00005E30       GetUserNameA
 0001:000697C4       GetValidMainWindow
 0001:00030704       GetValueFromIndex
 0001:000002F8       GetVersion
 0001:00006098       GetVersionEx
 0001:00048E04       GetVersionNumber
 0001:0005FEFC       GetVideoCardStr
 0001:00022DF8       GetVirtualMethod
 0001:00012C80       GetWideStrProp
 0001:00012BE8       GetWideStrPropAsLongStr
 0001:00047E10       GetWindowClassName
 0001:00006438       GetWindowDC
 0001:00006440       GetWindowLong
 0001:00047FC4       GetWindowName
 0001:00006448       GetWindowPlacement
 0001:00006450       GetWindowRect
 0001:000060A0       GetWindowsDirectoryA
 0001:00006458       GetWindowTextA
 0001:00006460       GetWindowThreadProcessId
 0001:0001B668       GetWorkingFile
 0001:000060A8       GlobalAlloc
 0001:000065C8       GlobalAllocPtr
 0002:000068B8       GlobalFixupList
 0001:000060B0       GlobalFree
 0001:000065F4       GlobalFreePtr
 0001:000060C0       GlobalHandle
 0001:000060B8       GlobalLock
 0001:000060C8       GlobalMemoryStatus
 0002:000068A0       GlobalNameSpace
 0001:000060D0       GlobalReAlloc
 0001:000065D8       GlobalReAllocPtr
 0002:0000A02C       GlobalSendValues
 0001:000060D8       GlobalUnlock
 0002:000099A4       Global_AttachedFiles
 0002:0000994B       Global_CloseDialog
 0002:00009998       Global_CurrentEvent
 0002:000099AC       Global_DataFields
 0002:00009970       Global_ExceptionRecord
 0002:00009948       Global_Execute
 0002:00009949       Global_Handled
 0002:000054D0       Global_IntoHandleException
 0002:000099B4       Global_IntraWebText
 0002:000099A0       Global_LastInitPassword
 0002:000099B0       Global_Module
 0002:0000999C       Global_Password
 0002:0000994A       Global_Retry
 0002:000099A8       Global_WebFields
 0002:000099B8       Global_WebTextID
 0001:00066E10       GoNotify
 0002:000044B0       GroupsOpcodes
 0002:000045F0       GroupsOperands
 0001:0006AABC       HandleAnyExceptionAddr
 0002:000096B0       HandleAnyExceptionAddr_Variable
 0001:00007918       HandleAnyLeak
 0001:0006AB60       HandleAutoExceptionAddr
 0002:000096B8       HandleAutoExceptionAddr_Variable
 0001:0003B6BC       HandleBackgroundState
 0002:00009814       HandledCache
 0002:00009810       HandledCacheCount
 0002:00009904       HandledCacheCriticalSection
 0002:00009628       HandledExceptionNotify
 0001:00006FD8       HandleError
 0001:0006AB08       HandleOnExceptionAddr
 0002:000096B4       HandleOnExceptionAddr_Variable
 0001:00047DD4       HasWindowASize
 0002:00000028       HeapAllocFlags
 0002:000065C4       heapErrorCode
 0002:000065C8       heapLock
 0002:00000158       HexDisplayPrefix
 0002:00006664       HInstance
 0001:000065B4       HiWord
 0002:00006914       hLib
 0001:0004E28C       HookBPLProcedureByAddr
 0001:0004E304       HookBPLProcedureBySymbol
 0001:00023B60       HookDllProcedure
 0001:00067CEC       HookedCreateThread
 0001:000674A4       HookedExceptionObject
 0001:0006763C       HookedExceptProc
 0001:000681AC       HookedExitThread
 0001:0006829C       HookedHttpExtensionProc
 0002:00006904       HookedMethodsList
 0002:000068FC       HookedProcedures
 0001:000672E8       HookedRaise
 0001:00067F8C       HookedResumeThread
 0001:00067920       HookedRTLThreadProc
 0001:00067584       HookedRtlUnwind
 0001:000677C8       HookedThreadExecute
 0001:00067A50       HookedThreadProc
 0001:00068268       HookedWriteClientProc
 0001:000675AC       HookedWriteFile
 0001:00068F0C       Hooked_CGIHandleServerException
 0001:00069020       Hooked_CLXHandleException
 0001:00069050       Hooked_CLXShowException
 0001:000696FC       Hooked_DoneExcept
 0001:000696CC       Hooked_IndyThreadHandleException
 0001:000690A4       Hooked_IntraWebCreateServer
 0001:000693B0       Hooked_IntraWebSendResponse
 0001:00068F3C       Hooked_ISAPIHandleServerException
 0001:00069618       Hooked_NTServiceLogMessage
 0001:00068F6C       Hooked_VCLHandleException
 0001:00068FE0       Hooked_VCLShowException
 0001:0006B444       HookingModuleName
 0001:0006B468       HookingRTLModuleName
 0001:0006ADD4       HookLastFInit
 0001:0006AD4C       HookLastInit
 0001:000236E0       HookProcedure
 0001:00023820       HookProcedureEx
 0001:0004E1E8       HookSymbolProcedure
 0001:00022E68       HookVirtualMethod
 0001:0006ADE4       Hook_InitializationAndFinalization
 0001:0006AF94       Hook_OnExceptionEvents
 0001:0005A86C       HostName
 0002:00003AA0       HTMLChars
 0002:000037A0       HTMLDelimiters
 0001:00022A1C       htons
 0002:000095DC       HttpAddRequestHeaders
 0002:000095EC       HttpEndRequest
 0002:000095D8       HttpOpenRequest
 0002:000095F0       HttpQueryInfo
 0002:000095E0       HttpSendRequest
 0002:000095E4       HttpSendRequestEx
 0001:0003566C       HTTPUploadFiles
 0002:0000550C       IDATHeader
 0001:00058C2C       IDATWrite
 0002:0000993C       IDC_CURSOR
 0001:000441B0       ifelseStr
 0001:00044228       ifStr
 0002:00005520       iLevel
 0001:0003AE88       ImageList_Add
 0001:0003AE80       ImageList_Create
 0001:0003AE90       ImageList_Destroy
 0001:0005D7C4       ImmidiateDataProc
 0002:000001A8       IMSecsPerDay
 0002:000097B8       InactiveThreads
 0001:00010B60       InBounds
 0001:00010E00       InBounds
 0001:0001B354       IncludeLastBackslash
 0001:00010B90       Increment
 0001:00010E30       Increment
 0001:0005A81C       IncSendDialogBar
 0002:000097E4       IndyHooked
 0002:000096F0       IndyThread_HandleException
 0002:000096D4       Indy_OnException
 0001:00029F94       inflate
 0001:0002AE4C       inflateEnd
 0001:00025A48       InflateInit
 0001:00029D5C       inflateInit_
 0001:00029BD4       inflateReset
 0001:0001A880       IniDir
 0001:0006B644       Init
 0001:00008410       Init
 0001:00023FBC       Init
 0001:0001E188       Init
 0001:0002583C       Init
 0001:00000B6C       InitAllocator
 0001:000699F0       InitCheckFreeze
 0002:00006634       InitContext
 0001:00058B40       InitDeflate
 0001:0000EE84       InitDriveSpacePtr
 0001:0000E07C       InitExceptions
 0002:00009712       InitFInitException
 0001:00000344       InitializeCriticalSection
 0001:000060E0       InitializeCriticalSection
 0002:000065C0       initialized
 0002:000054A8       Initialized
 0002:00000F24       Initialized
 0001:00005D48       InitializeModule
 0001:0000FD20       InitializeVarUtils
 0001:0002E190       InitKey
 0001:0000E83C       InitLeadBytes
 0001:0002FAFC       InitLib
 0001:0000E180       InitPlatformId
 0001:00005C90       InitProcessTLS
 0001:00059380       InitScreenshot
 0001:00008088       InitShareMem
 0001:0000E8B4       InitSysLocale
 0001:000169C4       InitThreadSynchronization
 0001:00005C4C       InitThreadTLS
 0001:000035C8       InitUnits
 0002:0000604C       Input
 0001:00051E28       InsertColumn
 0001:00001018       InsertFree
 0001:00043F2C       InsertHandled
 0002:000066B8       InstallNewMemoryManager
 0001:0006B45C       InstanceModuleName
 0002:000068AC       IntConstList
 0001:0000EEEC       InterlockedDecrement
 0001:00005F40       InterlockedDecrement
 0001:000002E8       InterlockedDecrement
 0001:0000EEF8       InterlockedExchange
 0001:00005F48       InterlockedExchange
 0001:0000EF00       InterlockedExchangeAdd
 0001:000002E0       InterlockedIncrement
 0001:0000EEE0       InterlockedIncrement
 0001:00005F50       InterlockedIncrement
 0001:000243A0       InternalCleanup
 0001:000020F0       InternalClose
 0001:000473EC       InternalCriticalError
 0002:00009790       InternalErrorCode
 0002:00009794       InternalErrorMsg
 0001:00064E44       InternalExceptNotify
 0001:00049E84       InternalFileExists
 0001:000022CC       InternalFlush
 0001:00000E58       InternalFreeMem
 0002:000068E8       InternalIntoIDE
 0001:00059B6C       InternalSendMail
 0001:00024370       InternalStartup
 0001:00003EE8       InternalUniqueString
 0001:0006A1AC       Internal_AddLeak
 0001:000076FC       Internal_AddLeak
 0001:0006A8E4       Internal_Finalization
 0001:0006A8CC       Internal_MultiFreeProc
 0001:0006A8B4       Internal_OverrunProc
 0001:000076E8       Internal_ResetLeaks
 0001:00069E44       Internal_ResetLeaks
 0001:000077B0       Internal_ShowLeaks
 0001:0006A32C       Internal_ShowLeaks
 0002:000095F4       InternetCloseHandle
 0002:000095D4       InternetConnect
 0002:00009610       InternetGetConnectedState
 0002:00009604       InternetGetLastResponseInfo
 0002:000095D0       InternetOpen
 0002:00009608       InternetOpenUrl
 0002:000095F8       InternetQueryOption
 0002:0000960C       InternetReadFile
 0002:000095FC       InternetSetOption
 0002:000095E8       InternetWriteFile
 0001:0004E374       IntoCreateClassFunction
 0002:00009711       IntoFinalization
 0001:0001B268       IntoIDE
 0002:00009710       IntoInitialization
 0001:0004E344       IntoSystemUnit
 0001:0004E35C       IntoThisUnit
 0002:00009718       IntraWebApplication
 0002:00009720       IntraWebCompressedPage
 0002:0000971C       IntraWebServerController
 0001:0006AEB4       IntraWeb_BPL
 0002:000096C8       IntraWeb_CreateServer
 0002:00009728       IntraWeb_NewEvent
 0001:00066DAC       IntraWeb_OnExceptionEvent
 0001:00066D28       IntraWeb_OnExceptionEvent_New
 0001:00066C9C       IntraWeb_OnExceptionEvent_Old
 0002:000096D0       IntraWeb_OnException_New
 0002:000096CC       IntraWeb_OnException_Old
 0002:000096E0       IntraWeb_SendResponse
 0002:000096DC       IntraWeb_ShowMessage
 0002:00009724       IntraWeb_Version
 0001:00009A2C       IntToHex
 0001:00009A04       IntToHex
 0001:000099DC       IntToStr
 0001:000098F0       IntToStr
 0001:00006468       InvalidateRect
 0001:00006470       InvalidateRgn
 0002:000067EC       InvalidPointer
 0001:00002BE4       InvokeImplGetter
 0001:00022A24       ioctlsocket
 0001:00001D4C       IOResult
 0001:00007158       IsALeakChild
 0001:000481C4       IsANewProcessWindow
 0001:00007008       IsAntiLeaksEnabled
 0001:000465F0       IsAParent
 0001:00006964       IsAParentClassStr
 0001:000464E0       IsAParentClassStr
 0001:000466B4       IsAParentClassStr_Unsafe
 0001:00046660       IsAParents
 0001:000465C8       IsAParentStr
 0001:00046794       IsAParentStr_Unsafe
 0001:000611B4       IsAParentX
 0002:000096FC       ISAPIHandleException
 0002:00009664       ISAPI_HttpExtensionProc
 0002:0000966C       ISAPI_Proc
 0002:00005494       ISAPI_SendError
 0002:00009668       ISAPI_WriteClientProc
 0001:00047E5C       IsApplicationWindow
 0001:000060E8       IsBadReadPtr
 0001:00064B9C       IsBorlandThread
 0001:00049E50       IsCGI
 0001:00061238       IsCompatibleException
 0001:00046164       IsCompatibleVersion
 0001:0000824C       IsCompiledWithPackages
 0001:0004AE0C       IsCompiledWithPackages
 0002:00006048       IsConsole
 0001:00049E48       IsConsoleApp
 0001:000481AC       IsCurrentProcessWindow
 0001:00046058       IsDebugged
 0001:0001F240       IsDecDigit
 0001:00046F30       IsDelphiException
 0001:000480A0       IsDelphiProcess
 0002:00009C0C       IsDialogShowed
 0001:0002EC00       IsEnd
 0001:00051E00       IsEscapePressed
 0001:00068D6C       IsEurekaLogActive
 0001:00068D0C       IsEurekaLogActiveInThread
 0001:0004EBC4       IsEurekaLogCompatibleModule
 0001:00068A44       IsEurekaLogInstalled
 0001:0004EBA0       IsEurekaLogModule
 0001:0004EB08       IsEurekaLogModule_New
 0001:0004E9F0       IsEurekaLogModule_Old
 0001:0004E3E4       IsExceptionHandled
 0001:0001B658       IsFileOK
 0002:0000992D       IsFilterDialog
 0001:0001A0A4       IsGreaterVersion
 0001:0004A0C0       IsGUI
 0001:000667A8       IsHandledSafeCallException
 0001:000691E8       IsHTMLPage
 0001:00006478       IsIconic
 0001:00007E14       IsIntoIDE
 0001:0004A088       IsIntraWeb
 0001:0004A04C       IsISAPI
 0001:0000B830       IsLeapYear
 0002:00006038       IsLibrary
 0001:0004ADAC       IsLocalStorageProc
 0001:00064B8C       IsMainThread
 0001:00047ECC       IsMainWindow
 0001:000467B0       IsManageableObject
 0002:000066C0       IsMMHost
 0001:00048570       IsModuleLibrary
 0002:00006049       IsMultiThread
 0001:00006718       IsObjectCreation
 0001:000508C4       ISODateTime
 0001:00067704       IsOldIndy9
 0001:0001B620       IsReadableFile
 0001:0002FE70       IsRealFile
 0001:0004AE00       IsRTLCompiledWithStackFrames
 0001:000671B8       IsSetThreadNameException
 0001:000671CC       IsSetThreadNameExceptionEx
 0001:0004ADCC       IsStackFramesProc
 0001:000067E4       IsValidBlockAddr
 0001:0001AB08       IsValidBlockAddr
 0001:000068D0       IsValidClass
 0001:000462A8       IsValidClass
 0001:00024F4C       IsValidDNS
 0001:000572F8       IsValidEmail
 0001:000460D4       IsValidHandle
 0001:00044118       IsValidModule
 0001:000463BC       IsValidObject
 0001:00046134       IsValidRunningThread
 0001:000068B8       IsValidSymbolName
 0001:00046204       IsValidSymbolName
 0001:0004A094       IsWeb
 0001:0000E89C       IsWesternGroup
 0001:00045768       IsWin64
 0001:00045714       IsWin95
 0001:00023A8C       IsWin9xDebugThunk
 0001:00049EF4       IsWinCGI
 0001:00064BB8       IsWindowsThread
 0001:00006480       IsWindowUnicode
 0001:00006488       IsWindowVisible
 0001:00045730       IsWinNT4
 0001:0004574C       IsWinVista
 0001:000457C0       IsWorkstation
 0001:0001B588       IsWritableFile
 0001:0004F7D4       IsWrongCall
 0001:0004AE6C       Is_HandleOnException_Handled
 0002:00000030       JITEnable
 0001:00023060       JumpToMem
 0002:00009654       Kernel_CreateThread
 0002:0000965C       Kernel_ExitThread
 0002:0000964C       Kernel_RaiseException
 0002:00009658       Kernel_ResumeThread
 0002:00009650       Kernel_RtlUnwind
 0002:00009660       Kernel_WriteFile
 0002:000095B4       KeyData
 0001:0004830C       KillApplication
 0001:00006490       KillTimer
 0002:000096A8       LanguageStr
 0002:00009928       LastBugID
 0001:00009F2C       LastDelimiter
 0002:0000975C       LastDelphiException
 0002:000097E8       LastDumpCriticalSection
 0002:000068E0       LastEurekaVersion
 0002:0000974C       LastExceptAddr
 0002:000054AC       LastExceptionAddress
 0002:00009804       LastExceptionCallStackAddress
 0002:0000980C       LastExceptionCallStackDump
 0002:00009808       LastExceptionCallStackSize
 0002:0000976C       LastExceptionLog
 0002:00009924       LastExceptionMessage
 0002:000054B0       LastExceptionObject
 0002:00009768       LastExceptionRecord
 0002:00009800       LastExceptionThreadID
 0002:00009920       LastExceptionType
 0002:00009760       LastExceptMessage
 0002:00009758       LastExceptObject
 0002:00009754       LastExceptThreadID
 0002:000096C4       LastFinalizationPtr
 0002:00009708       LastHTMLPage
 0002:000096C0       LastInitializationPtr
 0002:0000970C       LastInitPointer
 0002:00009770       LastLog
 0001:0006C10C       LastProc
 0001:00005A6C       LCIDToCodePage
 0001:0000E7C8       LCIDToCodePage
 0002:00000138       LeadBytes
 0002:00009938       LeakAddr
 0001:000079A8       LeaksCheck
 0002:000066BA       LeaksOptions
 0002:000054A4       LeaksStackList
 0002:00009934       LeakTotalCount
 0002:00009930       LeakTotalSize
 0001:00000354       LeaveCriticalSection
 0001:000060F0       LeaveCriticalSection
 0002:00009BB8       LeftButton
 0002:0000003C       LibModuleList
 0001:0003A8C0       Lines
 0002:00009BB0       ListHeight
 0002:000067A2       ListSeparator
 0002:00009BAC       ListWidth
 0001:000446A8       Load
 0001:00006498       LoadBitmap
 0001:000064A0       LoadBitmapA
 0001:000064A8       LoadCursorA
 0001:0004EFDC       LoadData
 0001:0004EDDC       LoadData_Old
 0001:0004F40C       LoadDebugInformation
 0002:000054C0       LoadedDotNetMain
 0001:0006B4E4       LoadFromFile
 0001:000060F8       LoadLibrary
 0001:00006100       LoadLibraryA
 0001:00000270       LoadLibraryEx
 0001:00006108       LoadLibraryExA
 0001:00006110       LoadResource
 0001:00005138       LoadResourceModule
 0001:00005A14       LoadResString
 0001:00046A54       LoadSharedDataEx
 0001:000064B0       LoadString
 0001:00000278       LoadString
 0001:0004CCF0       LoadTextFile
 0001:00005C08       LocalAlloc
 0001:00000324       LocalAlloc
 0001:0005E99C       LocalesCallback
 0001:0000032C       LocalFree
 0001:00005C10       LocalFree
 0001:0000D23C       LocalGetLocaleStr
 0001:00066E04       LockCheck
 0001:00006A80       LockCheck
 0001:00006118       LockResource
 0001:00006A8C       LockVariable
 0001:0005BAF8       LogFileMessage
 0001:0005A8A4       LoggedUserName
 0001:00049E3C       LogicToPhysicAddr
 0002:000066E4       LongDateFormat
 0002:00006778       LongDayNames
 0002:0000672C       LongMonthNames
 0002:000066F8       LongTimeFormat
 0001:00005E38       LookupPrivilegeName
 0001:00005E40       LookupPrivilegeNameA
 0001:000096D0       LowerCase
 0001:0002D5C4       LRot32
 0001:00000280       lstrcpyn
 0002:00006878       LVarTypes
 0002:0000687C       LVarTypeSync
 0001:00053B10       MailSlotSend
 0002:00009C08       MainDialog
 0002:00006030       MainInstance
 0002:00009744       MainThreadHandle
 0002:00006034       MainThreadID
 0002:00009748       MainThreadTopOfStack
 0001:000003E8       MakeEmpty
 0001:0000374C       MakeErrorMessage
 0001:000065A8       MakeLong
 0001:0002D4D4       make_crc_table
 0001:0000DD34       MapException
 0001:0004D830       MappedExceptionObject
 0001:000033D0       MapToRunError
 0001:00006120       MapViewOfFile
 0002:00005510       Mask
 0001:0001EE3C       Max
 0002:00002058       MaxBugOccurrences
 0002:00000044       MemoryManager
 0002:000054CC       MemoryOverrunExceptionText
 0002:000066BC       MemoryPages
 0001:00000480       MergeBlockAfter
 0001:0000115C       MergeCommit
 0001:000064B8       MessageBeep
 0001:00000208       MessageBox
 0001:000064C0       MessageBox
 0001:000064C8       MessageBoxA
 0001:0000F868       Messages
 0001:0001EE44       Min
 0001:00041678       ModRM
 0001:000230DC       ModRMByte
 0002:000000AC       Module
 0001:00052910       ModuleBmp
 0001:00023080       ModuleFileName
 0001:00022710       ModuleFileName
 0001:00044028       ModuleFileName
 0001:00048554       ModuleInfoByAddr
 0001:0004849C       ModuleInfoByHandle
 0002:000054BC       ModuleInfoData
 0002:000054B8       ModuleInfoHandle
 0001:00049E24       ModuleInitTable
 0002:00006661       ModuleIsCpp
 0002:00006660       ModuleIsLib
 0001:000081C4       ModuleName
 0002:00005498       ModulesList
 0001:00052A08       ModulesListDialogProc
 0001:000171BC       ModuleUnload
 0002:00000040       ModuleUnloadList
 0002:00009C18       MonitorRect
 0002:00000108       MonthDays
 0001:00001D6C       Move
 0001:00006128       MoveFileA
 0001:000064D0       MoveWindow
 0001:000064D8       MsgWaitForMultipleObjects
 0001:00006130       MulDiv
 0001:00000290       MultiByteToWideChar
 0002:000054C8       MultiFreeExceptionText
 0002:00006680       MultiFreeProc
 0002:00009994       MustFreeGlobalMappedObject
 0001:00064C10       MustPauseThisThread
 0001:00064A60       MustRestoreApplication
 0001:00064A20       MustSendMessage
 0001:00036814       NeedConvertNotDosText
 0002:000066D9       NegCurrFormat
 0002:0000378C       NetLib
 0001:000011E8       NewCommit
 0001:00001214       NewCommitAt
 0001:00058708       NewDialogProc
 0001:00055354       NewDialogProc
 0001:00050F18       NewDialogProc
 0001:0000709C       NewFreeMem
 0001:00007030       NewGetMem
 0002:000000DC       NewMemoryManager
 0001:000575A4       NewMSDialogProc
 0001:000070C8       NewReallocMem
 0001:0000A1F8       Next
 0001:0000E4F4       NextCharIndex
 0001:0004F764       NextItem
 0002:00000D18       NoChars
 0002:00000034       NoErrMsg
 0002:000099F8       NonClientMetrics
 0001:0003A8F4       NormalizeLines
 0001:0003A710       NormalizeSpaces
 0002:00009941       NoSynchronizeEvent
 0001:00002EC4       NotifyAnyExcept
 0001:00002E98       NotifyExcept
 0001:00002EF8       NotifyExceptFinally
 0001:00005474       NotifyModuleUnload
 0001:00002E74       NotifyNonDelphiException
 0001:00002EB0       NotifyOnExcept
 0001:00002E58       NotifyReRaise
 0001:00002F20       NotifyTerminate
 0001:00002F3C       NotifyUnhandled
 0002:000097C1       NotLoadDebugInfo
 0001:0000BBD4       Now
 0002:000096EC       NTService_LogMessage
 0002:00000344       NullAsStringValue
 0002:00000340       NullStrictConvert
 0001:00046194       ObjectInstanceSize
 0001:00046410       ObjectName
 0001:000064E0       OffsetRect
 0002:0000969C       OldExceptObjProc
 0002:0000968C       OldExceptProc
 0002:00009C14       OldForegroundWnd
 0002:0000994C       OldGlobal_ExceptionRecord
 0002:00006698       OldMemoryManager
 0001:0005D6A8       OnCallInstr
 0002:00003CB0       OneByteOpcodes
 0001:000442A8       OneString
 0002:0000973C       OnlySafeCallExceptions
 0001:0005D7BC       OnRefProc
 0002:00000DE4       OpCodeLongJump1Byte
 0002:00000E04       OpCodeLongJump2Bytes
 0002:00000D84       OpCodePrefixes
 0002:00000DC4       OpCodeReturn
 0002:00000DA4       OpCodeShortJump
 0001:000064E8       OpenClipboard
 0002:000054D4       Opened_LogFile_Name
 0001:00053C70       OpenIDEEditor
 0001:0004C45C       OpenLogFile
 0001:00006138       OpenProcess
 0001:00005E48       OpenProcessToken
 0001:00035470       OpenRequest
 0001:00002010       OpenText
 0001:00042138       Operand
 0002:00009B98       OriginalHeight
 0002:000066C4       OriginalMemMgr
 0002:00009714       OriginalThreadProc
 0002:00009B94       OriginalWidth
 0001:0005FCF8       OSSupportDisplayAPI
 0002:000067E8       OutOfMemory
 0002:00009944       OutOfMemoryCache
 0002:00006218       Output
 0001:00006140       OutputDebugStringA
 0002:0000667C       OverrunProc
 0002:00001F88       p
 0001:00001F10       ParamStr
 0001:0002F9D4       ParserHTML
 0002:0000379C       PassiveMode
 0002:00009634       PasswordRequest
 0001:000064F0       PeekMessage
 0001:00020A18       PEInitialize
 0001:00020960       PeMapImgFindSection
 0001:000209C0       PeMapImgNtHeaders
 0001:00023AA0       PeMapImgNtHeaders
 0001:0002093C       PeMapImgSections
 0002:0000A494       PNG_Bitmap
 0002:0000A04C       PNG_ColoursCount
 0002:0000A078       PNG_CRCList
 0002:000054E0       PNG_CRCListed
 0002:0000A488       PNG_Cursor
 0002:0000A05C       PNG_Data
 0002:0000A054       PNG_DataSize
 0002:0000A490       PNG_DCCompatible
 0002:0000A48C       PNG_DCScreen
 0002:0000A074       PNG_Encode_Data
 0002:0000A070       PNG_Encode_Filter
 0002:0000A484       PNG_FocusWnd
 0002:00005518       PNG_HeaderBytes
 0002:0000A060       PNG_HeaderData
 0002:0000A49C       PNG_Height
 0002:0000A480       PNG_HWindow
 0002:0000A058       PNG_ImgData
 0002:0000A478       PNG_pal
 0002:0000A050       PNG_RowBytes
 0002:0000A47C       PNG_UsePal
 0002:0000A498       PNG_Width
 0001:00013A10       PointerInModule
 0001:0004820C       PopulateCurrentProcessWindows
 0001:0001AE38       PosEx
 0001:000064F8       PostMessage
 0001:0005D02C       PrepareFilesToSend
 0002:000003D0       Priorities
 0001:00048CC8       PriorityToString
 0001:0005A63C       ProcessDialogMessages
 0002:0000549C       ProcessesList
 0001:0005313C       ProcessesListDialogProc
 0001:00059044       ProcessImage
 0001:0004FDCC       ProcessMessage
 0001:000666A8       ProcessMessages
 0001:0001624C       PropValueError
 0002:00003794       ProxyPassword
 0002:00003798       ProxyServer
 0002:00003790       ProxyUserName
 0001:00006500       PtInRect
 0002:000000A8       PtrToNil
 0002:00000D58       PublicsByNameHeader
 0002:00000D68       PublicsByValueHeader
 0001:0004F88C       PurgeCallStack
 0001:00006B8C       PurgeCallStack
 0001:000077C4       PurgeCallStacks
 0001:0002EA70       PurgeHTMLCode
 0001:000075BC       PurgeInvalidLeaks
 0001:00064AB8       PurgeModulesList
 0001:0002EE9C       PurgeQuotes
 0001:0005E1A8       PurgeString
 0001:0000AC4C       PutExponent
 0001:00013EDC       QuickSort
 0001:0001AED0       QuickStringReplace
 0001:0000DCF0       RaiseAssertException
 0002:00009750       RaisedExceptAddr
 0001:000158FC       RaiseException
 0001:000001B0       RaiseException
 0002:00006014       RaiseExceptionProc
 0001:0000EDAC       RaiseLastOSError
 0002:00000008       RandSeed
 0002:00009B80       rClick
 0001:000515CC       ReadableThreadID
 0001:0004E6B4       ReadAddr
 0001:0001F334       ReadAddress
 0001:00041550       ReadByte
 0001:0001F284       ReadDecValue
 0001:00041510       ReadDWord
 0001:0005FE14       ReadDWordKey
 0001:0004AF78       ReadEncodeString
 0001:00016234       ReadError
 0001:00006148       ReadFile
 0001:000001B8       ReadFile
 0001:0001F2B8       ReadHexValue
 0001:0001B114       ReadKey
 0001:000417E4       ReadSib
 0001:0004E624       ReadStartData
 0001:00051EEC       ReadState
 0001:0001A8A0       ReadString
 0001:0001F370       ReadString
 0001:0001C50C       ReadString
 0001:0001F254       ReadTextLine
 0001:00041530       ReadWord
 0001:0006AA9C       RealAddr
 0002:00009BA8       RealHeight
 0002:00009B9C       RealLeft
 0001:000495A4       RealPriority
 0001:0004C9D4       RealTmpLastHTMLPage
 0002:00009BA0       RealTop
 0002:00009BA4       RealWidth
 0001:00048494       Real_FindHInstance
 0001:00044164       Real_GetCommandLine
 0001:00044188       Real_GetCurrentModuleFileName
 0001:00044178       Real_GetCurrentProcess
 0001:00044180       Real_GetCurrentProcessID
 0001:0001A148       Real_GetMainModuleFileName
 0001:0001387C       Rect
 0001:00005DD4       Rect
 0001:00022A2C       recv
 0001:00058F78       ReduceTree
 0002:00006870       RefAnyProc
 0001:00000298       RegCloseKey
 0001:00005E50       RegCloseKey
 0001:00005E58       RegEnumKeyExA
 0002:000068B0       RegGroups
 0001:00006508       RegisterClass
 0001:000054D0       RegisterModule
 0001:000002A0       RegOpenKeyEx
 0001:00005E60       RegOpenKeyExA
 0001:000002A8       RegQueryValueEx
 0001:00005E68       RegQueryValueExA
 0001:00006510       ReleaseDC
 0001:00023504       RelocateMemory
 0002:00000050       reMap
 0002:00006618       remBytes
 0001:00000508       RemoveBlock
 0001:0005E614       RemoveDoubleQuotes
 0001:0003A5AC       RemoveEmptySections
 0001:000076B0       RemoveExtraLeaks
 0001:00016104       RemoveFixupReferences
 0001:000161B0       RemoveFixups
 0001:0005F91C       RemoveLastSeparator
 0001:00007870       RemoveLeaksSons
 0001:0000742C       RemoveMemBlock
 0001:000053C4       RemoveModuleUnloadProc
 0001:000053EC       RemoveModuleUnloadProc
 0001:00016A50       RemoveThread
 0001:00042AD4       Replacer
 0001:00050848       ResetAutoCloseTimer
 0001:0005A8E0       ResetCounting
 0001:00006150       ResetEvent
 0001:00066664       ResetGlobalVars
 0002:00006688       ResetLeaks
 0001:00016A10       ResetSyncEvent
 0001:0000174C       ResizeInPlace
 0002:00000D78       ResourceFilesHeader
 0001:0004D9E0       RestoreGlobalExceptionRecord
 0001:00006158       ResumeThread
 0001:0000D994       ReturnAddr
 0001:00014584       ReturnAddr
 0001:00013D24       ReturnAddr
 0001:00046B28       RFCDate
 0001:00006608       RGB
 0001:0004E1C8       RoundMatch
 0001:0004E1E0       RoundMatchPtr
 0002:00006614       rover
 0002:00009B70       rSupport
 0001:000446F4       RTF_LoadFromStream
 0001:00044720       RTF_LoadFromText
 0001:0001292C       RTLConsts
 0001:000001C0       RtlUnwind
 0002:00006018       RTLUnwindProc
 0002:00000074       runErrMsg
 0001:00001B94       RunErrorAt
 0001:0000FCD4       SafeArrayCreate
 0001:0000FCDC       SafeArrayGetLBound
 0001:0000FCE4       SafeArrayGetUBound
 0001:0000FCEC       SafeArrayPtrOfIndex
 0002:00006020       SafeCallErrorProc
 0001:0001DFB4       SafeExec
 0001:0001EED0       SafeLoadFromFileToStream
 0001:0000E5D4       SameFileName
 0001:00009774       SameText
 0002:0000A048       SavedLastHTMLPage
 0001:0004C7AC       SavedScreenshot
 0001:0004D90C       SaveGlobalExceptionRecord
 0001:0006104C       SaveLogFile
 0001:0005219C       SaveState
 0001:0000C890       ScanBlanks
 0001:0000C9D4       ScanChar
 0001:0000CB50       ScanDate
 0001:0000C8B4       ScanNumber
 0001:0000C948       ScanString
 0001:0000CE94       ScanTime
 0001:0000CA58       ScanToNumber
 0001:00006518       ScreenToClient
 0001:0001EE4C       SearchDynArray
 0001:00036F88       SearchItem
 0001:00036A30       SearchNextItem
 0001:00030210       SearchPort
 0001:00001248       SearchSmallBlocks
 0001:00030180       SearchWord
[...]
 15925 0001:00068640 15931 0001:00068644 15932 0001:0006864D 15933 0001:0006865A
 15934 0001:00068661 15935 0001:00068670 15936 0001:00068681 15937 0001:0006868E
 15938 0001:00068697 15943 0001:0006869C 15944 0001:000686A3 15945 0001:000686AB
 15946 0001:000686B9 15947 0001:000686C8 15949 0001:000686E4 15951 0001:000686F4
 15956 0001:000686F8 15959 0001:000686FF 15960 0001:00068705 15961 0001:00068718
 15962 0001:00068720 15963 0001:00068723 15968 0001:00068728 15971 0001:0006872F
 15972 0001:00068735 15973 0001:00068748 15974 0001:00068750 15975 0001:00068753
 15980 0001:00068758 15983 0001:0006875F 15984 0001:00068765 15985 0001:00068777
 15986 0001:0006877F 15987 0001:00068782 15990 0001:00068788 15991 0001:0006878F
 15992 0001:0006879E 15996 0001:000687A4 15997 0001:000687AC 16001 0001:000687B0
 16002 0001:000687B8 16006 0001:000687BC 16007 0001:000687C4 16011 0001:000687C8
 16012 0001:000687D0 16015 0001:000687D4 16016 0001:000687DB 16017 0001:000687E7
 16018 0001:000687F5 16019 0001:000687FC 16020 0001:0006880B 16025 0001:00068810
 16026 0001:00068818 16027 0001:00068820 16030 0001:0006882E 16031 0001:00068835
 16033 0001:00068839 16035 0001:0006884F 16036 0001:00068859 16038 0001:0006885A
 16031 0001:0006885B 16041 0001:0006886C 16043 0001:0006887C 16046 0001:00068880
 16047 0001:00068896 16051 0001:00068928 16058 0001:00068930 16059 0001:00068934
 16060 0001:0006893D 16059 0001:00068946 16061 0001:00068949 16062 0001:00068950
 16068 0001:00068954 16069 0001:0006895D 16070 0001:0006896A 16071 0001:00068971
 16072 0001:0006897F 16073 0001:00068988 16076 0001:00068990 16077 0001:0006899B
 16078 0001:000689A2 16079 0001:000689B9 16082 0001:000689BC 16083 0001:000689C3
 16084 0001:000689D2 16093 0001:000689D8 16094 0001:000689DB 16095 0001:000689F9
 16097 0001:000689FC 16099 0001:00068A14 16101 0001:00068A19 16102 0001:00068A1A
 16103 0001:00068A1D 16105 0001:00068A20 16106 0001:00068A3B 16112 0001:00068A44
 16113 0001:00068A49 16124 0001:00068A4C 16125 0001:00068A6B 16126 0001:00068AB6
 16127 0001:00068ABC 16128 0001:00068AC6 16129 0001:00068B0E 16130 0001:00068B40
 16160 0001:00068C3C 16161 0001:00068C3F 16163 0001:00068C4D 16164 0001:00068C58
 16165 0001:00068C65 16167 0001:00068C7C 16171 0001:00068C80 16172 0001:00068C87
 16174 0001:00068C89 16175 0001:00068C8A 16176 0001:00068C8B 16177 0001:00068C8D
 16178 0001:00068C90 16179 0001:00068C95 16180 0001:00068C96 16181 0001:00068C97
 16182 0001:00068C9C 16183 0001:00068C9E 16184 0001:00068C9F 16185 0001:00068CA0
 16186 0001:00068CA2 16187 0001:00068CA4 16188 0001:00068CA6 16189 0001:00068CA8
 16190 0001:00068CAA 16191 0001:00068CB0 16192 0001:00068CB2 16193 0001:00068CB4
 16194 0001:00068CB6 16195 0001:00068CBB 16196 0001:00068CC0 16199 0001:00068CC1
 16202 0001:00068CC6 16368 0001:00068CC8 16369 0001:00068CCD 16370 0001:00068CD4
 16372 0001:00068CD8 16373 0001:00068CDF 16374 0001:00068CE8 16376 0001:00068CF7
 16378 0001:00068D06 16536 0001:00068D0C 16537 0001:00068D13 16538 0001:00068D1D
 16539 0001:00068D2B 16541 0001:00068D49 16543 0001:00068D5E 16564 0001:00068D64
 16565 0001:00068D69 16569 0001:00068D6C 16570 0001:00068D71 16598 0001:00068D74
 16599 0001:00068D76 16600 0001:00068D79 16602 0001:00068D7C 16603 0001:00068D8C
 16605 0001:00068D90 16606 0001:00068D9A 16607 0001:00068DA8 16609 0001:00068DB1
 16610 0001:00068DC8 16612 0001:00068DCC 16613 0001:00068DDF 16617 0001:00068DE9
 16624 0001:00068E25 16626 0001:00068E30 16627 0001:00068E36 16629 0001:00068E3E
 16631 0001:00068E60 16633 0001:00068E78 16635 0001:00068E84 16639 0001:00068EB7
 16641 0001:00068ECC 16667 0001:00068F0C 16668 0001:00068F12 16669 0001:00068F2F
 16670 0001:00068F39 16675 0001:00068F3C 16676 0001:00068F42 16677 0001:00068F5F
 16678 0001:00068F69 16684 0001:00068F6C 16685 0001:00068F75 16688 0001:00068F9B
 16689 0001:00068FA5 16690 0001:00068FB3 16692 0001:00068FCA 16695 0001:00068FD9
 16698 0001:00068FE0 16699 0001:00068FE6 16701 0001:00069012 16702 0001:0006901C
 16707 0001:00069020 16708 0001:00069026 16709 0001:00069043 16710 0001:0006904D
 16713 0001:00069050 16714 0001:00069056 16716 0001:0006906D 16717 0001:00069087
 16719 0001:00069094 16720 0001:0006909E 16729 0001:000690A4 16730 0001:000690BF
 16731 0001:000690C7 16733 0001:000690CD 16734 0001:000690E6 16736 0001:000690EC
 16737 0001:000690FE 16740 0001:00069115 16741 0001:0006912E 16742 0001:00069134
 16744 0001:00069153 16745 0001:00069162 16746 0001:00069177 16747 0001:0006919B
 16758 0001:000691E8 16759 0001:000691FC 16761 0001:00069250 16775 0001:00069268
 16776 0001:00069288 16777 0001:00069297 16779 0001:0006929D 16780 0001:000692AB
 16782 0001:000692C1 16783 0001:000692DB 16784 0001:000692E6 16785 0001:000692F4
 16786 0001:00069309 16787 0001:00069311 16789 0001:0006931D 16790 0001:0006932F
 16791 0001:0006933D 16793 0001:00069358 16796 0001:00069378 16798 0001:000693A8
 16800 0001:000693B0 16801 0001:000693D0 16803 0001:000693DF 16804 0001:000693EE
 16805 0001:000693FC 16806 0001:0006940A 16807 0001:00069418 16808 0001:00069427
 16809 0001:0006943F 16810 0001:00069456 16813 0001:00069474 16814 0001:0006949E
 16816 0001:000694AB 16817 0001:000694BA 16818 0001:000694C8 16819 0001:000694E4
 16820 0001:000694F0 16821 0001:000694FF 16822 0001:0006950D 16823 0001:00069518
 16824 0001:00069524 16825 0001:00069535 16827 0001:0006955D 16830 0001:0006957A
 16833 0001:0006958A 16836 0001:000695A4 16839 0001:000695CA 16842 0001:000695DA
 16843 0001:00069605 16851 0001:00069618 16852 0001:0006963B 16855 0001:0006965C
 16856 0001:00069660 16859 0001:00069677 16860 0001:00069690 16862 0001:000696C2
 16867 0001:000696CC 16868 0001:000696D2 16869 0001:000696EC 16870 0001:000696F6
 16876 0001:000696FC 16877 0001:00069703 16879 0001:00069705 16880 0001:0006970A
 16881 0001:0006970C 16883 0001:0006970E 16884 0001:00069712 16885 0001:00069717
 16886 0001:00069719 16888 0001:0006971B 16889 0001:00069720 16890 0001:00069726
 16891 0001:00069727 16892 0001:0006972D 16893 0001:0006972F 16894 0001:00069731
 16895 0001:00069733 16896 0001:00069739 16897 0001:0006973B 16898 0001:0006973D
 16899 0001:0006973F 16900 0001:00069744 16901 0001:00069746 16902 0001:0006974B
 16903 0001:0006974D 16904 0001:0006974E 16905 0001:00069753 16906 0001:00069754
 16909 0001:00069759 16910 0001:0006975F 16915 0001:00069760 16916 0001:00069772
 16917 0001:00069794 16932 0001:00069798 16933 0001:000697A2 16936 0001:000697A6
 16937 0001:000697AC 16934 0001:000697AD 16939 0001:000697BD 16942 0001:000697C4
 16944 0001:000697CB 16945 0001:000697D7 16946 0001:000697E1 16947 0001:000697F3
 16949 0001:000697F8 16951 0001:0006981C 16954 0001:0006981E 16957 0001:0006982C
 16959 0001:00069845 16962 0001:0006984E 16963 0001:0006985F 16965 0001:00069861
 16966 0001:0006987A 16967 0001:00069899 16969 0001:000698A1 16970 0001:000698AC
 16971 0001:000698B8 16972 0001:000698C6 16973 0001:000698D8 16974 0001:000698E2
 16977 0001:00069910 16979 0001:00069937 16982 0001:00069945 16984 0001:00069980
 16988 0001:0006999D 16989 0001:000699A8 16992 0001:000699BC 16993 0001:000699E9
 16998 0001:000699F0 16999 0001:000699F3 17002 0001:00069A0E 17003 0001:00069A15
 17004 0001:00069A23 17005 0001:00069A40 17007 0001:00069A47 17008 0001:00069A58
 17009 0001:00069A61 17010 0001:00069A6D 17012 0001:00069A84 17014 0001:00069A93
 17018 0001:00069A98 17020 0001:00069AAA 17021 0001:00069AB4 17022 0001:00069AC2
 17024 0001:00069AD4 17025 0001:00069AE4 17026 0001:00069AEE 17027 0001:00069AF5
 17034 0001:00069AF8 17035 0001:00069AFE 17037 0001:00069B07 17039 0001:00069B0F
 17040 0001:00069B18 17041 0001:00069B22 17043 0001:00069B29 17047 0001:00069B31
 17048 0001:00069B3A 17051 0001:00069B40 17052 0001:00069B46 17054 0001:00069B4F
 17056 0001:00069B54 17057 0001:00069B5D 17058 0001:00069B6A 17060 0001:00069B71
 17064 0001:00069B79 17065 0001:00069B82 17069 0001:00069B88 17070 0001:00069B8D
 17074 0001:00069B90 17075 0001:00069B95 17084 0001:00069B98 17085 0001:00069BBC
 17088 0001:00069BF8 17089 0001:00069C0F 17090 0001:00069C16 17094 0001:00069C25
 17095 0001:00069C3C 17099 0001:00069C4B 17100 0001:00069C62 17104 0001:00069C71
 17105 0001:00069C88 17109 0001:00069C97 17110 0001:00069CAE 17114 0001:00069CBD
 17115 0001:00069CD4 17119 0001:00069CE3 17120 0001:00069CFA 17121 0001:00069D17
 17125 0001:00069D1E 17126 0001:00069D35 17130 0001:00069D41 17131 0001:00069D58
 17135 0001:00069D64 17136 0001:00069D7B 17139 0001:00069DB4 17242 0001:00069DC8
 17243 0001:00069DE3 17244 0001:00069DF1 17245 0001:00069DFA 17247 0001:00069E04
 17248 0001:00069E18 17245 0001:00069E1B 17249 0001:00069E3B 17262 0001:00069E44
 17263 0001:00069E5E 17266 0001:00069E6B 17268 0001:00069E79 17269 0001:00069E80
 17271 0001:00069E97 17275 0001:00069EB2 17276 0001:00069EC0 17277 0001:00069EC7
 17279 0001:00069EDE 17284 0001:00069EF9 17285 0001:00069F07 17286 0001:00069F0E
 17287 0001:00069F15 17289 0001:00069F21 17290 0001:00069F28 17292 0001:00069F39
 17293 0001:00069F52 17294 0001:00069F5B 17296 0001:00069F63 17299 0001:00069F74
 17300 0001:00069F81 17302 0001:00069FA4 17304 0001:00069FBA 17305 0001:00069FCB
 17306 0001:00069FDE 17307 0001:00069FF1 17308 0001:0006A002 17309 0001:0006A00C
 17310 0001:0006A016 17311 0001:0006A020 17312 0001:0006A02A 17313 0001:0006A039
 17314 0001:0006A040 17316 0001:0006A062 17318 0001:0006A070 17319 0001:0006A079
 17320 0001:0006A081 17322 0001:0006A089 17323 0001:0006A09A 17324 0001:0006A0AB
 17325 0001:0006A0BC 17326 0001:0006A0C1 17327 0001:0006A0D2 17328 0001:0006A0E3
 17329 0001:0006A0F4 17331 0001:0006A108 17333 0001:0006A139 17341 0001:0006A1AC
 17342 0001:0006A1D3 17344 0001:0006A1E0 17345 0001:0006A1E4 17346 0001:0006A1F2
 17348 0001:0006A1FA 17349 0001:0006A206 17350 0001:0006A219 17353 0001:0006A233
 17355 0001:0006A239 17356 0001:0006A23D 17358 0001:0006A241 17359 0001:0006A24D
 17362 0001:0006A25A 17363 0001:0006A25E 17364 0001:0006A281 17365 0001:0006A287
 17366 0001:0006A28D 17368 0001:0006A299 17346 0001:0006A29D 17370 0001:0006A2A6
 17371 0001:0006A2AF 17372 0001:0006A2B8 17374 0001:0006A2D4 17376 0001:0006A2F8
 17378 0001:0006A307 17386 0001:0006A32C 17387 0001:0006A34E 17389 0001:0006A35B
 17391 0001:0006A377 17395 0001:0006A385 17397 0001:0006A38C 17400 0001:0006A3AB
 17404 0001:0006A428 17406 0001:0006A436 17408 0001:0006A46D 17411 0001:0006A48C
 17416 0001:0006A49D 17417 0001:0006A4A7 17420 0001:0006A4AE 17421 0001:0006A4BC
 17422 0001:0006A4C3 17423 0001:0006A4CD 17424 0001:0006A4D4 17425 0001:0006A4DE
 17426 0001:0006A4E5 17427 0001:0006A4EF 17428 0001:0006A4F6 17429 0001:0006A500
 17430 0001:0006A50A 17431 0001:0006A514 17432 0001:0006A51E 17433 0001:0006A528
 17434 0001:0006A52F 17435 0001:0006A539 17436 0001:0006A540 17437 0001:0006A54A
 17438 0001:0006A551 17439 0001:0006A55B 17440 0001:0006A562 17441 0001:0006A56C
 17442 0001:0006A573 17443 0001:0006A57D 17444 0001:0006A584 17445 0001:0006A58E
 17446 0001:0006A595 17447 0001:0006A59F 17448 0001:0006A5A6 17449 0001:0006A5B0
 17450 0001:0006A5B7 17451 0001:0006A5C2 17452 0001:0006A5D1 17455 0001:0006A5D6
 17456 0001:0006A5DF 17459 0001:0006A5E8 17460 0001:0006A5F2 17461 0001:0006A5FC
 17462 0001:0006A606 17463 0001:0006A610 17464 0001:0006A61A 17465 0001:0006A624
 17466 0001:0006A62E 17467 0001:0006A638 17468 0001:0006A642 17469 0001:0006A64C
 17470 0001:0006A656 17471 0001:0006A660 17472 0001:0006A66A 17473 0001:0006A674
 17474 0001:0006A67E 17475 0001:0006A688 17476 0001:0006A692 17477 0001:0006A69C
 17478 0001:0006A6A6 17479 0001:0006A6B0 17480 0001:0006A6BA 17481 0001:0006A6C4
 17482 0001:0006A6CE 17483 0001:0006A6D8 17484 0001:0006A6E2 17485 0001:0006A6EC
 17486 0001:0006A6F6 17487 0001:0006A700 17488 0001:0006A70A 17489 0001:0006A714
 17491 0001:0006A719 17494 0001:0006A732 17499 0001:0006A74D 17501 0001:0006A75B
 17502 0001:0006A762 17504 0001:0006A779 17508 0001:0006A794 17509 0001:0006A7A2
 17510 0001:0006A7A9 17512 0001:0006A7C0 17517 0001:0006A7FD 17521 0001:0006A8B4
 17522 0001:0006A8CB 17526 0001:0006A8CC 17527 0001:0006A8E3 17534 0001:0006A8E4
 17535 0001:0006A8EE 17538 0001:0006A8F0 17540 0001:0006A903 17541 0001:0006A90E
 17542 0001:0006A919 17545 0001:0006A924 17546 0001:0006A92F 17549 0001:0006A93A
 17550 0001:0006A956 17551 0001:0006A97E 17567 0001:0006A984 17568 0001:0006A9A1
 17569 0001:0006A9A8 17570 0001:0006A9AA 17571 0001:0006A9BE 17572 0001:0006A9C5
 17574 0001:0006A9C9 17576 0001:0006A9DF 17578 0001:0006A9E6 17580 0001:0006A9F4
 17582 0001:0006A9F8 17583 0001:0006AA27 17586 0001:0006AA2C 17587 0001:0006AA50
 17588 0001:0006AA5C 17589 0001:0006AA6C 17590 0001:0006AA92 17603 0001:0006AA9C
 17604 0001:0006AAA0 17605 0001:0006AAA6 17609 0001:0006AAAC 17610 0001:0006AAB3
 17611 0001:0006AAB8 17616 0001:0006AABC 17617 0001:0006AAC3 17619 0001:0006AAE0
 17621 0001:0006AAE5 17623 0001:0006AAEA 17624 0001:0006AAEB 17625 0001:0006AAEE
 17627 0001:0006AAF1 17628 0001:0006AB01 17633 0001:0006AB08 17634 0001:0006AB0F
 17639 0001:0006AB3D 17641 0001:0006AB42 17642 0001:0006AB43 17643 0001:0006AB46
 17645 0001:0006AB49 17646 0001:0006AB59 17651 0001:0006AB60 17652 0001:0006AB66
 17653 0001:0006AB75 17654 0001:0006AB83 17656 0001:0006ABA8 17658 0001:0006ABBB
 17663 0001:0006ABC0 17664 0001:0006ABC7 17666 0001:0006ABE4 17668 0001:0006ABE9
 17670 0001:0006ABEE 17671 0001:0006ABEF 17672 0001:0006ABF2 17674 0001:0006ABF5
 17675 0001:0006AC05 17687 0001:0006AC0C 17688 0001:0006AC18 17691 0001:0006AC20
 17692 0001:0006AC2F 17693 0001:0006AC3D 17694 0001:0006AC47 17695 0001:0006AC56
 17697 0001:0006AC61 17698 0001:0006AC6B 17699 0001:0006AC7A 17701 0001:0006AC85
 17702 0001:0006AC8F 17703 0001:0006AC9E 17705 0001:0006ACA9 17708 0001:0006ACB6
 17712 0001:0006ACC2 17713 0001:0006ACD7 17714 0001:0006ACE1 17705 0001:0006ACE2
 17716 0001:0006ACE5 17719 0001:0006ACF2 17720 0001:0006AD0F 17721 0001:0006AD23
 17716 0001:0006AD24 17723 0001:0006AD34 17725 0001:0006AD44 17735 0001:0006AD4C
 17737 0001:0006AD4F 17738 0001:0006AD55 17741 0001:0006AD5C 17743 0001:0006AD6F
 17744 0001:0006AD85 17745 0001:0006AD92 17746 0001:0006ADAD 17750 0001:0006ADC2
 17751 0001:0006ADCF 17755 0001:0006ADD4 17756 0001:0006ADDB 17757 0001:0006ADE1
 17759 0001:0006ADE4 17760 0001:0006ADEF 17762 0001:0006ADF6 17763 0001:0006ADFD
 17764 0001:0006AE0D 17766 0001:0006AE19 17767 0001:0006AE1E 17769 0001:0006AE39
 17770 0001:0006AE4B 17772 0001:0006AE58 17773 0001:0006AE5F 17774 0001:0006AE70
 17776 0001:0006AE7D 17777 0001:0006AE82 17779 0001:0006AE9E 17781 0001:0006AEAC
 17791 0001:0006AEB4 17792 0001:0006AECF 17793 0001:0006AEDC 17794 0001:0006AEF8
 17795 0001:0006AF45 17797 0001:0006AF94 17799 0001:0006AFB2 17810 0001:0006AFCD
 17820 0001:0006AFE8 17830 0001:0006AFF5 17833 0001:0006B006 17840 0001:0006B017
 17844 0001:0006B032 17850 0001:0006B04D 17853 0001:0006B052 17857 0001:0006B072
 17866 0001:0006B092 17867 0001:0006B093 17869 0001:0006B09D 17874 0001:0006B0BD
 17883 0001:0006B0D8 17888 0001:0006B0F3 17889 0001:0006B0FC 17894 0001:0006B117
 17896 0001:0006B125 17899 0001:0006B162 17903 0001:0006B428 17904 0001:0006B442
 17907 0001:0006B444 17908 0001:0006B447 17909 0001:0006B458 17912 0001:0006B45C
 17916 0001:0006B45F 17918 0001:0006B466 17947 0001:0006B468 17948 0001:0006B46B
 17950 0001:0006B472 17955 0001:0006B474 17956 0001:0006B47C 17958 0001:0006B48B
 17959 0001:0006B490 17961 0001:0006B49D 17964 0001:0006B4C5 17965 0001:0006B4D8
 17967 0001:0006B4DA 17959 0001:0006B4DB 17968 0001:0006B4DE 17979 0001:0006B4E4
 17980 0001:0006B4EB 17981 0001:0006B4FE 17982 0001:0006B50C 17984 0001:0006B523
 17986 0001:0006B533 17988 0001:0006B538 17989 0001:0006B555 17990 0001:0006B559
 17992 0001:0006B576 17993 0001:0006B585 17994 0001:0006B593 17995 0001:0006B5AB
 17997 0001:0006B5BF 17998 0001:0006B5D2 17999 0001:0006B5D8 18000 0001:0006B5E0
 18001 0001:0006B5F4 18003 0001:0006B607 18005 0001:0006B63C 18007 0001:0006B644
 18008 0001:0006B663 18009 0001:0006B681 18011 0001:0006B68B 18013 0001:0006B696
 18016 0001:0006B6C0 18027 0001:0006B6DD 18029 0001:0006B6E4 18031 0001:0006B6EB
 18032 0001:0006B6F2 18033 0001:0006B6F9 18034 0001:0006B700 18036 0001:0006B715
 18040 0001:0006B71C 18041 0001:0006B723 18042 0001:0006B72A 18043 0001:0006B731
 18044 0001:0006B738 18045 0001:0006B73F 18046 0001:0006B746 18047 0001:0006B74D
 18048 0001:0006B754 18049 0001:0006B76B 18050 0001:0006B782 18051 0001:0006B789
 18052 0001:0006B793 18053 0001:0006B79A 18054 0001:0006B7A9 18055 0001:0006B7B0
 18056 0001:0006B7C1 18057 0001:0006B7CB 18059 0001:0006B7D2 18060 0001:0006B7DC
 18061 0001:0006B7E6 18063 0001:0006B7F0 18065 0001:0006B7F5 18068 0001:0006B7FE
 18071 0001:0006B803 18073 0001:0006B811 18074 0001:0006B818 18078 0001:0006B81D
 18079 0001:0006B82E 18081 0001:0006B83F 18082 0001:0006B858 18083 0001:0006B861
 18085 0001:0006B869 18123 0001:0006B87C 18125 0001:0006B881 18126 0001:0006B892
 18127 0001:0006B8A3 18128 0001:0006B8B4 18129 0001:0006B8C5 18135 0001:0006B8D6
 18136 0001:0006B8DD 18137 0001:0006B8E9 18138 0001:0006B8F0 18139 0001:0006B8F7
 18140 0001:0006B901 18141 0001:0006B908 18142 0001:0006B90F 18145 0001:0006B931
 18146 0001:0006B944 18148 0001:0006B952 18149 0001:0006B95B 18150 0001:0006B963
 18153 0001:0006B96B 18154 0001:0006B970 18155 0001:0006B97A 18156 0001:0006B984
 18158 0001:0006B995 18159 0001:0006B9A6 18160 0001:0006B9AB 18161 0001:0006B9B2
 18162 0001:0006B9BC 18163 0001:0006B9C3 18164 0001:0006B9CA 18165 0001:0006B9D1
 18166 0001:0006B9D8 18167 0001:0006B9DF 18169 0001:0006B9E6 18170 0001:0006B9ED
 18171 0001:0006B9F4 18173 0001:0006B9FB 18175 0001:0006BA02 18178 0001:0006BA0A
 18180 0001:0006BA14 18182 0001:0006BA2E 18183 0001:0006BA3A 18184 0001:0006BA45
 18185 0001:0006BA51 18187 0001:0006BA5C 18190 0001:0006BA61 18196 0001:0006BAAE
 18202 0001:0006BAFB 18208 0001:0006BB48 18209 0001:0006BB5D 18211 0001:0006BB66
 18225 0001:0006BB7F 18231 0001:0006BBCC 18237 0001:0006BC19 18243 0001:0006BC66
 18245 0001:0006BC74 18247 0001:0006BC82 18249 0001:0006BC90 18250 0001:0006BC95
 18254 0001:0006BCBF 18256 0001:0006BCCC 18259 0001:0006BCE0 18260 0001:0006BD11
 18264 0001:0006BD4D 18268 0001:0006BD54 18270 0001:0006BD5D 18271 0001:0006BD62
 18275 0001:0006BD91 18282 0001:0006BE64 18283 0001:0006BE7D 18284 0001:0006BE8B
 18286 0001:0006BE9E 18287 0001:0006BEA8 18289 0001:0006BEB2 18290 0001:0006BEC5
 18292 0001:0006BECC 18293 0001:0006BED6 18294 0001:0006BEDD 18295 0001:0006BEE7
 18296 0001:0006BEEE 18297 0001:0006BEF8 18298 0001:0006BEFF 18299 0001:0006BF09
 18300 0001:0006BF10 18301 0001:0006BF1A 18303 0001:0006BF21 18304 0001:0006BF26
 18306 0001:0006BF31 18308 0001:0006BF43 18309 0001:0006BF50 18311 0001:0006BF5D
 18313 0001:0006BF66 18314 0001:0006BF79 18319 0001:0006BF80 18320 0001:0006BF89
 18322 0001:0006BF98 18323 0001:0006BFA2 18324 0001:0006BFA9 18325 0001:0006BFB3
 18326 0001:0006BFBA 18327 0001:0006BFC4 18329 0001:0006BFCB 18330 0001:0006BFD5
 18331 0001:0006BFDF 18332 0001:0006BFE9 18333 0001:0006BFF3 18336 0001:0006BFFA
 18338 0001:0006C003 18339 0001:0006C010 18340 0001:0006C01F 18343 0001:0006C035
 18344 0001:0006C03F 18345 0001:0006C046 18346 0001:0006C050 18347 0001:0006C057
 18348 0001:0006C061 18350 0001:0006C068 18351 0001:0006C077 18358 0001:0006C07E
 18360 0001:0006C087 18361 0001:0006C092 18362 0001:0006C09C 18363 0001:0006C0A6
 18371 0001:0006C0AD 18372 0001:0006C0B2 18374 0001:0006C0C6 18375 0001:0006C0D0
 18376 0001:0006C0D7 18378 0001:0006C106 18410 0001:0006C10C 18420 0001:0006C120
 18421 0001:0006C14C 18423 0001:0006C2B2 18414 0001:0006C2D0 18415 0001:0006C2F4
 18416 0001:0006C303 18417 0001:0006C308 18419 0001:0006C327

Line numbers for DLL(C:\Works\Sync Folder\Sources\EurekaLog 6\Delphi Demos\DLL\DLL.dpr) segment .text

    13 0001:0006C348    14 0001:0006C34D    17 0001:0006C350    18 0001:0006C353
    19 0001:0006C358    22 0001:0006C35C    23 0001:0006C35F    24 0001:0006C364
    27 0001:0006C368    28 0001:0006C36B    29 0001:0006C370    34 0001:0006C4BC
    34 0001:0006C4CC

Bound resource files

..\..\Dialog.res
C:\DOCUME~1\ADMINI~1\LOCALS~1\Temp\dtf548.tmp


Program entry point at 0001:0006C4BC
