
 Start         Length     Name                   Class
 0001:00401000 000A7280H .text                   CODE
 0002:004A9000 000004FCH .itext                  ICODE
 0003:004AA000 00005648H .data                   DATA
 0004:004B0000 000045DCH .bss                    BSS
 0005:00000000 00000000H .tls                    TLS


Detailed map of segments

 0001:00000000 000004E6 C=CODE     S=.text    G=(none)   M=System   ACBP=A9
 0001:000004E8 00000203 C=CODE     S=.text    G=(none)   M=SysInit  ACBP=A9
 0001:000006EC 000013E5 C=CODE     S=.text    G=(none)   M=Windows  ACBP=A9
 0001:00001AD4 00000276 C=CODE     S=.text    G=(none)   M=SysUtils ACBP=A9
 0001:00001D4C 00000236 C=CODE     S=.text    G=(none)   M=Classes  ACBP=A9
 0001:00001F84 00000036 C=CODE     S=.text    G=(none)   M=TypInfo  ACBP=A9
 0001:00001FBC 00000046 C=CODE     S=.text    G=(none)   M=Variants ACBP=A9
 0001:00002004 00000006 C=CODE     S=.text    G=(none)   M=VarUtils ACBP=A9
 0001:0000200C 0000004E C=CODE     S=.text    G=(none)   M=Graphics ACBP=A9
 0001:0000205C 00000006 C=CODE     S=.text    G=(none)   M=Registry ACBP=A9
 0001:00002064 0000009E C=CODE     S=.text    G=(none)   M=IniFiles ACBP=A9
 0001:00002104 0000000E C=CODE     S=.text    G=(none)   M=IOUtils  ACBP=A9
 0001:00002114 00000156 C=CODE     S=.text    G=(none)   M=Controls ACBP=A9
 0001:0000226C 00000006 C=CODE     S=.text    G=(none)   M=SyncObjs ACBP=A9
 0001:00002274 00000006 C=CODE     S=.text    G=(none)   M=TimeSpan ACBP=A9
 0001:0000227C 00000006 C=CODE     S=.text    G=(none)   M=ActnList ACBP=A9
 0001:00002284 00000006 C=CODE     S=.text    G=(none)   M=ImgList  ACBP=A9
 0001:0000228C 00000049 C=CODE     S=.text    G=(none)   M=CommCtrl ACBP=A9
 0001:000022D8 00000006 C=CODE     S=.text    G=(none)   M=Themes   ACBP=A9
 0001:000022E0 00000056 C=CODE     S=.text    G=(none)   M=Menus    ACBP=A9
 0001:00002338 00000006 C=CODE     S=.text    G=(none)   M=UxTheme  ACBP=A9
 0001:00002340 00000006 C=CODE     S=.text    G=(none)   M=MultiMon ACBP=A9
 0001:00002348 0000016E C=CODE     S=.text    G=(none)   M=Forms    ACBP=A9
 0001:000024B8 00000006 C=CODE     S=.text    G=(none)   M=HelpIntfs ACBP=A9
 0001:000024C0 00000016 C=CODE     S=.text    G=(none)   M=Dialogs  ACBP=A9
 0001:000024D8 00000086 C=CODE     S=.text    G=(none)   M=ComCtrls ACBP=A9
 0001:00002560 00000006 C=CODE     S=.text    G=(none)   M=GraphUtil ACBP=A9
 0001:00002568 0000000E C=CODE     S=.text    G=(none)   M=ShellAPI ACBP=A9
 0001:00002578 00000006 C=CODE     S=.text    G=(none)   M=StdCtrls ACBP=A9
 0001:00002580 0000002E C=CODE     S=.text    G=(none)   M=ExtCtrls ACBP=A9
 0001:000025B0 00000006 C=CODE     S=.text    G=(none)   M=Printers ACBP=A9
 0001:000025B8 00000016 C=CODE     S=.text    G=(none)   M=Clipbrd  ACBP=A9
 0001:000025D0 00000006 C=CODE     S=.text    G=(none)   M=FlatSB   ACBP=A9
 0001:000025D8 00000006 C=CODE     S=.text    G=(none)   M=Buttons  ACBP=A9
 0001:000025E0 00002056 C=CODE     S=.text    G=(none)   M=ELeaks   ACBP=A9
 0001:00004638 00000FDB C=CODE     S=.text    G=(none)   M=ETypes   ACBP=A9
 0001:00005614 00002FB4 C=CODE     S=.text    G=(none)   M=EConsts  ACBP=A9
 0001:000085C8 00008068 C=CODE     S=.text    G=(none)   M=ECore    ACBP=A9
 0001:00010630 00008AB9 C=CODE     S=.text    G=(none)   M=EDebug   ACBP=A9
 0001:000190EC 000001EE C=CODE     S=.text    G=(none)   M=WinSock  ACBP=A9
 0001:000192DC 000019F8 C=CODE     S=.text    G=(none)   M=EHook    ACBP=A9
 0001:0001ACD4 000000B7 C=CODE     S=.text    G=(none)   M=ELang    ACBP=A9
 0001:0001AD8C 00001E88 C=CODE     S=.text    G=(none)   M=ESockets ACBP=A9
 0001:0001CC14 0000AA87 C=CODE     S=.text    G=(none)   M=EZlib2   ACBP=A9
 0001:0002769C 00000B1B C=CODE     S=.text    G=(none)   M=EHash    ACBP=A9
 0001:000281B8 00000413 C=CODE     S=.text    G=(none)   M=EEncrypt ACBP=A9
 0001:000285CC 0000033B C=CODE     S=.text    G=(none)   M=EBase64  ACBP=A9
 0001:00028908 000003E7 C=CODE     S=.text    G=(none)   M=EZip     ACBP=A9
 0001:00028CF0 0000A5F2 C=CODE     S=.text    G=(none)   M=EWebTools ACBP=A9
 0001:000332E4 00000A7F C=CODE     S=.text    G=(none)   M=EXMLBuilder ACBP=A9
 0001:00033D64 00005BC6 C=CODE     S=.text    G=(none)   M=ELogManager ACBP=A9
 0001:0003992C 00001AE7 C=CODE     S=.text    G=(none)   M=EListView ACBP=A9
 0001:0003B414 000088CD C=CODE     S=.text    G=(none)   M=EDisAsm  ACBP=A9
 0001:00043CE4 00032E1C C=CODE     S=.text    G=(none)   M=ExceptionLog ACBP=A9
 0001:00076B00 000008DF C=CODE     S=.text    G=(none)   M=EDesign  ACBP=A9
 0001:000773E0 00000006 C=CODE     S=.text    G=(none)   M=FileCtrl ACBP=A9
 0001:000773E8 00001F7A C=CODE     S=.text    G=(none)   M=EBorlandDebug ACBP=A9
 0001:00079364 00003C1F C=CODE     S=.text    G=(none)   M=EResource ACBP=A9
 0001:0007CF84 000104E8 C=CODE     S=.text    G=(none)   M=EBaseModule ACBP=A9
 0001:0008D46C 00000006 C=CODE     S=.text    G=(none)   M=ToolsAPI ACBP=A9
 0001:0008D474 00000006 C=CODE     S=.text    G=(none)   M=XMLIntf  ACBP=A9
 0001:0008D47C 00000006 C=CODE     S=.text    G=(none)   M=xmldom   ACBP=A9
 0001:0008D484 00000006 C=CODE     S=.text    G=(none)   M=msxmldom ACBP=A9
 0001:0008D48C 00000006 C=CODE     S=.text    G=(none)   M=ComObj   ACBP=A9
 0001:0008D494 00000016 C=CODE     S=.text    G=(none)   M=DesignIntf ACBP=A9
 0001:0008D4AC 00000006 C=CODE     S=.text    G=(none)   M=DockForm ACBP=A9
 0001:0008D4B4 00000006 C=CODE     S=.text    G=(none)   M=IDEMessages ACBP=A9
 0001:0008D4BC 00000006 C=CODE     S=.text    G=(none)   M=DeskForm ACBP=A9
 0001:0008D4C4 00000006 C=CODE     S=.text    G=(none)   M=BaseDock ACBP=A9
 0001:0008D4CC 00000006 C=CODE     S=.text    G=(none)   M=PercentageDockTree ACBP=A9
 0001:0008D4D4 00000006 C=CODE     S=.text    G=(none)   M=CaptionedDockTree ACBP=A9
 0001:0008D4DC 00000006 C=CODE     S=.text    G=(none)   M=DockTabSet ACBP=A9
 0001:0008D4E4 00000006 C=CODE     S=.text    G=(none)   M=Tabs     ACBP=A9
 0001:0008D4EC 00000006 C=CODE     S=.text    G=(none)   M=DeskUtil ACBP=A9
 0001:0008D4F4 00000006 C=CODE     S=.text    G=(none)   M=TabDock  ACBP=A9
 0001:0008D4FC 00000006 C=CODE     S=.text    G=(none)   M=PlatformDefaultStyleActnCtrls ACBP=A9
 0001:0008D504 00000006 C=CODE     S=.text    G=(none)   M=ActnMan  ACBP=A9
 0001:0008D50C 00000006 C=CODE     S=.text    G=(none)   M=ActnMenus ACBP=A9
 0001:0008D514 00000006 C=CODE     S=.text    G=(none)   M=ExtActns ACBP=A9
 0001:0008D51C 00000006 C=CODE     S=.text    G=(none)   M=ExtDlgs  ACBP=A9
 0001:0008D524 00000006 C=CODE     S=.text    G=(none)   M=Mapi     ACBP=A9
 0001:0008D52C 00000A0F C=CODE     S=.text    G=(none)   M=EMessages ACBP=A9
 0001:0008DF3C 0000062F C=CODE     S=.text    G=(none)   M=EVariables ACBP=A9
 0001:0008E56C 00000333 C=CODE     S=.text    G=(none)   M=EWait    ACBP=A9
 0001:0008E8A0 00000DE7 C=CODE     S=.text    G=(none)   M=EAbout   ACBP=A9
 0001:0008F688 00002E98 C=CODE     S=.text    G=(none)   M=ECommon  ACBP=A9
 0001:00092520 0000E7A4 C=CODE     S=.text    G=(none)   M=EOption  ACBP=A9
 0001:000A0CC4 0000070F C=CODE     S=.text    G=(none)   M=EIDEOptions ACBP=A9
 0001:000A13D4 00000FBF C=CODE     S=.text    G=(none)   M=EParser  ACBP=A9
 0001:000A2394 00004130 C=CODE     S=.text    G=(none)   M=EToolsAPI ACBP=A9
 0001:000A64C4 000002AC C=CODE     S=.text    G=(none)   M=EMain    ACBP=A9
 0001:000A6770 00000B0F C=CODE     S=.text    G=(none)   M=.ExceptionExpert14 ACBP=A9
 0002:00000000 00000006 C=ICODE    S=.itext   G=(none)   M=System   ACBP=A9
 0002:00000008 00000016 C=ICODE    S=.itext   G=(none)   M=Windows  ACBP=A9
 0002:00000020 0000001E C=ICODE    S=.itext   G=(none)   M=SysUtils ACBP=A9
 0002:00000040 0000000E C=ICODE    S=.itext   G=(none)   M=Classes  ACBP=A9
 0002:00000050 00000006 C=ICODE    S=.itext   G=(none)   M=TypInfo  ACBP=A9
 0002:00000058 00000006 C=ICODE    S=.itext   G=(none)   M=Variants ACBP=A9
 0002:00000060 00000006 C=ICODE    S=.itext   G=(none)   M=VarUtils ACBP=A9
 0002:00000068 00000006 C=ICODE    S=.itext   G=(none)   M=Graphics ACBP=A9
 0002:00000070 00000006 C=ICODE    S=.itext   G=(none)   M=Registry ACBP=A9
 0002:00000078 00000006 C=ICODE    S=.itext   G=(none)   M=IniFiles ACBP=A9
 0002:00000080 0000000E C=ICODE    S=.itext   G=(none)   M=IOUtils  ACBP=A9
 0002:00000090 00000006 C=ICODE    S=.itext   G=(none)   M=Controls ACBP=A9
 0002:00000098 00000006 C=ICODE    S=.itext   G=(none)   M=SyncObjs ACBP=A9
 0002:000000A0 00000006 C=ICODE    S=.itext   G=(none)   M=TimeSpan ACBP=A9
 0002:000000A8 00000006 C=ICODE    S=.itext   G=(none)   M=ActnList ACBP=A9
 0002:000000B0 00000006 C=ICODE    S=.itext   G=(none)   M=Themes   ACBP=A9
 0002:000000B8 00000006 C=ICODE    S=.itext   G=(none)   M=Menus    ACBP=A9
 0002:000000C0 00000006 C=ICODE    S=.itext   G=(none)   M=UxTheme  ACBP=A9
 0002:000000C8 00000006 C=ICODE    S=.itext   G=(none)   M=MultiMon ACBP=A9
 0002:000000D0 00000006 C=ICODE    S=.itext   G=(none)   M=Forms    ACBP=A9
 0002:000000D8 00000006 C=ICODE    S=.itext   G=(none)   M=HelpIntfs ACBP=A9
 0002:000000E0 00000006 C=ICODE    S=.itext   G=(none)   M=Dialogs  ACBP=A9
 0002:000000E8 00000006 C=ICODE    S=.itext   G=(none)   M=ComCtrls ACBP=A9
 0002:000000F0 00000006 C=ICODE    S=.itext   G=(none)   M=GraphUtil ACBP=A9
 0002:000000F8 00000006 C=ICODE    S=.itext   G=(none)   M=ExtCtrls ACBP=A9
 0002:00000100 00000006 C=ICODE    S=.itext   G=(none)   M=Printers ACBP=A9
 0002:00000108 00000006 C=ICODE    S=.itext   G=(none)   M=Clipbrd  ACBP=A9
 0002:00000110 00000006 C=ICODE    S=.itext   G=(none)   M=FlatSB   ACBP=A9
 0002:00000118 00000006 C=ICODE    S=.itext   G=(none)   M=Buttons  ACBP=A9
 0002:00000120 00000013 C=ICODE    S=.itext   G=(none)   M=ELeaks   ACBP=A9
 0002:00000134 00000008 C=ICODE    S=.itext   G=(none)   M=ETypes   ACBP=A9
 0002:0000013C 00000008 C=ICODE    S=.itext   G=(none)   M=EConsts  ACBP=A9
 0002:00000144 00000034 C=ICODE    S=.itext   G=(none)   M=ECore    ACBP=A9
 0002:00000178 00000008 C=ICODE    S=.itext   G=(none)   M=EDebug   ACBP=A9
 0002:00000180 00000034 C=ICODE    S=.itext   G=(none)   M=EHook    ACBP=A9
 0002:000001B4 00000008 C=ICODE    S=.itext   G=(none)   M=ELang    ACBP=A9
 0002:000001BC 00000038 C=ICODE    S=.itext   G=(none)   M=ESockets ACBP=A9
 0002:000001F4 00000008 C=ICODE    S=.itext   G=(none)   M=EZlib2   ACBP=A9
 0002:000001FC 00000008 C=ICODE    S=.itext   G=(none)   M=EHash    ACBP=A9
 0002:00000204 00000008 C=ICODE    S=.itext   G=(none)   M=EEncrypt ACBP=A9
 0002:0000020C 00000008 C=ICODE    S=.itext   G=(none)   M=EBase64  ACBP=A9
 0002:00000214 00000008 C=ICODE    S=.itext   G=(none)   M=EZip     ACBP=A9
 0002:0000021C 00000008 C=ICODE    S=.itext   G=(none)   M=EWebTools ACBP=A9
 0002:00000224 00000008 C=ICODE    S=.itext   G=(none)   M=EXMLBuilder ACBP=A9
 0002:0000022C 00000008 C=ICODE    S=.itext   G=(none)   M=ELogManager ACBP=A9
 0002:00000234 00000008 C=ICODE    S=.itext   G=(none)   M=EListView ACBP=A9
 0002:0000023C 00000008 C=ICODE    S=.itext   G=(none)   M=EDisAsm  ACBP=A9
 0002:00000244 0000007C C=ICODE    S=.itext   G=(none)   M=ExceptionLog ACBP=A9
 0002:000002C0 00000008 C=ICODE    S=.itext   G=(none)   M=EDesign  ACBP=A9
 0002:000002C8 0000000F C=ICODE    S=.itext   G=(none)   M=EBorlandDebug ACBP=A9
 0002:000002D8 00000008 C=ICODE    S=.itext   G=(none)   M=EResource ACBP=A9
 0002:000002E0 0000003C C=ICODE    S=.itext   G=(none)   M=EBaseModule ACBP=A9
 0002:0000031C 00000006 C=ICODE    S=.itext   G=(none)   M=ToolsAPI ACBP=A9
 0002:00000324 00000006 C=ICODE    S=.itext   G=(none)   M=XMLIntf  ACBP=A9
 0002:0000032C 00000006 C=ICODE    S=.itext   G=(none)   M=xmldom   ACBP=A9
 0002:00000334 00000006 C=ICODE    S=.itext   G=(none)   M=msxmldom ACBP=A9
 0002:0000033C 00000006 C=ICODE    S=.itext   G=(none)   M=ComObj   ACBP=A9
 0002:00000344 00000006 C=ICODE    S=.itext   G=(none)   M=DockForm ACBP=A9
 0002:0000034C 00000006 C=ICODE    S=.itext   G=(none)   M=IDEMessages ACBP=A9
 0002:00000354 00000006 C=ICODE    S=.itext   G=(none)   M=DeskForm ACBP=A9
 0002:0000035C 00000006 C=ICODE    S=.itext   G=(none)   M=BaseDock ACBP=A9
 0002:00000364 00000006 C=ICODE    S=.itext   G=(none)   M=PercentageDockTree ACBP=A9
 0002:0000036C 00000006 C=ICODE    S=.itext   G=(none)   M=CaptionedDockTree ACBP=A9
 0002:00000374 00000006 C=ICODE    S=.itext   G=(none)   M=DockTabSet ACBP=A9
 0002:0000037C 00000006 C=ICODE    S=.itext   G=(none)   M=Tabs     ACBP=A9
 0002:00000384 00000006 C=ICODE    S=.itext   G=(none)   M=DeskUtil ACBP=A9
 0002:0000038C 00000006 C=ICODE    S=.itext   G=(none)   M=TabDock  ACBP=A9
 0002:00000394 00000006 C=ICODE    S=.itext   G=(none)   M=PlatformDefaultStyleActnCtrls ACBP=A9
 0002:0000039C 00000006 C=ICODE    S=.itext   G=(none)   M=ActnMan  ACBP=A9
 0002:000003A4 00000006 C=ICODE    S=.itext   G=(none)   M=ActnMenus ACBP=A9
 0002:000003AC 00000006 C=ICODE    S=.itext   G=(none)   M=ExtActns ACBP=A9
 0002:000003B4 00000006 C=ICODE    S=.itext   G=(none)   M=ExtDlgs  ACBP=A9
 0002:000003BC 00000006 C=ICODE    S=.itext   G=(none)   M=Mapi     ACBP=A9
 0002:000003C4 00000008 C=ICODE    S=.itext   G=(none)   M=EMessages ACBP=A9
 0002:000003CC 00000008 C=ICODE    S=.itext   G=(none)   M=EVariables ACBP=A9
 0002:000003D4 00000008 C=ICODE    S=.itext   G=(none)   M=EWait    ACBP=A9
 0002:000003DC 00000008 C=ICODE    S=.itext   G=(none)   M=EAbout   ACBP=A9
 0002:000003E4 00000038 C=ICODE    S=.itext   G=(none)   M=ECommon  ACBP=A9
 0002:0000041C 00000038 C=ICODE    S=.itext   G=(none)   M=EOption  ACBP=A9
 0002:00000454 00000008 C=ICODE    S=.itext   G=(none)   M=EIDEOptions ACBP=A9
 0002:0000045C 00000008 C=ICODE    S=.itext   G=(none)   M=EParser  ACBP=A9
 0002:00000464 0000005C C=ICODE    S=.itext   G=(none)   M=EToolsAPI ACBP=A9
 0002:000004C0 00000034 C=ICODE    S=.itext   G=(none)   M=EMain    ACBP=A9
 0002:000004F4 00000005 C=ICODE    S=.itext   G=(none)   M=.ExceptionExpert14 ACBP=A9
 0003:00000000 00000034 C=DATA     S=.data    G=DGROUP   M=SysInit  ACBP=A9
 0003:00000034 0000000C C=DATA     S=.data    G=DGROUP   M=Windows  ACBP=A9
 0003:00000040 00000014 C=DATA     S=.data    G=DGROUP   M=ELeaks   ACBP=A9
 0003:00000054 00000908 C=DATA     S=.data    G=DGROUP   M=EConsts  ACBP=A9
 0003:0000095C 00000044 C=DATA     S=.data    G=DGROUP   M=ECore    ACBP=A9
 0003:000009A0 0000004C C=DATA     S=.data    G=DGROUP   M=EDebug   ACBP=A9
 0003:000009EC 000001A0 C=DATA     S=.data    G=DGROUP   M=EHook    ACBP=A9
 0003:00000B8C 00000001 C=DATA     S=.data    G=DGROUP   M=ESockets ACBP=A9
 0003:00000B90 00000FCC C=DATA     S=.data    G=DGROUP   M=EZlib2   ACBP=A9
 0003:00001B5C 00000212 C=DATA     S=.data    G=DGROUP   M=EHash    ACBP=A9
 0003:00001D70 000000C0 C=DATA     S=.data    G=DGROUP   M=EBase64  ACBP=A9
 0003:00001E30 00001C14 C=DATA     S=.data    G=DGROUP   M=EWebTools ACBP=A9
 0003:00003A44 00000020 C=DATA     S=.data    G=DGROUP   M=EXMLBuilder ACBP=A9
 0003:00003A64 00000024 C=DATA     S=.data    G=DGROUP   M=ELogManager ACBP=A9
 0003:00003A88 000012D5 C=DATA     S=.data    G=DGROUP   M=EDisAsm  ACBP=A9
 0003:00004D60 0000059C C=DATA     S=.data    G=DGROUP   M=ExceptionLog ACBP=A9
 0003:000052FC 000001D8 C=DATA     S=.data    G=DGROUP   M=EBaseModule ACBP=A9
 0003:000054D4 00000008 C=DATA     S=.data    G=DGROUP   M=ECommon  ACBP=A9
 0003:000054DC 00000048 C=DATA     S=.data    G=DGROUP   M=EOption  ACBP=A9
 0003:00005524 00000028 C=DATA     S=.data    G=DGROUP   M=EParser  ACBP=A9
 0003:0000554C 00000020 C=DATA     S=.data    G=DGROUP   M=EToolsAPI ACBP=A9
 0004:00000000 0000000C C=BSS      S=.bss     G=DGROUP   M=SysInit  ACBP=A9
 0004:0000000C 00000008 C=BSS      S=.bss     G=DGROUP   M=Windows  ACBP=A9
 0004:00000014 00000054 C=BSS      S=.bss     G=DGROUP   M=ELeaks   ACBP=A9
 0004:00000068 00000004 C=BSS      S=.bss     G=DGROUP   M=ETypes   ACBP=A9
 0004:0000006C 00000004 C=BSS      S=.bss     G=DGROUP   M=EConsts  ACBP=A9
 0004:00000070 00000009 C=BSS      S=.bss     G=DGROUP   M=ECore    ACBP=A9
 0004:0000007C 00000004 C=BSS      S=.bss     G=DGROUP   M=EDebug   ACBP=A9
 0004:00000080 00000010 C=BSS      S=.bss     G=DGROUP   M=EHook    ACBP=A9
 0004:00000090 00000004 C=BSS      S=.bss     G=DGROUP   M=ELang    ACBP=A9
 0004:00000094 00000004 C=BSS      S=.bss     G=DGROUP   M=ESockets ACBP=A9
 0004:00000098 00003120 C=BSS      S=.bss     G=DGROUP   M=EZlib2   ACBP=A9
 0004:000031B8 00000404 C=BSS      S=.bss     G=DGROUP   M=EHash    ACBP=A9
 0004:000035BC 0000001C C=BSS      S=.bss     G=DGROUP   M=EEncrypt ACBP=A9
 0004:000035D8 00000004 C=BSS      S=.bss     G=DGROUP   M=EBase64  ACBP=A9
 0004:000035DC 00000004 C=BSS      S=.bss     G=DGROUP   M=EZip     ACBP=A9
 0004:000035E0 00000048 C=BSS      S=.bss     G=DGROUP   M=EWebTools ACBP=A9
 0004:00003628 00000004 C=BSS      S=.bss     G=DGROUP   M=EXMLBuilder ACBP=A9
 0004:0000362C 00000004 C=BSS      S=.bss     G=DGROUP   M=ELogManager ACBP=A9
 0004:00003630 00000004 C=BSS      S=.bss     G=DGROUP   M=EListView ACBP=A9
 0004:00003634 00000004 C=BSS      S=.bss     G=DGROUP   M=EDisAsm  ACBP=A9
 0004:00003638 00000E80 C=BSS      S=.bss     G=DGROUP   M=ExceptionLog ACBP=A9
 0004:000044B8 00000004 C=BSS      S=.bss     G=DGROUP   M=EDesign  ACBP=A9
 0004:000044BC 0000003C C=BSS      S=.bss     G=DGROUP   M=EBorlandDebug ACBP=A9
 0004:000044F8 00000004 C=BSS      S=.bss     G=DGROUP   M=EResource ACBP=A9
 0004:000044FC 00000018 C=BSS      S=.bss     G=DGROUP   M=EBaseModule ACBP=A9
 0004:00004514 00000008 C=BSS      S=.bss     G=DGROUP   M=EMessages ACBP=A9
 0004:0000451C 00000008 C=BSS      S=.bss     G=DGROUP   M=EVariables ACBP=A9
 0004:00004524 00000008 C=BSS      S=.bss     G=DGROUP   M=EWait    ACBP=A9
 0004:0000452C 00000008 C=BSS      S=.bss     G=DGROUP   M=EAbout   ACBP=A9
 0004:00004534 0000002C C=BSS      S=.bss     G=DGROUP   M=ECommon  ACBP=A9
 0004:00004560 0000000C C=BSS      S=.bss     G=DGROUP   M=EOption  ACBP=A9
 0004:0000456C 00000008 C=BSS      S=.bss     G=DGROUP   M=EIDEOptions ACBP=A9
 0004:00004574 00000051 C=BSS      S=.bss     G=DGROUP   M=EParser  ACBP=A9
 0004:000045C8 0000000C C=BSS      S=.bss     G=DGROUP   M=EToolsAPI ACBP=A9
 0004:000045D4 00000008 C=BSS      S=.bss     G=DGROUP   M=EMain    ACBP=A9
 0005:00000000 00000173 C=TLS      S=.tls     G=(none)   M=ExceptionLog ACBP=A9


  Address             Publics by Name

 0002:000004F4       .ExceptionExpert14..ExceptionExpert14
 0001:000A7260       .ExceptionExpert14.@GetPackageInfoTable
 0001:000A7268       .ExceptionExpert14.@PackageLoad
 0001:000A7274       .ExceptionExpert14.@PackageUnload
 0002:000000A8       ActnList.ActnList
 0001:0000227C       ActnList.Finalization
 0002:0000039C       ActnMan.ActnMan
 0001:0008D504       ActnMan.Finalization
 0002:000003A4       ActnMenus.ActnMenus
 0001:0008D50C       ActnMenus.Finalization
 0002:0000035C       BaseDock.BaseDock
 0001:0008D4C4       BaseDock.Finalization
 0002:00000118       Buttons.Buttons
 0001:000025D8       Buttons.Finalization
 0002:0000036C       CaptionedDockTree.CaptionedDockTree
 0001:0008D4D4       CaptionedDockTree.Finalization
 0002:00000048       Classes.Classes
 0001:00001F7C       Classes.Finalization
 0001:00001D4C       Classes.Rect
 0001:00001D54       Classes.RegisterComponents
 0001:00001F14       Classes.TComponent.BeforeDestruction
 0001:00001F04       Classes.TComponent.Create
 0001:00001F24       Classes.TComponent.DefineProperties
 0001:00001F0C       Classes.TComponent.Destroy
 0001:00001F4C       Classes.TComponent.FindComponent
 0001:00001F2C       Classes.TComponent.Loaded
 0001:00001F1C       Classes.TComponent.Notification
 0001:00001F74       Classes.TComponent.QueryInterface
 0001:00001F34       Classes.TComponent.ReadState
 0001:00001F64       Classes.TComponent.SafeCallException
 0001:00001F54       Classes.TComponent.SetName
 0001:00001F5C       Classes.TComponent.UpdateAction
 0001:00001F6C       Classes.TComponent.UpdateRegistry
 0001:00001F44       Classes.TComponent.ValidateRename
 0001:00001F3C       Classes.TComponent.WriteState
 0001:00001E64       Classes.TCustomMemoryStream.Read
 0001:00001E7C       Classes.TCustomMemoryStream.SaveToFile
 0001:00001E74       Classes.TCustomMemoryStream.SaveToStream
 0001:00001E6C       Classes.TCustomMemoryStream.Seek
 0001:00001E5C       Classes.TCustomMemoryStream.SetPointer
 0001:00001E54       Classes.TFileStream.Create
 0001:00001E4C       Classes.THandleStream.Create
 0001:00001D64       Classes.TList.Add
 0001:00001D6C       Classes.TList.Clear
 0001:00001D74       Classes.TList.Delete
 0001:00001D5C       Classes.TList.Destroy
 0001:00001D7C       Classes.TList.Error
 0001:00001D84       Classes.TList.Get
 0001:00001D8C       Classes.TList.Grow
 0001:00001D94       Classes.TList.IndexOf
 0001:00001D9C       Classes.TList.Insert
 0001:00001DB4       Classes.TList.Notify
 0001:00001DA4       Classes.TList.Put
 0001:00001DAC       Classes.TList.Sort
 0001:00001E8C       Classes.TMemoryStream.Clear
 0001:00001E84       Classes.TMemoryStream.Destroy
 0001:00001E9C       Classes.TMemoryStream.LoadFromFile
 0001:00001E94       Classes.TMemoryStream.LoadFromStream
 0001:00001EAC       Classes.TMemoryStream.Realloc
 0001:00001EA4       Classes.TMemoryStream.SetSize
 0001:00001EB4       Classes.TMemoryStream.Write
 0001:00001DBC       Classes.TPersistent.Assign
 0001:00001DC4       Classes.TPersistent.AssignTo
 0001:00001E44       Classes.TStream.CopyFrom
 0001:00001E0C       Classes.TStream.GetPosition
 0001:00001E1C       Classes.TStream.GetSize
 0001:00001E3C       Classes.TStream.ReadBuffer
 0001:00001E34       Classes.TStream.Seek
 0001:00001E14       Classes.TStream.SetPosition
 0001:00001E2C       Classes.TStream.SetSize
 0001:00001E24       Classes.TStream.SetSize64
 0001:00001E04       Classes.TStringList.Create
 0001:00001DFC       Classes.TStringList.SetSorted
 0001:00001DCC       Classes.TStrings.Append
 0001:00001DD4       Classes.TStrings.BeginUpdate
 0001:00001DDC       Classes.TStrings.EndUpdate
 0001:00001DE4       Classes.TStrings.GetName
 0001:00001DEC       Classes.TStrings.GetValue
 0001:00001DF4       Classes.TStrings.SetValue
 0001:00001ED4       Classes.TThread.AfterConstruction
 0001:00001EBC       Classes.TThread.Create
 0002:00000040       Classes.TThread.Create@
 0001:00001EC4       Classes.TThread.Destroy
 0001:00001ECC       Classes.TThread.Destroy@
 0001:00001EDC       Classes.TThread.DoTerminate
 0001:00001EF4       Classes.TThread.Resume
 0001:00001EE4       Classes.TThread.SetPriority
 0001:00001EEC       Classes.TThread.Synchronize
 0001:00001EFC       Classes.TThread.Terminate
 0001:000025C0       Clipbrd.Clipboard
 0002:00000108       Clipbrd.Clipbrd
 0001:000025C8       Clipbrd.Finalization
 0001:000025B8       Clipbrd.TClipboard.SetAsText
 0002:000000E8       ComCtrls.ComCtrls
 0001:00002558       ComCtrls.Finalization
 0001:00002548       ComCtrls.TCustomListView.GetSelected
 0001:00002550       ComCtrls.TCustomListView.SetSelected
 0001:000024E0       ComCtrls.TCustomUpDown.GetPosition
 0001:000024E8       ComCtrls.TCustomUpDown.SetPosition
 0001:000024F0       ComCtrls.TListItem.GetChecked
 0001:00002518       ComCtrls.TListItem.GetIndex
 0001:00002500       ComCtrls.TListItem.SetCaption
 0001:000024F8       ComCtrls.TListItem.SetChecked
 0001:00002508       ComCtrls.TListItem.SetData
 0001:00002510       ComCtrls.TListItem.SetState
 0001:00002520       ComCtrls.TListItems.Add
 0001:00002538       ComCtrls.TListItems.Clear
 0001:00002540       ComCtrls.TListItems.Delete
 0001:00002528       ComCtrls.TListItems.GetCount
 0001:00002530       ComCtrls.TListItems.GetItem
 0001:000024D8       ComCtrls.TPageControl.SetActivePage
 0001:0000228C       CommCtrl.ListView_GetCheckState
 0001:000022AC       CommCtrl.ListView_SetCheckState
 0002:0000033C       ComObj.ComObj
 0001:0008D48C       ComObj.Finalization
 0002:00000090       Controls.Controls
 0001:00002264       Controls.Finalization
 0001:00002194       Controls.TControl.CreateTouchManager
 0001:00002124       Controls.TControl.GetAction
 0001:00002114       Controls.TControl.GetDragImages
 0001:0000211C       Controls.TControl.GetEnabled
 0001:0000219C       Controls.TControl.GetFloatingDockSiteClass
 0001:00002164       Controls.TControl.GetText
 0001:000021A4       Controls.TControl.InitiateAction
 0001:0000218C       Controls.TControl.Refresh
 0001:00002144       Controls.TControl.SetAutoSize
 0001:00002174       Controls.TControl.SetBiDiMode
 0001:0000217C       Controls.TControl.SetColor
 0001:00002184       Controls.TControl.SetCursor
 0001:0000212C       Controls.TControl.SetDragMode
 0001:0000215C       Controls.TControl.SetEnabled
 0001:00002134       Controls.TControl.SetLeft
 0001:0000214C       Controls.TControl.SetName
 0001:0000216C       Controls.TControl.SetText
 0001:0000213C       Controls.TControl.SetTop
 0001:00002154       Controls.TControl.SetVisible
 0001:0000223C       Controls.TWinControl.AssignTo
 0001:00002244       Controls.TWinControl.CanAutoSize
 0001:0000222C       Controls.TWinControl.CanResize
 0001:00002234       Controls.TWinControl.ConstrainedResize
 0001:000021C4       Controls.TWinControl.CreateHandle
 0001:000021CC       Controls.TWinControl.CustomAlignInsertBefore
 0001:000021D4       Controls.TWinControl.CustomAlignPosition
 0001:000021BC       Controls.TWinControl.DestroyWnd
 0001:00002254       Controls.TWinControl.DockReplaceDockClient
 0001:00002224       Controls.TWinControl.GetClientOrigin
 0001:000021AC       Controls.TWinControl.GetControl
 0001:000021B4       Controls.TWinControl.GetControlCount
 0001:0000221C       Controls.TWinControl.GetControlExtents
 0001:000021F4       Controls.TWinControl.GetDeviceContext
 0001:00002214       Controls.TWinControl.GetHandle
 0001:000021FC       Controls.TWinControl.Invalidate
 0001:0000220C       Controls.TWinControl.Repaint
 0001:000021E4       Controls.TWinControl.SetBounds
 0001:0000224C       Controls.TWinControl.SetParentBackground
 0001:000021DC       Controls.TWinControl.SetParentDoubleBuffered
 0001:000021EC       Controls.TWinControl.ShowControl
 0001:00002204       Controls.TWinControl.Update
 0001:0000225C       Controls.TWinControl.UpdateControlOriginalParentSize
 0001:0008D4A4       DesignIntf.ForceDemandLoadState
 0001:0008D494       DesignIntf.RegisterDesignNotification
 0001:0008D49C       DesignIntf.UnregisterDesignNotification
 0002:00000354       DeskForm.DeskForm
 0001:0008D4BC       DeskForm.Finalization
 0002:00000384       DeskUtil.DeskUtil
 0001:0008D4EC       DeskUtil.Finalization
 0002:000000E0       Dialogs.Dialogs
 0001:000024D0       Dialogs.Finalization
 0001:000024C8       Dialogs.InputQuery
 0001:000024C0       Dialogs.TOpenDialog.GetFileName
 0002:00000344       DockForm.DockForm
 0001:0008D4AC       DockForm.Finalization
 0002:00000374       DockTabSet.DockTabSet
 0001:0008D4DC       DockTabSet.Finalization
 0004:00004530       EAbout..2
 0001:0008E8A0       EAbout..TAboutForm
 0004:0000452C       EAbout.ActivateDelay
 0002:000003DC       EAbout.EAbout
 0001:0008F680       EAbout.Finalization
 0001:0008F5A8       EAbout.TAboutForm.BigLabelClick
 0001:0008F51C       EAbout.TAboutForm.EmailClick
 0001:0008F580       EAbout.TAboutForm.FormCloseQuery
 0001:0008F1C4       EAbout.TAboutForm.FormCreate
 0001:0008F504       EAbout.TAboutForm.FormKeyDown
 0001:0008F518       EAbout.TAboutForm.FormShow
 0001:0008F618       EAbout.TAboutForm.Label5Click
 0001:0008F584       EAbout.TAboutForm.OrderBtnClick
 0001:0008F16C       EAbout.TAboutForm.SiteClick
 0001:0008F57C       EAbout.TAboutForm.TimerTimer
 0001:0008F588       EAbout.TAboutForm.WhatBtnClick
 0004:000035D8       EBase64..1
 0001:000286F4       EBase64.Base64Decode
 0001:00028814       EBase64.Base64DecodeStr
 0001:000288C0       EBase64.Base64DecodeString
 0001:00028638       EBase64.Base64Encode
 0001:00028788       EBase64.Base64EncodeStr
 0001:000288B8       EBase64.Base64EncodeString
 0001:000288C8       EBase64.Base64EncodeToString
 0001:000285F8       EBase64.CalcDecodedSize
 0001:000285CC       EBase64.CalcEncodedSize
 0003:00001D70       EBase64.cBase64Codec
 0003:00001DB0       EBase64.cBase64Codec
 0002:0000020C       EBase64.EBase64
 0001:00028900       EBase64.Finalization
 0004:00004510       EBaseModule..9
 0001:0007D354       EBaseModule..TBaseModule
 0001:0007E05C       EBaseModule..TCppBuilderWin32Personality
 0001:0007DD48       EBaseModule..TCustomPersonality
 0001:0007DF0C       EBaseModule..TDelphiWin32Personality
 0001:0007E234       EBaseModule..TInMemIniFile
 0001:0007DA2C       EBaseModule..TModules
 0001:00082820       EBaseModule.AdjustDir
 0001:00082BBC       EBaseModule.Align
 0001:00082EF4       EBaseModule.CalcCrc32
 0001:00082BD0       EBaseModule.CalculateCheckSum
 0003:00005398       EBaseModule.CheckCompiler
 0001:0007EBE0       EBaseModule.CheckOptionFile
 0004:00004500       EBaseModule.Compiled
 0004:0000450C       EBaseModule.CurrentPersonality
 0001:0008460C       EBaseModule.DebugNotFoundProcedure
 0001:00082520       EBaseModule.DefaultOptionFile
 0001:000808D8       EBaseModule.DeleteLine
 0001:000816A0       EBaseModule.DLLNameFromThunkData
 0001:0008D378       EBaseModule.Done
 0002:000002E0       EBaseModule.EBaseModule
 0001:00081A30       EBaseModule.ElaborateParameter
 0001:00080FCC       EBaseModule.ElaborateText
 0003:00005430       EBaseModule.EndChars0
 0003:00005450       EBaseModule.EndChars1
 0003:0000530C       EBaseModule.EndComments
 0001:00082688       EBaseModule.EnvironmentStringsToList
 0001:000825F4       EBaseModule.EurekaDefaultOptionFile
 0001:000824F0       EBaseModule.EurekaLogFirstLine
 0001:00082508       EBaseModule.EurekaLogLastLine
 0001:000838AC       EBaseModule.ExtractProcName
 0001:000839E4       EBaseModule.ExtractUnitName
 0001:0008BD60       EBaseModule.ExtractXMLSubStr
 0001:0008D38C       EBaseModule.Finalization
 0001:00083C54       EBaseModule.FindFirstLine
 0001:000841C4       EBaseModule.FindProcByAddr
 0001:000840EC       EBaseModule.FindUnit
 0001:00085C78       EBaseModule.FindUnits
 0001:000812D8       EBaseModule.GetCppFileOptionValue
 0001:0008CC6C       EBaseModule.GetCurrentModuleName
 0004:00004504       EBaseModule.GetCurrentModuleNameProc
 0001:0008B52C       EBaseModule.GetDelphiModuleInfo
 0001:0008AC40       EBaseModule.GetDirectiveValue
 0001:0007E820       EBaseModule.GetFileTimes
 0001:00082ADC       EBaseModule.GetHeaders
 0001:00081604       EBaseModule.GetImageData
 0001:0008B9D8       EBaseModule.GetOptionFromCfgFile
 0001:00084274       EBaseModule.GetProcedureBySymbol
 0001:00083AF0       EBaseModule.GoToNextLine
 0001:00083B44       EBaseModule.GotoSection
 0001:00081624       EBaseModule.hModule
 0003:0000533C       EBaseModule.HookedFunctions
 0001:00080DC4       EBaseModule.IncludeLastBackslash
 0001:0008D32C       EBaseModule.Init
 0001:0008D140       EBaseModule.InstalledPackage
 0001:0007E948       EBaseModule.InternalCheckCompiler
 0001:0008D324       EBaseModule.InternalGetCurrentPersonality
 0001:0008147C       EBaseModule.InternalIsAcceptableProject
 0004:00004508       EBaseModule.IsAcceptableProject
 0001:0007E94C       EBaseModule.IsConvertingOldOptionsFile
 0001:0007FE78       EBaseModule.IsEncoded
 0001:0007ED24       EBaseModule.IsEurekaLogOptionsFile
 0001:0007EACC       EBaseModule.IsEurekaLogPackage
 0001:0007F334       EBaseModule.IsOldBCB2006File
 0001:0007FE60       EBaseModule.IsValidChar
 0001:00080F3C       EBaseModule.IsXMLText
 0001:00081BD0       EBaseModule.KillInutilChars
 0001:00085E40       EBaseModule.ListLen
 0001:000811D8       EBaseModule.LoadXMLFile
 0001:00083F14       EBaseModule.MapError
 0003:00005394       EBaseModule.MasterCompiledFile
 0003:00005390       EBaseModule.MasterOptionsFile
 0001:00081764       EBaseModule.ModifyImportFunction
 0004:000044FC       EBaseModule.ModuleOptions
 0003:0000531C       EBaseModule.NameSet
 0003:000053A0       EBaseModule.OkChars
 0001:000824D8       EBaseModule.OldOptionFileExt
 0001:000824C0       EBaseModule.OptionFileExt
 0001:00080EB4       EBaseModule.PosEx
 0001:00081150       EBaseModule.ProcessText
 0001:0008371C       EBaseModule.ReadHex
 0001:00083778       EBaseModule.ReadInt
 0001:00082318       EBaseModule.ReadKeyList
 0001:000837C0       EBaseModule.ReadString
 0001:000820A4       EBaseModule.ReadStrings
 0001:00085EC4       EBaseModule.RemoveUnit
 0001:00081634       EBaseModule.SecDelta
 0001:0007E8C0       EBaseModule.SetFileTimes
 0003:00005470       EBaseModule.SharedUnits
 0001:00083E8C       EBaseModule.SimpleUnitName
 0001:00083B1C       EBaseModule.SkipLines
 0003:000052FC       EBaseModule.StartComments
 0001:00085AE4       EBaseModule.StoreUnitNames
 0001:00082C3C       EBaseModule.StripRelocationTable
 0003:000053E0       EBaseModule.SymbolNames
 0001:0008D1D4       EBaseModule.TBaseModule.AfterCompile
 0001:00085844       EBaseModule.TBaseModule.Assign
 0001:0008D06C       EBaseModule.TBaseModule.BeforeCompile
 0001:00084690       EBaseModule.TBaseModule.BuildMapFile
 0001:00086E08       EBaseModule.TBaseModule.Create
 0001:0008B26C       EBaseModule.TBaseModule.DeleteText
 0001:0008AB44       EBaseModule.TBaseModule.ErrorMessage
 0001:0008CF88       EBaseModule.TBaseModule.ExecProgram
 0001:0008BB20       EBaseModule.TBaseModule.GetCommandLineOption
 0001:0008CA38       EBaseModule.TBaseModule.GetCompiledFile
 0001:0008BF64       EBaseModule.TBaseModule.GetCppBuilderOutputFile
 0001:0008CC18       EBaseModule.TBaseModule.GetMapFile
 0001:0008B8A4       EBaseModule.TBaseModule.GetModuleInfo
 0001:0008B984       EBaseModule.TBaseModule.GetModuleType
 0001:0008BE08       EBaseModule.TBaseModule.GetMSBuildOutputFile
 0001:0008B100       EBaseModule.TBaseModule.GetOptionFile
 0001:0008C6C4       EBaseModule.TBaseModule.GetOutputDir
 0001:0008AD28       EBaseModule.TBaseModule.GetRealFileName
 0001:0008B19C       EBaseModule.TBaseModule.GetText
 0001:0008C80C       EBaseModule.TBaseModule.GetUnitDirs
 0001:0008B350       EBaseModule.TBaseModule.InsertText
 0001:0008ABD4       EBaseModule.TBaseModule.IsReadOnly
 0001:000893F8       EBaseModule.TBaseModule.LoadOptions
 0001:00089444       EBaseModule.TBaseModule.LoadOptionsFromDefaultOptionFile
 0001:00086EA4       EBaseModule.TBaseModule.LoadOptionsFromFile
 0001:00086130       EBaseModule.TBaseModule.MakeLine
 0001:0008B068       EBaseModule.TBaseModule.SaveOptions
 0001:0008B0B4       EBaseModule.TBaseModule.SaveOptionsToDefaultOptionFile
 0001:00089490       EBaseModule.TBaseModule.SaveOptionsToFile
 0001:0008C810       EBaseModule.TBaseModule.SetBplFile
 0001:0008B448       EBaseModule.TBaseModule.SetDebugOptions
 0001:0008B44C       EBaseModule.TBaseModule.SetModuleTypeFromExt
 0001:00085878       EBaseModule.TBaseModule.SetToDefaultOptions
 0001:00082F2C       EBaseModule.TBaseModule.WriteOnEXE
 0001:0007F420       EBaseModule.TCppBuilderWin32Personality.GetOptionValue
 0001:0007F330       EBaseModule.TCppBuilderWin32Personality.GetPersonality
 0001:0007EE7C       EBaseModule.TCustomPersonality.GetOptionValue
 0001:0007EF2C       EBaseModule.TCustomPersonality.GetPersonality
 0001:0007EE8C       EBaseModule.TCustomPersonality.IsOptionEqual
 0001:0007EF34       EBaseModule.TDelphiWin32Personality.GetOptionValue
 0001:0007EF30       EBaseModule.TDelphiWin32Personality.GetPersonality
 0001:0007F834       EBaseModule.TInMemIniFile.AddSection
 0001:0007F8CC       EBaseModule.TInMemIniFile.Clear
 0001:0007F720       EBaseModule.TInMemIniFile.Create
 0001:00080010       EBaseModule.TInMemIniFile.DecodeData
 0001:00080DB0       EBaseModule.TInMemIniFile.DeleteKey
 0001:0007F7F8       EBaseModule.TInMemIniFile.Destroy
 0001:000803A4       EBaseModule.TInMemIniFile.EncodeData
 0001:00080DB4       EBaseModule.TInMemIniFile.EraseSection
 0001:0007FA54       EBaseModule.TInMemIniFile.GetDataRange
 0001:0007F904       EBaseModule.TInMemIniFile.GetStrings
 0001:0007FC8C       EBaseModule.TInMemIniFile.LoadValues
 0001:00080DB8       EBaseModule.TInMemIniFile.ReadSection
 0001:00080DBC       EBaseModule.TInMemIniFile.ReadSections
 0001:00080DC0       EBaseModule.TInMemIniFile.ReadSectionValues
 0001:000805E0       EBaseModule.TInMemIniFile.ReadString
 0001:000806A0       EBaseModule.TInMemIniFile.SetStrings
 0001:00080A9C       EBaseModule.TInMemIniFile.UpdateFile
 0001:000807C8       EBaseModule.TInMemIniFile.WriteString
 0003:000053C0       EBaseModule.TInvalidChars
 0001:0008CCA0       EBaseModule.TModules.AddModule
 0001:0008CF60       EBaseModule.TModules.Delete
 0001:0008CD1C       EBaseModule.TModules.Destroy
 0001:0008CD60       EBaseModule.TModules.FindByName
 0001:0008CEE8       EBaseModule.TModules.GetCurrentModule
 0001:0008CF4C       EBaseModule.TModules.GetItem
 0001:0008CF80       EBaseModule.TModules.SetItem
 0003:0000539C       EBaseModule.TUnhandledModules
 0001:00084594       EBaseModule.TwoDots
 0001:00083CAC       EBaseModule.WriteString
 0001:00081F24       EBaseModule.WriteStrings
 0004:000044BC       EBorlandDebug..1
 0001:00078B04       EBorlandDebug.CompleteMapFile
 0001:00078BF8       EBorlandDebug.DllFullPath
 0004:000044F4       EBorlandDebug.DllHandle
 0001:00079348       EBorlandDebug.Done
 0002:000002C8       EBorlandDebug.EBorlandDebug
 0001:0007798C       EBorlandDebug.ErrorType
 0001:000778F8       EBorlandDebug.ExtractFileNameEx
 0001:000776FC       EBorlandDebug.ExtractProcName
 0001:00077514       EBorlandDebug.ExtractStr
 0001:00079354       EBorlandDebug.Finalization
 0001:00077AA8       EBorlandDebug.GetDebugData
 0001:000774D0       EBorlandDebug.GetName
 0001:00078E94       EBorlandDebug.Init
 0001:00077444       EBorlandDebug.SixSpaces
 0004:000044E0       EBorlandDebug._BorDebugNameIndexToName
 0004:000044E8       EBorlandDebug._BorDebugNextSymbol
 0004:000044C0       EBorlandDebug._BorDebugRegisterFile
 0004:000044D0       EBorlandDebug._BorDebugSrcModule
 0004:000044DC       EBorlandDebug._BorDebugSrcModuleLineNumbers
 0004:000044D8       EBorlandDebug._BorDebugSrcModuleSourceRanges
 0004:000044D4       EBorlandDebug._BorDebugSrcModuleSources
 0004:000044E4       EBorlandDebug._BorDebugStartSymbols
 0004:000044CC       EBorlandDebug._BorDebugSubSection
 0004:000044C8       EBorlandDebug._BorDebugSubSectionCount
 0004:000044EC       EBorlandDebug._BorDebugSymbolGPROC32
 0004:000044F0       EBorlandDebug._BorDebugSymbolGPROCREF
 0004:000044C4       EBorlandDebug._BorDebugUnregisterFile
 0004:00004538       ECommon..3
 0001:00090038       ECommon..TCheckUpdate
 0001:0008FE08       ECommon..TEurekaApp
 0001:0008F688       ECommon..TIDEManager
 0001:0008FEEC       ECommon..TMailSlotTimer
 0001:0008FBC8       ECommon..TMenuEvents
 0001:00091A4C       ECommon.AboutBox
 0001:00090A74       ECommon.Add
 0001:00090D1C       ECommon.AddModulePath
 0001:00092014       ECommon.Done
 0002:000003E4       ECommon.ECommon
 0001:0009145C       ECommon.EurekaLogPath
 0001:000924B8       ECommon.Finalization
 0001:00090104       ECommon.HookApplicationOnException
 0001:000901C0       ECommon.IDECatchEnabled
 0004:00004534       ECommon.IDEManager
 0001:00091E88       ECommon.Init
 0001:00091BF8       ECommon.InternalHookDllProcedureEx
 0001:00092094       ECommon.IsValidVersionString
 0001:00091E6C       ECommon.IsWinNT4
 0003:000054D4       ECommon.LastOpenedOptionFile
 0001:000906A8       ECommon.MailSlotCreate
 0004:00004544       ECommon.MailSlotOK
 0001:00090788       ECommon.MailSlotRead
 0004:0000453C       ECommon.MailSlotSrv
 0004:00004548       ECommon.MailSlotTimer
 0001:00091C74       ECommon.NewCreateFile
 0001:00091D90       ECommon.NewLoadLibrary
 0004:0000455C       ECommon.NotifiersList
 0004:00004558       ECommon.OldCreateFile
 0004:00004554       ECommon.OldLoadLibrary
 0004:0000454C       ECommon.OldOnException
 0001:00092148       ECommon.TCheckUpdate.Execute
 0001:00090234       ECommon.TEurekaApp.ExceptionNotify
 0001:0009132C       ECommon.TIDEManager.CheckAndInstallNotify
 0001:000916C0       ECommon.TIDEManager.CheckForConflicts
 0001:000919DC       ECommon.TIDEManager.DeleteText
 0001:000912C4       ECommon.TIDEManager.FindNotifier
 0001:00090B28       ECommon.TIDEManager.FromPathToList
 0001:00090BE0       ECommon.TIDEManager.GetLibraryPath
 0001:000919E8       ECommon.TIDEManager.GetText
 0001:000919F4       ECommon.TIDEManager.InsertText
 0001:000919FC       ECommon.TIDEManager.InstallNotifier
 0001:00091210       ECommon.TIDEManager.InternalInstallNotifier
 0001:00091264       ECommon.TIDEManager.InternalRemoveNotifier
 0001:00091A00       ECommon.TIDEManager.MarkModified
 0001:00090D94       ECommon.TIDEManager.PathFromInternalFiles
 0001:00091A04       ECommon.TIDEManager.RemoveNotifier
 0001:000919D8       ECommon.TIDEManager.SaveAllModifiedFiles
 0001:00090F84       ECommon.TIDEManager.SearchDir
 0001:000919E4       ECommon.TIDEManager.SetMenuState
 0001:00091A0C       ECommon.TIDEManager.ShowFile
 0001:00091A08       ECommon.TIDEManager.UnloadProjectsList
 0001:0009082C       ECommon.TMailSlotTimer.Create
 0001:00090884       ECommon.TMailSlotTimer.TimerTick
 0001:00091BF0       ECommon.TMenuEvents.OnAboutClick
 0001:00091A78       ECommon.TMenuEvents.OnHelpOptionsClick
 0001:00091A80       ECommon.TMenuEvents.OnIDEOptionsClick
 0001:00091AA4       ECommon.TMenuEvents.OnOptionsClick
 0001:00091BE8       ECommon.TMenuEvents.OnTutorialClick
 0001:00091B14       ECommon.TMenuEvents.OnViewLogClick
 0001:00090168       ECommon.UnHookApplicationOnException
 0003:000054D8       ECommon.UpdateThread
 0004:0000006C       EConsts..5
 0002:0000013C       EConsts.EConsts
 0003:0000005C       EConsts.EMsgs
 0003:00000834       EConsts.EShowOptions
 0003:00000054       EConsts.EurekaLogCurrentVersion
 0003:000005BC       EConsts.EVals
 0003:000008F4       EConsts.EVariablesOptions
 0001:00008544       EConsts.Finalization
 0003:00000058       EConsts.UnassignedPointer
 0004:00000074       ECore..4
 0001:000085C8       ECore..EIgnoreException
 0001:00009200       ECore..TEurekaExceptionsFilters
 0001:0000946C       ECore..TEurekaModuleOptions
 0001:0000E51C       ECore.BinToStr
 0001:0000CD10       ECore.CheckDirectoryExists
 0001:0000CAC4       ECore.CheckIntoIDE
 0001:0000C604       ECore.CheckKey
 0001:0000AC48       ECore.CompleteVersion
 0001:000101D8       ECore.ComputerName
 0001:0000BD30       ECore.ConvertAddress
 0003:0000095C       ECore.CriticalError
 0003:00000960       ECore.Digits
 0001:000105FC       ECore.Done
 0001:0000B540       ECore.DotNetHostedFile
 0002:00000144       ECore.ECore
 0001:0000C974       ECore.EurekaLogType
 0001:0000CC80       ECore.ExcludeLastBackslash
 0001:0000B440       ECore.ExpandEnvVars
 0001:0000AED4       ECore.ExtractList
 0001:0000C33C       ECore.ExtractStringsEx
 0001:00010600       ECore.Finalization
 0001:0000CD34       ECore.ForceDirectoriesEx
 0001:0000B268       ECore.GetEnvVariable
 0001:0000B6D0       ECore.GetEurekaLogDir
 0001:0000CA4C       ECore.GetEurekaLogLabel
 0001:0000C908       ECore.GetGMT
 0001:0000C948       ECore.GetGMTDateTime
 0001:0000BE0C       ECore.GetLongNameFromShort
 0001:0000BD68       ECore.GetModifiedDate
 0001:0000C698       ECore.GetMultiConfigurationString
 0001:0000B56C       ECore.GetProfileFolder
 0001:0000BC80       ECore.GetReadableSize
 0001:0000B648       ECore.GetUserApplicationsPath
 0001:0000D178       ECore.GetWorkingDir
 0001:0000CF68       ECore.GetWorkingFile
 0001:0000CBC4       ECore.IncludeLastBackslash
 0001:0000B738       ECore.IniDir
 0001:000105F0       ECore.Init
 0004:00000078       ECore.InternalIntoIDE
 0001:0000CABC       ECore.IntoIDE
 0001:0000CF58       ECore.IsFileOK
 0001:0000ADE0       ECore.IsGreaterVersion
 0001:0000CF20       ECore.IsReadableFile
 0001:0000BD18       ECore.IsValidBlockAddr
 0001:0000CE7C       ECore.IsWritableFile
 0004:00000070       ECore.LastEurekaVersion
 0003:00000980       ECore.NoChars
 0001:0000BB7C       ECore.OneString
 0001:0000C0F4       ECore.PosEx
 0001:0000C1B8       ECore.QuickStringReplace
 0001:0000C850       ECore.RADDir
 0001:0000C7B0       ECore.RADRegistryKey
 0001:0000B954       ECore.ReadBool
 0001:0000B898       ECore.ReadInteger
 0001:0000C4EC       ECore.ReadKey
 0001:0000DF08       ECore.ReadRawStrings
 0001:0000E670       ECore.ReadString
 0001:0000B758       ECore.ReadString
 0001:0000AE84       ECore.Real_GetMainModuleFileName
 0001:000103B4       ECore.SafeExec
 0001:0000B198       ECore.StringToUtf8
 0001:0000E5D4       ECore.StrToBin
 0001:0000BC58       ECore.SupportsEx
 0001:0000D22C       ECore.TEurekaExceptionsFilters.Add
 0001:0000D248       ECore.TEurekaExceptionsFilters.Assign
 0001:0000D30C       ECore.TEurekaExceptionsFilters.Clear
 0001:0000D338       ECore.TEurekaExceptionsFilters.Create
 0001:0000D370       ECore.TEurekaExceptionsFilters.Delete
 0001:0000D3A0       ECore.TEurekaExceptionsFilters.Destroy
 0001:0000D3CC       ECore.TEurekaExceptionsFilters.GetItem
 0001:0000D3E0       ECore.TEurekaExceptionsFilters.Insert
 0001:0000D4E0       ECore.TEurekaModuleOptions.Assign
 0001:0000D3F4       ECore.TEurekaModuleOptions.Create
 0001:0000D4AC       ECore.TEurekaModuleOptions.Destroy
 0001:0000F480       ECore.TEurekaModuleOptions.DisableSharedDataWrite
 0001:0000F484       ECore.TEurekaModuleOptions.EnableSharedDataWrite
 0001:0000D8F8       ECore.TEurekaModuleOptions.GetCustomizedExpandedTexts
 0001:0000D8DC       ECore.TEurekaModuleOptions.GetCustomizedTexts
 0001:0000E35C       ECore.TEurekaModuleOptions.LoadCustomizedTextsFromFile
 0001:0000E484       ECore.TEurekaModuleOptions.LoadFromFile
 0001:0000E6EC       ECore.TEurekaModuleOptions.LoadFromStream
 0001:0000F47C       ECore.TEurekaModuleOptions.LoadSharedData
 0001:00010030       ECore.TEurekaModuleOptions.OutputFile
 0001:00010254       ECore.TEurekaModuleOptions.OutputLogFile
 0001:0000F488       ECore.TEurekaModuleOptions.SaveCustomizedTextsToFile
 0001:0000D914       ECore.TEurekaModuleOptions.SaveToFile
 0001:0000F5C4       ECore.TEurekaModuleOptions.SaveToSharedData
 0001:0000DB00       ECore.TEurekaModuleOptions.SaveToStream
 0001:0000FBF8       ECore.TEurekaModuleOptions.SetActivateHandle
 0001:0000FC04       ECore.TEurekaModuleOptions.SetActivateLog
 0001:0000FB9C       ECore.TEurekaModuleOptions.SetActive
 0001:0000FC10       ECore.TEurekaModuleOptions.SetAppendLogs
 0001:0000FF4C       ECore.TEurekaModuleOptions.SetAttachedFiles
 0001:0000FF90       ECore.TEurekaModuleOptions.SetAutoCloseDialogSecs
 0001:0000FF9C       ECore.TEurekaModuleOptions.SetAutoCrashMinutes
 0001:0000FFA8       ECore.TEurekaModuleOptions.SetAutoCrashNumber
 0001:0000FFB4       ECore.TEurekaModuleOptions.SetAutoCrashOperation
 0001:00010000       ECore.TEurekaModuleOptions.SetBehaviourOptions
 0001:00010018       ECore.TEurekaModuleOptions.SetCallStackOptions
 0001:0000FF20       ECore.TEurekaModuleOptions.SetCommonSendOptions
 0001:0000FF38       ECore.TEurekaModuleOptions.SetCompiledFileOptions
 0001:0000FB40       ECore.TEurekaModuleOptions.SetCustomizedTexts
 0001:0000FC1C       ECore.TEurekaModuleOptions.SetEMailAddresses
 0001:0000FC3C       ECore.TEurekaModuleOptions.SetEMailMessage
 0001:0000FC5C       ECore.TEurekaModuleOptions.SetEMailSendMode
 0001:0000FC68       ECore.TEurekaModuleOptions.SetEMailSubject
 0001:0000FBB4       ECore.TEurekaModuleOptions.SetErrorsNumberToSave
 0001:0000FC88       ECore.TEurekaModuleOptions.SetErrorsNumberToShowTerminateBtn
 0001:0000FF6C       ECore.TEurekaModuleOptions.SetExceptionDialogOptions
 0001:0000FF84       ECore.TEurekaModuleOptions.SetExceptionDialogType
 0001:0000FC94       ECore.TEurekaModuleOptions.SetExceptionsFilters
 0001:0000FCA0       ECore.TEurekaModuleOptions.SetForegroundTab
 0001:0000FBA8       ECore.TEurekaModuleOptions.SetFreezeActivate
 0001:0000FCAC       ECore.TEurekaModuleOptions.SetFreezeTimeout
 0001:0000FFC0       ECore.TEurekaModuleOptions.SetHTMLLayout
 0001:0000FCB8       ECore.TEurekaModuleOptions.SetLogOptions
 0001:0000FBEC       ECore.TEurekaModuleOptions.SetModuleHandle
 0001:0000FBD0       ECore.TEurekaModuleOptions.SetModuleName
 0001:0000FCD0       ECore.TEurekaModuleOptions.SetOutputPath
 0001:0000FCF0       ECore.TEurekaModuleOptions.SetPostFailureBuildEvent
 0001:0000FD0C       ECore.TEurekaModuleOptions.SetPostSuccessfulBuildEvent
 0001:0000FD28       ECore.TEurekaModuleOptions.SetPreBuildEvent
 0001:0000FD44       ECore.TEurekaModuleOptions.SetProxyPassword
 0001:0000FD60       ECore.TEurekaModuleOptions.SetProxyPort
 0001:0000FD6C       ECore.TEurekaModuleOptions.SetProxyURL
 0001:0000FD88       ECore.TEurekaModuleOptions.SetProxyUserID
 0001:0000FDA4       ECore.TEurekaModuleOptions.SetReproduceText
 0001:0000FDC4       ECore.TEurekaModuleOptions.SetSaveLogFile
 0001:0000FDD0       ECore.TEurekaModuleOptions.SetShowOptions
 0001:0000FDE4       ECore.TEurekaModuleOptions.SetSMTPFrom
 0001:0000FE00       ECore.TEurekaModuleOptions.SetSMTPHost
 0001:0000FE1C       ECore.TEurekaModuleOptions.SetSMTPPassword
 0001:0000FE38       ECore.TEurekaModuleOptions.SetSMTPPort
 0001:0000FE44       ECore.TEurekaModuleOptions.SetSMTPUserID
 0001:0000FFE0       ECore.TEurekaModuleOptions.SetSupportURL
 0001:0000FE60       ECore.TEurekaModuleOptions.SetTerminateBtnOperation
 0001:0000FE6C       ECore.TEurekaModuleOptions.SetTextsCollection
 0001:0000F5DC       ECore.TEurekaModuleOptions.SetToDefaultOptions
 0001:0000FA98       ECore.TEurekaModuleOptions.SetTrakerAssignTo
 0001:0000FAB4       ECore.TEurekaModuleOptions.SetTrakerCategory
 0001:0000FAD0       ECore.TEurekaModuleOptions.SetTrakerPassword
 0001:0000FAEC       ECore.TEurekaModuleOptions.SetTrakerProject
 0001:0000FB08       ECore.TEurekaModuleOptions.SetTrakerTrialID
 0001:0000FB24       ECore.TEurekaModuleOptions.SetTrakerUserID
 0001:0000FEB8       ECore.TEurekaModuleOptions.SetWebPassword
 0001:0000FED8       ECore.TEurekaModuleOptions.SetWebPort
 0001:0000FE8C       ECore.TEurekaModuleOptions.SetWebSendMode
 0001:0000FE98       ECore.TEurekaModuleOptions.SetWebURL
 0001:0000FEE4       ECore.TEurekaModuleOptions.SetWebUserID
 0001:0000FF04       ECore.TEurekaModuleOptions.SetZipPassword
 0001:0000F478       ECore.TEurekaModuleOptions.StoreSharedData
 0001:0000B0BC       ECore.WideStringToUtf8
 0001:0000B69C       ECore.WindowsDir
 0001:0000BB24       ECore.WriteBool
 0001:0000BA9C       ECore.WriteInteger
 0001:0000E188       ECore.WriteRawStrings
 0001:0000B9B4       ECore.WriteString
 0001:0000D9AC       ECore.WriteString
 0001:0000ABC0       ECore.ZeroComplete
 0004:0000007C       EDebug..03
 0001:00012EA4       EDebug..TELAbstractMapParser
 0001:00013FE4       EDebug..TELBinDebugScanner
 0001:00012194       EDebug..TELConstantSymbolInfo
 0001:00011BD4       EDebug..TELDataSymbolInfo
 0001:00014818       EDebug..TELDebugInfoJedy
 0001:0001469C       EDebug..TELDebugInfoMap
 0001:000144A4       EDebug..TELDebugInfoSource
 0001:000149AC       EDebug..TELDebugInfoTD32
 0001:00011DD8       EDebug..TELGDataSymbolInfo
 0001:000119FC       EDebug..TELGlobalProcSymbolInfo
 0001:00012070       EDebug..TELLabelSymbolInfo
 0001:00011D38       EDebug..TELLDataSymbolInfo
 0001:00011438       EDebug..TELLineInfo
 0001:00011954       EDebug..TELLocalProcSymbolInfo
 0001:00013578       EDebug..TELMapParser
 0001:000139E0       EDebug..TELMapScanner
 0001:00011300       EDebug..TELModuleInfo
 0001:00011AA4       EDebug..TELObjNameSymbolInfo
 0001:00012C38       EDebug..TELPeBorTD32Image
 0001:000117FC       EDebug..TELProcSymbolInfo
 0001:00011E78       EDebug..TELPublicSymbolInfo
 0001:00011544       EDebug..TELSourceModuleInfo
 0001:00011744       EDebug..TELSymbolInfo
 0001:000125CC       EDebug..TELTD32InfoParser
 0001:00012A24       EDebug..TELTD32InfoScanner
 0001:000122FC       EDebug..TELUdtSymbolInfo
 0001:00012464       EDebug..TELVftPathSymbolInfo
 0001:00011F18       EDebug..TELWithSymbolInfo
 0001:00014B2C       EDebug..THModuleStream
 0001:000110D8       EDebug..TObjectListEx
 0001:00018F8C       EDebug.AssignValidDebugInfo
 0001:00015EE4       EDebug.DecodeNameString
 0002:00000178       EDebug.EDebug
 0001:00015158       EDebug.Eof
 0001:00019050       EDebug.Finalization
 0001:000152C0       EDebug.FindParam
 0001:00018978       EDebug.FormatProcName
 0001:00018D28       EDebug.GetImageNtHeaders
 0001:0001516C       EDebug.IsDecDigit
 0001:00014C30       EDebug.Max
 0001:00014C38       EDebug.Min
 0001:00018E00       EDebug.ModuleFileName
 0001:00016BB4       EDebug.PEInitialize
 0001:00016B14       EDebug.PeMapImgFindSection
 0001:00016B70       EDebug.PeMapImgNtHeaders
 0001:00016B00       EDebug.PeMapImgSections
 0003:000009C0       EDebug.PublicsByNameHeader
 0003:000009D0       EDebug.PublicsByValueHeader
 0001:00015254       EDebug.ReadAddress
 0001:000151B0       EDebug.ReadDecValue
 0001:000151E0       EDebug.ReadHexValue
 0001:00015290       EDebug.ReadString
 0001:00015184       EDebug.ReadTextLine
 0003:000009E0       EDebug.ResourceFilesHeader
 0001:00014CC4       EDebug.SafeLoadFromFileToStream
 0001:00014C40       EDebug.SearchDynArray
 0001:00015A80       EDebug.Search_MapLineNumber
 0001:00015C50       EDebug.Search_MapProcName
 0003:000009B0       EDebug.SegmentsHeader
 0001:00015E54       EDebug.SimpleCryptString
 0001:00015138       EDebug.SkipEndLine
 0001:00015114       EDebug.SkipWhiteSpace
 0001:0001882C       EDebug.StringReplace
 0001:000152E0       EDebug.SyncToHeader
 0001:000153E4       EDebug.SyncToPrefix
 0003:000009A0       EDebug.TableHeader
 0001:00014DCC       EDebug.TELAbstractMapParser.Create
 0001:00014E70       EDebug.TELAbstractMapParser.Destroy
 0001:00014EA4       EDebug.TELAbstractMapParser.GetLinkerBugUnitName
 0001:00014EBC       EDebug.TELAbstractMapParser.MapStringToFileName
 0001:00014F4C       EDebug.TELAbstractMapParser.MapStringToStr
 0001:000154D0       EDebug.TELAbstractMapParser.Parse
 0001:0001608C       EDebug.TELBinDebugScanner.CacheLineNumbers
 0001:0001614C       EDebug.TELBinDebugScanner.CacheProcNames
 0001:0001624C       EDebug.TELBinDebugScanner.CheckFormat
 0001:00016034       EDebug.TELBinDebugScanner.Create
 0001:000162E8       EDebug.TELBinDebugScanner.DataToStr
 0001:00019010       EDebug.TELBinDebugScanner.Destroy
 0001:00016318       EDebug.TELBinDebugScanner.GetModuleName
 0001:00016334       EDebug.TELBinDebugScanner.LineNumberFromAddr
 0001:0001642C       EDebug.TELBinDebugScanner.MakePtr
 0001:00016438       EDebug.TELBinDebugScanner.ModuleNameFromAddr
 0001:000164A4       EDebug.TELBinDebugScanner.ModuleStartFromAddr
 0001:000164FC       EDebug.TELBinDebugScanner.ProcNameFromAddr
 0001:000166B0       EDebug.TELBinDebugScanner.ReadValue
 0001:000166E8       EDebug.TELBinDebugScanner.SourceNameFromAddr
 0001:00017B1C       EDebug.TELConstantSymbolInfo.Create
 0001:000177E8       EDebug.TELDataSymbolInfo.Create
 0001:000169CC       EDebug.TELDebugInfoJedy.Destroy
 0001:00016A0C       EDebug.TELDebugInfoJedy.GetLocationInfo
 0001:00016BEC       EDebug.TELDebugInfoJedy.InitializeSource
 0001:00016D0C       EDebug.TELDebugInfoJedy.ValidData
 0001:00016800       EDebug.TELDebugInfoMap.Destroy
 0001:00016834       EDebug.TELDebugInfoMap.GetLocationInfo
 0001:00016928       EDebug.TELDebugInfoMap.InitializeSource
 0001:000169C4       EDebug.TELDebugInfoMap.ValidData
 0001:00016774       EDebug.TELDebugInfoSource.Create
 0001:000167AC       EDebug.TELDebugInfoSource.GetFileName
 0001:00014694       EDebug.TELDebugInfoSource.GetLocationInfo
 0001:000167F4       EDebug.TELDebugInfoSource.VAFromAddr
 0001:0001468C       EDebug.TELDebugInfoSource.ValidData
 0001:00016D20       EDebug.TELDebugInfoTD32.Destroy
 0001:00016D54       EDebug.TELDebugInfoTD32.GetLocationInfo
 0001:00016E50       EDebug.TELDebugInfoTD32.InitializeSource
 0001:00016EAC       EDebug.TELDebugInfoTD32.ValidData
 0001:00017A10       EDebug.TELLabelSymbolInfo.Create
 0001:00017104       EDebug.TELLineInfo.Create
 0001:0001576C       EDebug.TELMapParser.ClassTableItem
 0001:000157EC       EDebug.TELMapParser.LineNumbersItem
 0001:00015804       EDebug.TELMapParser.LineNumberUnitItem
 0001:0001587C       EDebug.TELMapParser.PublicsByNameItem
 0001:000158DC       EDebug.TELMapParser.PublicsByValueItem
 0001:0001593C       EDebug.TELMapParser.SegmentItem
 0001:00015A78       EDebug.TELMapScanner.ClassTableItem
 0001:000159BC       EDebug.TELMapScanner.Create
 0001:00015A20       EDebug.TELMapScanner.Destroy
 0001:00015A88       EDebug.TELMapScanner.LineNumberFromAddr
 0001:00015AF4       EDebug.TELMapScanner.LineNumbersItem
 0001:00015BC0       EDebug.TELMapScanner.LineNumberUnitItem
 0001:00015BC4       EDebug.TELMapScanner.ModuleNameFromAddr
 0001:00015C14       EDebug.TELMapScanner.ModuleStartFromAddr
 0001:00015C58       EDebug.TELMapScanner.ProcNameFromAddr
 0001:00015CD8       EDebug.TELMapScanner.PublicsByNameItem
 0001:00015CDC       EDebug.TELMapScanner.PublicsByValueItem
 0001:00015D3C       EDebug.TELMapScanner.Scan
 0001:00015D8C       EDebug.TELMapScanner.SegmentItem
 0001:00015DF4       EDebug.TELMapScanner.SourceNameFromAddr
 0001:00016F14       EDebug.TELModuleInfo.Create
 0001:0001701C       EDebug.TELModuleInfo.GetSegment
 0001:000176DC       EDebug.TELObjNameSymbolInfo.Create
 0001:00018CAC       EDebug.TELPeBorTD32Image.CheckDebugData
 0001:00018CFC       EDebug.TELPeBorTD32Image.Clear
 0001:00018D04       EDebug.TELPeBorTD32Image.ClearDebugData
 0001:00018C14       EDebug.TELPeBorTD32Image.Create
 0001:00018C70       EDebug.TELPeBorTD32Image.Destroy
 0001:00018D2C       EDebug.TELPeBorTD32Image.IsDebugInfoInImage
 0001:00018E48       EDebug.TELPeBorTD32Image.IsDebugInfoInTds
 0001:000175C8       EDebug.TELProcSymbolInfo.Create
 0001:0001714C       EDebug.TELSourceModuleInfo.Create
 0001:000172F8       EDebug.TELSourceModuleInfo.Destroy
 0001:00017428       EDebug.TELSourceModuleInfo.FindLine
 0001:0001732C       EDebug.TELSourceModuleInfo.GetLine
 0001:00017340       EDebug.TELSourceModuleInfo.GetLineCount
 0001:00017348       EDebug.TELSourceModuleInfo.GetSegment
 0001:000174C8       EDebug.TELSymbolInfo.Create
 0001:00018024       EDebug.TELTD32InfoParser.Analyse
 0001:000181F4       EDebug.TELTD32InfoParser.AnalyseAlignSymbols
 0001:00018394       EDebug.TELTD32InfoParser.AnalyseModules
 0001:000181C4       EDebug.TELTD32InfoParser.AnalyseNames
 0001:000183B8       EDebug.TELTD32InfoParser.AnalyseSourceModules
 0001:00017E58       EDebug.TELTD32InfoParser.Create
 0001:00017FC8       EDebug.TELTD32InfoParser.Destroy
 0001:00018484       EDebug.TELTD32InfoParser.FindModule
 0001:000185DC       EDebug.TELTD32InfoParser.FindProc
 0001:0001853C       EDebug.TELTD32InfoParser.FindSourceModule
 0001:00018400       EDebug.TELTD32InfoParser.GetModule
 0001:00018414       EDebug.TELTD32InfoParser.GetModuleCount
 0001:0001841C       EDebug.TELTD32InfoParser.GetName
 0001:00018444       EDebug.TELTD32InfoParser.GetNameCount
 0001:0001844C       EDebug.TELTD32InfoParser.GetSourceModule
 0001:00018460       EDebug.TELTD32InfoParser.GetSourceModuleCount
 0001:00018468       EDebug.TELTD32InfoParser.GetSymbol
 0001:0001847C       EDebug.TELTD32InfoParser.GetSymbolCount
 0001:00018664       EDebug.TELTD32InfoParser.IsTD32DebugInfoValid
 0001:00018788       EDebug.TELTD32InfoParser.IsTD32Sign
 0001:000187A0       EDebug.TELTD32InfoParser.LfaToVa
 0001:000187A8       EDebug.TELTD32InfoScanner.LineNumberFromAddr
 0001:000187F4       EDebug.TELTD32InfoScanner.ModuleNameFromAddr
 0001:00018B44       EDebug.TELTD32InfoScanner.ProcNameFromAddr
 0001:00018BE4       EDebug.TELTD32InfoScanner.SourceNameFromAddr
 0001:00017C30       EDebug.TELUdtSymbolInfo.Create
 0001:00017D44       EDebug.TELVftPathSymbolInfo.Create
 0001:000178FC       EDebug.TELWithSymbolInfo.Create
 0001:00016EC8       EDebug.THModuleStream.Create
 0001:00014D80       EDebug.TObjectListEx.Destroy
 0004:000044B8       EDesign..1
 0001:00076D30       EDesign.AdjustFontLanguage
 0001:00076CC8       EDesign.AdjustXPThemeSupport
 0001:00076D4C       EDesign.BaseDir
 0001:00076C7C       EDesign.ChangeCharset
 0002:000002C0       EDesign.EDesign
 0001:00076B00       EDesign.EnumFontFamProc
 0001:000773D8       EDesign.Finalization
 0001:00076B18       EDesign.FontFamily
 0001:00077130       EDesign.HelpPath
 0001:00076F08       EDesign.PackagePath
 0001:00076BBC       EDesign.SetSingle
 0001:000771FC       EDesign.ShowHelp
 0001:00077030       EDesign.ShowLog
 0001:00077348       EDesign.ShowTutorial
 0001:00076FAC       EDesign.ViewerPath
 0004:00003634       EDisAsm..2
 0001:0003B6E4       EDisAsm..TDisAsm
 0003:00004D48       EDisAsm.ByteRegs1
 0003:00004D4C       EDisAsm.ByteRegs2
 0002:0000023C       EDisAsm.EDisAsm
 0001:00043C48       EDisAsm.Finalization
 0003:00004448       EDisAsm.FloatingPointOpcodes
 0001:000423B8       EDisAsm.GetEffectiveAddress
 0001:00041CF0       EDisAsm.GetRefAddress
 0001:00041E68       EDisAsm.GetRegName
 0003:00004288       EDisAsm.GroupsOpcodes
 0003:000043C8       EDisAsm.GroupsOperands
 0001:00041E10       EDisAsm.ModRM
 0003:00003A88       EDisAsm.OneByteOpcodes
 0001:00042998       EDisAsm.Operand
 0001:00041CD0       EDisAsm.ReadByte
 0001:00041C90       EDisAsm.ReadDWord
 0001:00041F8C       EDisAsm.ReadSib
 0001:00041CB0       EDisAsm.ReadWord
 0001:000434B8       EDisAsm.Replacer
 0001:00041E3C       EDisAsm.Sib
 0001:00041BBC       EDisAsm.SignedIntToHex
 0001:0004382C       EDisAsm.TDisAsm.GetInstruction
 0003:00003E88       EDisAsm.TwoByteOpcodes
 0003:00004D50       EDisAsm.WordRegs1
 0003:00004D58       EDisAsm.WordRegs2
 0004:000035BC       EEncrypt..1
 0004:000035C0       EEncrypt.CV
 0001:00028500       EEncrypt.Decrypt
 0002:00000204       EEncrypt.EEncrypt
 0001:00028454       EEncrypt.Encrypt
 0001:000285C4       EEncrypt.Finalization
 0001:00028374       EEncrypt.InitKey
 0004:000035C8       EEncrypt.KeyData
 0001:000281E0       EEncrypt.SwapDWord
 0001:000282C4       EEncrypt.TEA_Decrypt
 0001:00028214       EEncrypt.TEA_Encrypt
 0001:000281B8       EEncrypt.XorBlock
 0004:000031B8       EHash..1
 0001:000277E4       EHash.Compress
 0003:00001B5C       EHash.Crc16Tab
 0004:000031BC       EHash.crc_table
 0003:00001D5C       EHash.crc_table_computed
 0002:000001FC       EHash.EHash
 0001:000281B0       EHash.Finalization
 0001:00027740       EHash.GetCRC16
 0001:000276F8       EHash.GetCRC32
 0001:000280A0       EHash.GetMD5
 0001:000277CC       EHash.LRot32
 0001:0002769C       EHash.make_crc_table
 0003:00001D60       EHash.p
 0004:00000080       EHook..1
 0001:00019308       EHook..EHookError
 0001:00019430       EHook..EHookingError
 0001:0001939C       EHook..EProcNull
 0001:000194CC       EHook..ESharedArea
 0001:000195E0       EHook..THookedMethodsList
 0001:00019B78       EHook.AddrSize
 0003:00000A8C       EHook.AsmConst
 0001:00019EE0       EHook.CalculateRelocatedAsmSize
 0001:0001A58C       EHook.CheckFail
 0004:00000088       EHook.DllList
 0001:0001ABFC       EHook.Done
 0002:00000180       EHook.EHook
 0001:0001ACA4       EHook.Finalization
 0001:00019CF4       EHook.GetAsmSize
 0001:00019E28       EHook.GetFunctionSize
 0001:000198D8       EHook.GetVirtualMethod
 0001:0001A614       EHook.HookDllProcedure
 0001:0001AAF4       EHook.HookDllProcedureEx
 0004:0000008C       EHook.HookedMethodsList
 0004:00000084       EHook.HookedProcedures
 0001:0001A148       EHook.HookProcedure
 0001:0001A258       EHook.HookProcedureEx
 0001:0001992C       EHook.HookVirtualMethod
 0001:0001ABC8       EHook.Init
 0001:0001A52C       EHook.IsWin9xDebugThunk
 0001:00019B24       EHook.JumpToMem
 0001:00019BA4       EHook.ModRMByte
 0001:00019B44       EHook.ModuleFileName
 0003:00000A4C       EHook.OpCodeLongJump1Byte
 0003:00000A6C       EHook.OpCodeLongJump2Bytes
 0003:000009EC       EHook.OpCodePrefixes
 0003:00000A2C       EHook.OpCodeReturn
 0003:00000A0C       EHook.OpCodeShortJump
 0001:0001A540       EHook.PeMapImgNtHeaders
 0001:00019F9C       EHook.RelocateMemory
 0001:000198E4       EHook.SetVirtualMethod
 0001:00019B8C       EHook.SIDSize
 0001:0001979C       EHook.THookedMethodsList.Create
 0001:00019808       EHook.THookedMethodsList.Delete
 0001:00019830       EHook.THookedMethodsList.Destroy
 0001:000197DC       EHook.THookedMethodsList.GetItem
 0001:000197F0       EHook.THookedMethodsList.Lock
 0001:000197FC       EHook.THookedMethodsList.Unlock
 0001:0001A9A4       EHook.TryHookDllProcedureEx
 0001:0001A4B0       EHook.UnhookProcedure
 0001:00019A20       EHook.UnhookVirtualMethod
 0001:00019AE4       EHook.WriteMem
 0004:00004570       EIDEOptions..2
 0001:000A0CC4       EIDEOptions..TIDEOptionsForm
 0002:00000454       EIDEOptions.EIDEOptions
 0001:000A13CC       EIDEOptions.Finalization
 0004:0000456C       EIDEOptions.IDEOptionsForm
 0001:000A1198       EIDEOptions.TIDEOptionsForm.CheckUpdatesClick
 0001:000A11E4       EIDEOptions.TIDEOptionsForm.FormCreate
 0001:000A12E4       EIDEOptions.TIDEOptionsForm.OKClick
 0004:00000090       ELang..1
 0002:000001B4       ELang.ELang
 0001:0001AD84       ELang.Finalization
 0001:0001ACD4       ELang.TranslateCharsetInfo
 0001:0001ACDC       ELang.UserCharSet
 0004:0000002C       ELeaks..1
 0004:00000028       ELeaks.AddLeak
 0004:00000044       ELeaks.AllocatedList_End
 0004:0000003C       ELeaks.AllocatedList_Lock
 0004:00000040       ELeaks.AllocatedList_Start
 0001:000031C4       ELeaks.AreTheSameLeak
 0003:00000044       ELeaks.BlockOverFoot
 0003:00000040       ELeaks.BlockOverHead
 0001:0000275C       ELeaks.CallerOfReallocMem
 0001:00002FDC       ELeaks.CheckMemoryOverrun
 0001:00002ECC       ELeaks.CheckOurPointer
 0001:00002AC8       ELeaks.ConvertAddress
 0001:00003840       ELeaks.CountAllLeaks
 0001:000043A4       ELeaks.DisableMemoryLeaksCheck
 0001:0000459C       ELeaks.Done
 0001:00004104       ELeaks.DoneShareMem
 0002:00000120       ELeaks.ELeaks
 0001:00004210       ELeaks.EnableMemoryLeaksCheck
 0001:00003FA8       ELeaks.Error
 0001:000026B4       ELeaks.ExtractFileName
 0001:00004624       ELeaks.Finalization
 0004:0000001C       ELeaks.FinalizationProc
 0001:00003290       ELeaks.FindLeakAddress
 0001:000034BC       ELeaks.FindLeakClassName
 0001:000031E8       ELeaks.FindLeakSons
 0001:00003144       ELeaks.FindNextValidLeak
 0001:00003810       ELeaks.FreeAllLeaks
 0001:00003020       ELeaks.GetDataCaller
 0001:00002B40       ELeaks.GetFramesCallStackDump
 0001:00003244       ELeaks.GetLeakCount
 0001:00003030       ELeaks.GetObjectCaller
 0001:00003F58       ELeaks.GetOptionsFromExeFile
 0001:00002BB8       ELeaks.GetRawCallStackDump
 0001:00003EB8       ELeaks.GetRawOptions
 0001:00002770       ELeaks.GetReadableSize
 0001:00003E70       ELeaks.GetResourceData
 0001:00003868       ELeaks.HandleAnyLeak
 0001:00002FAC       ELeaks.HandleError
 0001:000043C4       ELeaks.Init
 0001:00003FEC       ELeaks.InitShareMem
 0004:00000050       ELeaks.InstallNewMemoryManager
 0001:00003698       ELeaks.Internal_AddLeak
 0001:00003684       ELeaks.Internal_ResetLeaks
 0001:0000374C       ELeaks.Internal_ShowLeaks
 0001:00003154       ELeaks.IsALeakChild
 0001:00003018       ELeaks.IsAntiLeaksEnabled
 0001:00002A0C       ELeaks.IsAParentClassStr
 0001:000041F8       ELeaks.IsCompiledWithPackages
 0001:00003D90       ELeaks.IsIntoIDE
 0004:00000058       ELeaks.IsMMHost
 0001:0000273C       ELeaks.IsObjectCreation
 0001:00002808       ELeaks.IsValidBlockAddr
 0001:00002954       ELeaks.IsValidClass
 0001:000028DC       ELeaks.IsValidSymbolName
 0001:000038F0       ELeaks.LeaksCheck
 0004:00000052       ELeaks.LeaksOptions
 0001:00002B04       ELeaks.LockCheck
 0001:00002B10       ELeaks.LockVariable
 0004:00000054       ELeaks.MemoryPages
 0001:0000416C       ELeaks.ModuleName
 0004:00000018       ELeaks.MultiFreeProc
 0001:000030A8       ELeaks.NewFreeMem
 0001:0000303C       ELeaks.NewGetMem
 0003:00000048       ELeaks.NewMemoryManager
 0001:000030D4       ELeaks.NewReallocMem
 0004:00000030       ELeaks.OldMemoryManager
 0004:0000005C       ELeaks.OriginalMemMgr
 0004:00000014       ELeaks.OverrunProc
 0001:00002C10       ELeaks.PurgeCallStack
 0001:00003760       ELeaks.PurgeCallStacks
 0001:00003548       ELeaks.PurgeInvalidLeaks
 0001:0000365C       ELeaks.RemoveExtraLeaks
 0001:000037E8       ELeaks.RemoveLeaksSons
 0001:000033D4       ELeaks.RemoveMemBlock
 0004:00000020       ELeaks.ResetLeaks
 0001:00002E10       ELeaks.SetOurPointer
 0004:00000024       ELeaks.ShowLeaks
 0004:00000048       ELeaks.TObjectCreate
 0004:0000004C       ELeaks.TObjectNewInstance
 0001:00002B3C       ELeaks.UnlockVariable
 0001:00002634       ELeaks.UpperCase
 0004:00000051       ELeaks.UseNewMemoryManager
 0004:00003630       EListView..2
 0001:00039C70       EListView..TListViewItems
 0001:0003A99C       EListView.ClickOnSign
 0001:0003A114       EListView.DrawBmp
 0001:0003ACE8       EListView.DrawBottom
 0001:0003AC74       EListView.DrawFrame
 0001:0003AD90       EListView.DrawItem
 0001:0003AD3C       EListView.DrawLine
 0002:00000234       EListView.EListView
 0001:0003B40C       EListView.Finalization
 0001:0003B288       EListView.GetColumnAlign
 0001:0003B25C       EListView.GetColumnCount
 0001:0003A0EC       EListView.GetItemRect
 0001:0003AC00       EListView.HandleBackgroundState
 0001:0003A3A4       EListView.ImageList_Add
 0001:0003A39C       EListView.ImageList_Create
 0001:0003A3AC       EListView.ImageList_Destroy
 0001:0003A608       EListView.TListViewItems.AddRow
 0001:0003AB98       EListView.TListViewItems.Clear
 0001:0003A9E4       EListView.TListViewItems.ClickOnItem
 0001:0003A3B4       EListView.TListViewItems.Create
 0001:0003AB54       EListView.TListViewItems.Delete
 0001:0003A974       EListView.TListViewItems.DeleteItem
 0001:0003A570       EListView.TListViewItems.Destroy
 0001:0003B1F4       EListView.TListViewItems.DrawItem
 0001:0003B1CC       EListView.TListViewItems.DrawList
 0001:0003ABBC       EListView.TListViewItems.GetItem
 0001:0003ABD0       EListView.TListViewItems.GetItemParam
 0001:0003B2E4       EListView.TListViewItems.InitializeData
 0001:0003A80C       EListView.TListViewItems.InsertItem
 0001:0003A988       EListView.TListViewItems.RedrawItems
 0001:0003B3F8       EListView.TListViewItems.SetRedrawState
 0004:0000362C       ELogManager..3
 0001:00033D64       ELogManager..TLogFile
 0001:0003419C       ELogManager..TLogItem
 0001:00036094       ELogManager.AddValueField
 0003:00003A68       ELogManager.chars
 0001:00034F1C       ELogManager.CompleteStr
 0001:00034424       ELogManager.ConvertNotDosText
 0001:00034ACC       ELogManager.ElaborateString
 0002:0000022C       ELogManager.ELogManager
 0003:00003A64       ELogManager.EOFLine
 0001:000366B4       ELogManager.ExtractValue
 0001:000398F0       ELogManager.Finalization
 0001:00039640       ELogManager.Lines
 0001:000343E4       ELogManager.NeedConvertNotDosText
 0001:00039678       ELogManager.NormalizeLines
 0001:00039448       ELogManager.NormalizeSpaces
 0001:000392DC       ELogManager.RemoveEmptySections
 0001:00034C8C       ELogManager.SearchItem
 0001:00034658       ELogManager.SearchNextItem
 0001:00039410       ELogManager.Spaces
 0001:0003674C       ELogManager.TestDecrypt
 0001:00034A18       ELogManager.TLogFile.Append
 0001:00034AC0       ELogManager.TLogFile.Clear
 0001:00034530       ELogManager.TLogFile.Create
 0001:00034AB0       ELogManager.TLogFile.DeleteItem
 0001:00034628       ELogManager.TLogFile.Destroy
 0001:00034DC8       ELogManager.TLogFile.FindItem
 0001:00038D10       ELogManager.TLogFile.GetCorruptedLog
 0001:000356EC       ELogManager.TLogFile.GetCount
 0001:00035750       ELogManager.TLogFile.GetItem
 0001:00035428       ELogManager.TLogFile.GetItemValue
 0001:00035CC4       ELogManager.TLogFile.GetItem_Assembler
 0001:00037D3C       ELogManager.TLogFile.GetItem_AssemblerXML
 0001:00035944       ELogManager.TLogFile.GetItem_CallStack
 0001:000367C8       ELogManager.TLogFile.GetItem_CallStackXML
 0001:00035DC8       ELogManager.TLogFile.GetItem_CPU
 0001:00038024       ELogManager.TLogFile.GetItem_CPUXML
 0001:00035854       ELogManager.TLogFile.GetItem_Generals
 0001:00036220       ELogManager.TLogFile.GetItem_GeneralsXML
 0001:00035A30       ELogManager.TLogFile.GetItem_Modules
 0001:000373F8       ELogManager.TLogFile.GetItem_ModulesXML
 0001:00035B58       ELogManager.TLogFile.GetItem_Processes
 0001:00037898       ELogManager.TLogFile.GetItem_ProcessesXML
 0001:00035F08       ELogManager.TLogFile.GetItem_Reproduce
 0001:00038764       ELogManager.TLogFile.GetItem_ReproduceXML
 0001:00038874       ELogManager.TLogFile.GetItem_XML
 0001:00038C28       ELogManager.TLogFile.GetLogVersion
 0001:000356F8       ELogManager.TLogFile.GetText
 0001:00038A7C       ELogManager.TLogFile.GetXML
 0001:000347DC       ELogManager.TLogFile.LoadFromStream
 0001:000346AC       ELogManager.TLogFile.ParseBuffer
 0001:00034E90       ELogManager.TLogFile.Save
 0001:00034900       ELogManager.TLogFile.SaveToStream
 0001:00038E04       ELogManager.TLogFile.SaveXMLCopy
 0001:000357B4       ELogManager.TLogFile.SectionIndex
 0001:00034FA0       ELogManager.TLogFile.SetItemValue
 0001:00038F20       ELogManager.TLogItem.AddHeader
 0001:00038FA4       ELogManager.TLogItem.AddItem
 0001:00038F08       ELogManager.TLogItem.Clear
 0001:00038ED0       ELogManager.TLogItem.Create
 0001:00039828       ELogManager.TLogItem.GetString
 0004:000045D4       EMain..1
 0001:000A64C4       EMain..TStartTimer
 0001:000A6720       EMain.Done
 0002:000004C0       EMain.EMain
 0001:000A6740       EMain.Finalization
 0001:000A66B8       EMain.Init
 0001:000A65D0       EMain.InternalActionNotify
 0001:000A6678       EMain.Register
 0001:000A65CC       EMain.SetDefaultOptions
 0004:000045D8       EMain.StartTimer
 0001:000A6668       EMain.TStartTimer.EventTimer
 0004:00004518       EMessages..2
 0001:0008D52C       EMessages..TMessageForm
 0002:000003C4       EMessages.EMessages
 0001:0008DF34       EMessages.Finalization
 0004:00004514       EMessages.MessageForm
 0001:0008DBBC       EMessages.TMessageForm.ExceptionTypeChange
 0001:0008DC14       EMessages.TMessageForm.FormCreate
 0001:0008DDE8       EMessages.TMessageForm.FormShow
 0001:0008DE48       EMessages.TMessageForm.HandlerTypeCmbChange
 0004:00004560       EOption..7
 0001:000926BC       EOption..TModule
 0001:00092860       EOption..TOptionsForm
 0003:000054FC       EOption.ActionValues
 0001:000987E8       EOption.CheckValidURL
 0001:00098AD4       EOption.CheckWebTrakerData
 0003:00005514       EOption.CompilationProjectName
 0003:000054DC       EOption.DialogValues
 0001:000A0B48       EOption.Done
 0002:0000041C       EOption.EOption
 0001:00098704       EOption.Error
 0001:0009F9B0       EOption.EurekaUnitExists
 0001:0009F86C       EOption.EurekaUnitFullPath
 0001:000A0BE8       EOption.Finalization
 0001:00097658       EOption.FindModuleInterface
 0001:000974BC       EOption.FullEnaled
 0001:000A0144       EOption.GetActiveProjectFileName
 0001:000A01B8       EOption.GetCurrentModuleName
 0001:00097724       EOption.GetCurrentProject
 0001:0009781C       EOption.GetCurrentProjectName
 0003:000054F0       EOption.HandleValues
 0001:000A0B24       EOption.Init
 0001:000A0A00       EOption.InternalGetCurrentPersonality
 0001:000A0750       EOption.InternalIsAcceptableProject
 0001:00098664       EOption.IsValidEmail
 0003:0000551C       EOption.LastActiveOption
 0003:00005520       EOption.LastActiveProject
 0004:00004564       EOption.LastItem
 0004:00004568       EOption.LastOption
 0001:0009750C       EOption.ListAllCollections
 0001:00097A78       EOption.LoadTextsFromFile
 0003:00005518       EOption.OldActiveOption
 0001:0009FADC       EOption.RemoveEurekaUnit
 0001:0009BB58       EOption.SaveTextsToFile
 0001:0009E9B0       EOption.SetDefine
 0001:0009BFD8       EOption.SetEnum
 0001:0009FCA0       EOption.ShowCompilerProgress
 0001:0009FDCC       EOption.TModule.BuildMapFile
 0001:0009F548       EOption.TModule.DeleteText
 0001:0009F840       EOption.TModule.ErrorMessage
 0001:0009F570       EOption.TModule.GetModuleInfo
 0001:0009FE84       EOption.TModule.GetOutputDir
 0001:0009E6D8       EOption.TModule.GetRealFileName
 0001:0009F508       EOption.TModule.GetText
 0001:000A0088       EOption.TModule.GetUnitDirs
 0001:0009F520       EOption.TModule.InsertText
 0001:0009FB88       EOption.TModule.MakeLine
 0001:0009EC00       EOption.TModule.SetDebugOptions
 0001:000A0474       EOption.TOptionsForm.ActivateAutoTerminationClick
 0001:000A021C       EOption.TOptionsForm.ActivateClick
 0001:000A03FC       EOption.TOptionsForm.Activate_HandleClick
 0001:000978A0       EOption.TOptionsForm.AddBtnClick
 0001:000979EC       EOption.TOptionsForm.AutoTerminationOperationChange
 0001:0009E3B4       EOption.TOptionsForm.CatchLeaksClick
 0001:0009E434       EOption.TOptionsForm.ChangeMessageText
 0001:000A0B50       EOption.TOptionsForm.CheckFileCorruptionClick
 0001:00097C3C       EOption.TOptionsForm.CollectionsListClick
 0001:00097E8C       EOption.TOptionsForm.DeleteCollectionBtnClick
 0001:000980B8       EOption.TOptionsForm.DialogTypeCmbChange
 0001:0009AE0C       EOption.TOptionsForm.ErrorsNumberKeyPress
 0001:0009AE24       EOption.TOptionsForm.ExceptionsFiltersListDblClick
 0001:0009B0E8       EOption.TOptionsForm.ExceptionsFiltersListDeletion
 0001:0009B110       EOption.TOptionsForm.ExceptionsFiltersListInsert
 0001:0009942C       EOption.TOptionsForm.FlatTimerTimer
 0001:0009961C       EOption.TOptionsForm.FormCreate
 0001:0009B8F8       EOption.TOptionsForm.FormDestroy
 0001:000984F8       EOption.TOptionsForm.FormShow
 0001:000A01C4       EOption.TOptionsForm.FreezeActivateChkBoxClick
 0001:0009BF88       EOption.TOptionsForm.GetEmailSendType
 0001:0009BFB0       EOption.TOptionsForm.GetWebSendType
 0001:0009B720       EOption.TOptionsForm.HelpBtnClick
 0001:0009E284       EOption.TOptionsForm.HelpBtnKeyDown
 0001:0009B90C       EOption.TOptionsForm.LeaksLimitsClick
 0001:0009B938       EOption.TOptionsForm.LoadBtnClick
 0001:0009C018       EOption.TOptionsForm.LoadModuleFromForm
 0001:0009E298       EOption.TOptionsForm.LogSaveLogFileClick
 0001:0009E520       EOption.TOptionsForm.MessagesListClick
 0001:0009E53C       EOption.TOptionsForm.MessagesListKeyUp
 0001:0009E554       EOption.TOptionsForm.MessagesTextCustomDraw
 0001:00098DF0       EOption.TOptionsForm.OKBtnClick
 0001:0009913C       EOption.TOptionsForm.Option1Click
 0001:00099404       EOption.TOptionsForm.Option1MouseMove
 0001:000A074C       EOption.TOptionsForm.OrderBtnClick
 0001:0009B668       EOption.TOptionsForm.OutputBtnClick
 0001:000A0B4C       EOption.TOptionsForm.Panel49Resize
 0001:000A04F4       EOption.TOptionsForm.PauseBorlandThreadsClick
 0001:000A0530       EOption.TOptionsForm.PostFailBtnClick
 0001:000A0594       EOption.TOptionsForm.PostSuccBtnClick
 0001:000A05F8       EOption.TOptionsForm.PreBuildBtnClick
 0001:0009AD64       EOption.TOptionsForm.RewriteLogClick
 0001:0009BA48       EOption.TOptionsForm.SaveBtnClick
 0001:0009BD24       EOption.TOptionsForm.SaveCollectionBtnClick
 0001:0009D5C0       EOption.TOptionsForm.SaveModuleToForm
 0001:0009B138       EOption.TOptionsForm.SendOptionsClick
 0001:000A0744       EOption.TOptionsForm.SendScreenClick
 0001:0009E5A8       EOption.TOptionsForm.SetDefaultMessagesList
 0001:0009BF9C       EOption.TOptionsForm.SetEmailSendType
 0001:0009BFC4       EOption.TOptionsForm.SetWebSendType
 0001:000982F4       EOption.TOptionsForm.SubBtnClick
 0001:00098360       EOption.TOptionsForm.TerminateOperationEdtChange
 0001:000983C8       EOption.TOptionsForm.TextMemoChange
 0001:000984C8       EOption.TOptionsForm.TextMemoExit
 0001:000984D0       EOption.TOptionsForm.VariableBtnClick
 0001:000A065C       EOption.TOptionsForm.WebOptClick
 0003:00005508       EOption.TypeValues
 0004:00004574       EParser..1
 0004:000045BC       EParser.BeginWord
 0004:000045C4       EParser.CaseSensitive
 0001:000A1878       EParser.CharPosToLineNo
 0004:00004578       EParser.CommentsNumber
[...]
  2173 0001:0009EED8  2175 0001:0009EF1E  2176 0001:0009EF51  2178 0001:0009EF55
  2180 0001:0009EF9B  2181 0001:0009EFCE  2266 0001:0009EFD2  2267 0001:0009EFDE
  2269 0001:0009EFE8  2270 0001:0009EFFB  2271 0001:0009EFFF  2272 0001:0009F012
  2273 0001:0009F016  2274 0001:0009F029  2277 0001:0009F03A  2280 0001:0009F044
  2282 0001:0009F078  2283 0001:0009F084  2288 0001:0009F0F8  2291 0001:0009F508
  2292 0001:0009F50E  2293 0001:0009F51C  2296 0001:0009F520  2297 0001:0009F526
  2298 0001:0009F536  2299 0001:0009F542  2302 0001:0009F548  2303 0001:0009F54E
  2304 0001:0009F55E  2305 0001:0009F56A  2311 0001:0009F570  2312 0001:0009F59B
  2314 0001:0009F5B0  2315 0001:0009F5B8  2316 0001:0009F5BB  2318 0001:0009F5C2
  2320 0001:0009F5CC  2324 0001:0009F61C  2326 0001:0009F658  2328 0001:0009F694
  2344 0001:0009F6CE  2355 0001:0009F6EC  2360 0001:0009F6F8  2363 0001:0009F840
  2364 0001:0009F843  2365 0001:0009F85C  2366 0001:0009F861  2377 0001:0009F86C
  2378 0001:0009F89A  2386 0001:0009F8B1  2389 0001:0009F8FA  2390 0001:0009F91F
  2397 0001:0009F9B0  2398 0001:0009F9D0  2399 0001:0009F9D4  2400 0001:0009F9DC
  2402 0001:0009F9E6  2404 0001:0009F9FC  2407 0001:0009FA7C  2408 0001:0009FA80
  2410 0001:0009FA82  2402 0001:0009FA83  2411 0001:0009FA8A  2417 0001:0009FADC
  2418 0001:0009FAF4  2419 0001:0009FAFC  2426 0001:0009FB02  2428 0001:0009FB20
  2430 0001:0009FB48  2432 0001:0009FB88  2433 0001:0009FBA7  2436 0001:0009FBBC
  2438 0001:0009FBC5  2440 0001:0009FBDC  2442 0001:0009FBE9  2443 0001:0009FBF1
  2445 0001:0009FBF7  2447 0001:0009FC17  2452 0001:0009FC41  2454 0001:0009FC55
  2459 0001:0009FC5E  2475 0001:0009FCA0  2476 0001:0009FCB9  2477 0001:0009FD0A
  2478 0001:0009FD2E  2480 0001:0009FDCC  2481 0001:0009FDD5  2483 0001:0009FDE2
  2484 0001:0009FDEA  2485 0001:0009FDF6  2486 0001:0009FE07  2487 0001:0009FE0F
  2488 0001:0009FE1B  2489 0001:0009FE29  2491 0001:0009FE40  2492 0001:0009FE48
  2493 0001:0009FE50  2495 0001:0009FE64  2497 0001:0009FE6F  2498 0001:0009FE79
  2508 0001:0009FE84  2510 0001:0009FEA9  2511 0001:0009FEB1  2514 0001:0009FEBB
  2515 0001:0009FF1E  2518 0001:0009FF23  2520 0001:0009FF34  2521 0001:0009FF4C
  2523 0001:0009FF5B  2525 0001:0009FF68  2544 0001:0009FFCB  2554 0001:000A0088
  2556 0001:000A00A6  2557 0001:000A00AE  2559 0001:000A00B4  2565 0001:000A00DA
  2566 0001:000A00EB  2574 0001:000A0144  2575 0001:000A015C  2576 0001:000A0163
  2577 0001:000A016B  2578 0001:000A018B  2589 0001:000A01B8  2590 0001:000A01BB
  2591 0001:000A01C2  2598 0001:000A01C4  2599 0001:000A01C8  2600 0001:000A01F2
  2601 0001:000A01FF  2602 0001:000A020C  2603 0001:000A0219  2606 0001:000A021C
  2607 0001:000A0233  2608 0001:000A0251  2609 0001:000A026C  2610 0001:000A0287
  2611 0001:000A0290  2612 0001:000A0299  2613 0001:000A02A2  2614 0001:000A02AB
  2615 0001:000A02B4  2616 0001:000A02BD  2617 0001:000A02C6  2618 0001:000A02CF
  2619 0001:000A02EA  2620 0001:000A0305  2621 0001:000A0320  2622 0001:000A0349
  2623 0001:000A0366  2624 0001:000A0380  2625 0001:000A039D  2626 0001:000A03AE
  2627 0001:000A03BE  2632 0001:000A03FC  2633 0001:000A0400  2634 0001:000A042A
  2635 0001:000A0437  2636 0001:000A0444  2637 0001:000A046E  2642 0001:000A0474
  2643 0001:000A0478  2644 0001:000A0488  2645 0001:000A0495  2646 0001:000A04A2
  2647 0001:000A04AF  2648 0001:000A04BC  2649 0001:000A04C9  2650 0001:000A04D6
  2651 0001:000A04E3  2652 0001:000A04F0  2657 0001:000A04F4  2658 0001:000A04F7
  2659 0001:000A0521  2660 0001:000A052E  2663 0001:000A0530  2664 0001:000A0546
  2665 0001:000A0555  2666 0001:000A0571  2669 0001:000A0594  2670 0001:000A05AA
  2671 0001:000A05B9  2672 0001:000A05D5  2675 0001:000A05F8  2676 0001:000A060E
  2677 0001:000A061D  2678 0001:000A0639  2681 0001:000A065C  2682 0001:000A065F
  2684 0001:000A0680  2686 0001:000A06A3  2688 0001:000A06C8  2689 0001:000A06ED
  2690 0001:000A06FD  2691 0001:000A0706  2695 0001:000A0744  2696 0001:000A074B
  2704 0001:000A074C  2718 0001:000A0750  2719 0001:000A0772  2720 0001:000A077F
  2723 0001:000A0789  2724 0001:000A0798  2725 0001:000A07A6  2726 0001:000A07CC
  2728 0001:000A080A  2734 0001:000A081A  2736 0001:000A0820  2737 0001:000A0824
  2738 0001:000A082C  2739 0001:000A0832  2743 0001:000A089A  2752 0001:000A0A00
  2754 0001:000A0A18  2757 0001:000A0A1E  2758 0001:000A0A26  2760 0001:000A0A2C
  2762 0001:000A0A51  2772 0001:000A0A74  2779 0001:000A0B24  2781 0001:000A0B2F
  2782 0001:000A0B3A  2783 0001:000A0B45  2787 0001:000A0B48  2796 0001:000A0B4C
  2799 0001:000A0B50  2800 0001:000A0B53  2801 0001:000A0B65  2804 0001:000A0B7B
  2810 0001:000A0BE8  2812 0001:000A0C14

Line numbers for EOption(EOption.pas) segment .itext

  2806 0002:0000041C  2807 0002:00000425  2809 0002:00000434

Line numbers for EIDEOptions(EIDEOptions.pas) segment .text

    55 0001:000A1198    56 0001:000A119C    57 0001:000A11AC    58 0001:000A11B9
    59 0001:000A11C6    60 0001:000A11D3    61 0001:000A11E0    64 0001:000A11E4
    65 0001:000A11E7    66 0001:000A120D    67 0001:000A1233    68 0001:000A1256
    69 0001:000A125F    70 0001:000A1266    73 0001:000A12E4    74 0001:000A12E7
    75 0001:000A130A    76 0001:000A132D    77 0001:000A134D

Line numbers for EIDEOptions(EIDEOptions.pas) segment .itext

    79 0002:00000454

Line numbers for EParser(EParser.pas) segment .text

    59 0001:000A14C4    60 0001:000A14F5    62 0001:000A14F9    64 0001:000A1500
    67 0001:000A1521    69 0001:000A1525    68 0001:000A1526    72 0001:000A1553
    74 0001:000A155B    76 0001:000A1567    75 0001:000A1569    77 0001:000A15A9
    79 0001:000A15CA    80 0001:000A15E0    81 0001:000A15EB    86 0001:000A1620
    87 0001:000A164B    88 0001:000A1655    91 0001:000A167E    92 0001:000A1688
    93 0001:000A16A0    95 0001:000A16C9    96 0001:000A16CD    97 0001:000A16F8
    98 0001:000A172F    99 0001:000A1735   104 0001:000A1770   105 0001:000A17B9
   106 0001:000A17BB   108 0001:000A17C4   109 0001:000A17CF   110 0001:000A1801
   108 0001:000A1804   113 0001:000A1809   114 0001:000A1814   113 0001:000A182F
   116 0001:000A1832   122 0001:000A1878   123 0001:000A189C   124 0001:000A18A1
   125 0001:000A18B0   126 0001:000A18BE   127 0001:000A18D3   128 0001:000A18D5
   130 0001:000A18EC   131 0001:000A190C   133 0001:000A1911   134 0001:000A1918
   136 0001:000A191A   128 0001:000A191D   138 0001:000A192D   140 0001:000A193D
   145 0001:000A196C   147 0001:000A19BC   148 0001:000A19C9   149 0001:000A19D9
   150 0001:000A19F0   156 0001:000A1A34   157 0001:000A1A5C   160 0001:000A1A63
   162 0001:000A1A7F   158 0001:000A1A99   164 0001:000A1AC1   169 0001:000A1AEC
   170 0001:000A1B14   173 0001:000A1B1B   175 0001:000A1B38   177 0001:000A1B51
   178 0001:000A1B53   181 0001:000A1B55   183 0001:000A1B6B   184 0001:000A1B77
   187 0001:000A1B83   189 0001:000A1B9C   190 0001:000A1B9E   171 0001:000A1BA0
   193 0001:000A1BC8   201 0001:000A1BF4   202 0001:000A1C25   203 0001:000A1C27
   204 0001:000A1C2D   205 0001:000A1C4D   207 0001:000A1C52   209 0001:000A1C84
   210 0001:000A1C9D   211 0001:000A1CA9   214 0001:000A1CAE   216 0001:000A1CE0
   217 0001:000A1CF5   220 0001:000A1D06   221 0001:000A1D0B   223 0001:000A1D1C
   226 0001:000A1D21   228 0001:000A1D29   229 0001:000A1D43   232 0001:000A1D54
   235 0001:000A1D5E   237 0001:000A1D74   239 0001:000A1D82   240 0001:000A1D84
   241 0001:000A1D97   242 0001:000A1DA4   243 0001:000A1DC1   247 0001:000A1DCD
   249 0001:000A1DE6   250 0001:000A1DF2   233 0001:000A1DF7   254 0001:000A1E1F
   259 0001:000A1E21   260 0001:000A1E2E   262 0001:000A1E44   263 0001:000A1E52
   257 0001:000A1E5E   266 0001:000A1E88   269 0001:000A1EC0   270 0001:000A1EC2
   272 0001:000A1ECC   273 0001:000A1EDB   274 0001:000A1EEA   275 0001:000A1EF9
   277 0001:000A1F08   278 0001:000A1F17   279 0001:000A1F26   280 0001:000A1F35
   282 0001:000A1F44   284 0001:000A1F55   285 0001:000A1F64   287 0001:000A1F73
   288 0001:000A1F7A   290 0001:000A2034   291 0001:000A203D   292 0001:000A2042
   293 0001:000A204D   301 0001:000A2054   302 0001:000A2056   304 0001:000A2060
   305 0001:000A206F   306 0001:000A207E   307 0001:000A208D   309 0001:000A2097
   310 0001:000A20A6   311 0001:000A20B5   312 0001:000A20C4   314 0001:000A20CE
   316 0001:000A20DF   317 0001:000A20EE   319 0001:000A20FD   320 0001:000A2104
   322 0001:000A2198   323 0001:000A21CD   325 0001:000A21D2   326 0001:000A21D4
   328 0001:000A21DA   332 0001:000A21F2   333 0001:000A21FF   335 0001:000A2238
   336 0001:000A2244   339 0001:000A2246   341 0001:000A225F   342 0001:000A226B
   330 0001:000A226D   346 0001:000A2284   347 0001:000A229B

Line numbers for EParser(EParser.pas) segment .itext

   349 0002:0000045C

Line numbers for EToolsAPI(EToolsAPI.pas) segment .text

   125 0001:000A2EB4   130 0001:000A2EB8   135 0001:000A2EBC   140 0001:000A2EC0
   145 0001:000A2EC4   150 0001:000A2EC8   163 0001:000A2ECC   164 0001:000A2F0A
   165 0001:000A2F21   166 0001:000A2F36   168 0001:000A2FA9   171 0001:000A2FF8
   172 0001:000A2FF9   173 0001:000A3011   174 0001:000A3026   176 0001:000A3078
   177 0001:000A309F   179 0001:000A30A7   180 0001:000A30BE   182 0001:000A30C6
   184 0001:000A30E0   185 0001:000A30ED   189 0001:000A315A   190 0001:000A318B
   196 0001:000A31CC   197 0001:000A322D   200 0001:000A3233   182 0001:000A3236
   202 0001:000A323D   203 0001:000A3264   204 0001:000A328F   205 0001:000A32A7
   210 0001:000A344C   211 0001:000A346F   213 0001:000A3485   214 0001:000A34AB
   216 0001:000A34DD   218 0001:000A350C   221 0001:000A351F   222 0001:000A352B
   237 0001:000A3570   238 0001:000A3589   239 0001:000A3596   244 0001:000A359A
   245 0001:000A35EA   247 0001:000A35F3   249 0001:000A376C   250 0001:000A3793
   251 0001:000A37A2   252 0001:000A37B0   253 0001:000A37B3   254 0001:000A37BA
   255 0001:000A37C1   256 0001:000A37D7   259 0001:000A37DE   260 0001:000A3806
   262 0001:000A380B   264 0001:000A383C   266 0001:000A384D   267 0001:000A3865
   268 0001:000A387D   257 0001:000A387E   271 0001:000A388F   274 0001:000A389E
   275 0001:000A38AA   278 0001:000A38D0   280 0001:000A38D9   282 0001:000A38E8
   283 0001:000A38F3   284 0001:000A38FE   285 0001:000A390D   286 0001:000A391D
   288 0001:000A3967   289 0001:000A399D   291 0001:000A39D1   296 0001:000A39F8
   298 0001:000A3A43   301 0001:000A3A52   302 0001:000A3A88   303 0001:000A3AC8
   308 0001:000A3AFD   310 0001:000A3B0D   313 0001:000A3CC0   314 0001:000A3CEB
   316 0001:000A3CF0   319 0001:000A3D16   321 0001:000A3D38   322 0001:000A3D54
   327 0001:000A3D5D   329 0001:000A3D65   330 0001:000A3D85   331 0001:000A3DA5
   333 0001:000A3DC8   335 0001:000A3DEF   339 0001:000A3DFC   342 0001:000A3E54
   345 0001:000A3E78   346 0001:000A3E7D   349 0001:000A3EA6   354 0001:000A3F8C
   355 0001:000A3FB4   356 0001:000A3FBD   357 0001:000A3FC7   358 0001:000A3FE1
   359 0001:000A3FE8   362 0001:000A4024   363 0001:000A402F   364 0001:000A4036
   365 0001:000A4042   370 0001:000A4050   372 0001:000A406A   374 0001:000A4074
   375 0001:000A409E   377 0001:000A40A3   378 0001:000A40B1   382 0001:000A40BD
   384 0001:000A40C5   385 0001:000A40CF   386 0001:000A40F7   388 0001:000A40FE
   389 0001:000A4106   394 0001:000A4140   395 0001:000A4158   397 0001:000A415E
   398 0001:000A418A   399 0001:000A41A2   404 0001:000A41CC   405 0001:000A41D3
   407 0001:000A41D9   408 0001:000A41EA   409 0001:000A420E   410 0001:000A421D
   413 0001:000A4224   414 0001:000A423E   416 0001:000A4244   417 0001:000A427E
   421 0001:000A42A8   422 0001:000A42AA   427 0001:000A42AC   436 0001:000A42B0
   441 0001:000A42B4   446 0001:000A42B8   451 0001:000A42BC   456 0001:000A42C0
   460 0001:000A42C4   461 0001:000A42E2   463 0001:000A4300   464 0001:000A430E
   465 0001:000A4321   467 0001:000A4360   469 0001:000A436F   479 0001:000A43A0
   480 0001:000A43B4   481 0001:000A43B6   483 0001:000A43D5   484 0001:000A43DF
   490 0001:000A4414   491 0001:000A4432   493 0001:000A4439   494 0001:000A4440
   495 0001:000A4444   496 0001:000A4475   497 0001:000A4485   503 0001:000A44AC
   504 0001:000A44B1   505 0001:000A44B3   506 0001:000A44BA   508 0001:000A44BE
   509 0001:000A44C5   511 0001:000A44D6   515 0001:000A44DC   516 0001:000A44E6
   530 0001:000A4500   531 0001:000A451C   532 0001:000A452C   533 0001:000A4540
   535 0001:000A4552   537 0001:000A455E   538 0001:000A4573   540 0001:000A4577
   541 0001:000A4585   543 0001:000A458E   544 0001:000A45AD   546 0001:000A45CC
   547 0001:000A45D6   549 0001:000A4618   550 0001:000A462D   551 0001:000A4634
   553 0001:000A463C   554 0001:000A464F   556 0001:000A465E   557 0001:000A4671
   558 0001:000A4680   560 0001:000A469B   561 0001:000A46AC   563 0001:000A46C8
   564 0001:000A46E7   566 0001:000A470D   568 0001:000A471A   569 0001:000A4727
   572 0001:000A4734   573 0001:000A473B   575 0001:000A4743   576 0001:000A474F
   578 0001:000A4758   579 0001:000A476B   580 0001:000A477A   582 0001:000A478D
   583 0001:000A47AC   584 0001:000A47C6   585 0001:000A47D6   586 0001:000A47F0
   587 0001:000A480A   591 0001:000A481A   593 0001:000A4834   596 0001:000A4845
   600 0001:000A4A4C   607 0001:000A4A50   608 0001:000A4A56   610 0001:000A4A5B
   611 0001:000A4A78   612 0001:000A4A7F   614 0001:000A4A83   616 0001:000A4A88
   617 0001:000A4A8C   619 0001:000A4A9C   620 0001:000A4AA4   622 0001:000A4AAA
   623 0001:000A4AB9   625 0001:000A4AC2   626 0001:000A4ACC   628 0001:000A4AD3
   631 0001:000A4AE2   632 0001:000A4AEC   633 0001:000A4AF3   639 0001:000A4AF8
   640 0001:000A4B0D   642 0001:000A4B2C   643 0001:000A4B49   644 0001:000A4B59
   645 0001:000A4B6A   650 0001:000A4BA4   651 0001:000A4BB7   653 0001:000A4BD6
   654 0001:000A4BED   666 0001:000A4C20   667 0001:000A4C43   668 0001:000A4C4B
   670 0001:000A4C6A   671 0001:000A4C82   673 0001:000A4C88   675 0001:000A4C9A
   676 0001:000A4CA7   677 0001:000A4CC2   673 0001:000A4CC3   678 0001:000A4CC6
   687 0001:000A4D24   688 0001:000A4D45   689 0001:000A4D49   690 0001:000A4D6E
   693 0001:000A4DA0   695 0001:000A4DBF   696 0001:000A4DD7   698 0001:000A4DDD
   699 0001:000A4DEE   700 0001:000A4DFF   702 0001:000A4E03   703 0001:000A4E06
   704 0001:000A4E11   706 0001:000A4E17   709 0001:000A4E1E   715 0001:000A4E74
   716 0001:000A4E94   717 0001:000A4E98   718 0001:000A4EA3   720 0001:000A4EA7
   721 0001:000A4EB2   723 0001:000A4EB8   724 0001:000A4EC3   725 0001:000A4ECC
   728 0001:000A4ED0   734 0001:000A4EF8   735 0001:000A4F12   737 0001:000A4F31
   738 0001:000A4F49   739 0001:000A4F5B   740 0001:000A4F70   748 0001:000A4FBC
   749 0001:000A4FDE   750 0001:000A4FE5   751 0001:000A4FF1   753 0001:000A4FFB
   754 0001:000A5006   755 0001:000A5010   756 0001:000A501E   758 0001:000A5026
   759 0001:000A5035   760 0001:000A505F   761 0001:000A506B   762 0001:000A5076
   763 0001:000A507A   765 0001:000A5091   767 0001:000A50A1   773 0001:000A50DC
   774 0001:000A50FA   775 0001:000A5106   777 0001:000A510C   778 0001:000A5117
   779 0001:000A511D   780 0001:000A512B   781 0001:000A5135   783 0001:000A514D
   785 0001:000A515D   791 0001:000A518C   792 0001:000A51AA   793 0001:000A51B6
   795 0001:000A51BC   796 0001:000A51C7   797 0001:000A51CD   798 0001:000A51DB
   799 0001:000A51E5   801 0001:000A51FD   803 0001:000A520D   806 0001:000A523C
   807 0001:000A523F   808 0001:000A524B   809 0001:000A5257   815 0001:000A525C
   816 0001:000A5265   817 0001:000A5274   819 0001:000A527C   820 0001:000A5293
   822 0001:000A52B2   824 0001:000A52C7   826 0001:000A52D6   827 0001:000A52EE
   829 0001:000A5310   830 0001:000A5326   831 0001:000A5332   833 0001:000A5346
   822 0001:000A5347   835 0001:000A534E   836 0001:000A535A   870 0001:000A5360
   871 0001:000A5384   872 0001:000A5386   874 0001:000A538A   877 0001:000A538E
   879 0001:000A53A6   880 0001:000A53B2   882 0001:000A53E0   884 0001:000A53F2
   875 0001:000A53F7   886 0001:000A5407   897 0001:000A5434   898 0001:000A544F
   899 0001:000A546F   900 0001:000A547C   901 0001:000A54B4   904 0001:000A550C
   905 0001:000A5529   906 0001:000A552B   909 0001:000A5580   910 0001:000A558D
   912 0001:000A558F   914 0001:000A55BC   915 0001:000A55DF   916 0001:000A55E1
   919 0001:000A5641   920 0001:000A5659   924 0001:000A5660   925 0001:000A5668
   926 0001:000A5672   927 0001:000A5688   929 0001:000A568C   931 0001:000A56A3
   932 0001:000A56B1   934 0001:000A56C8   935 0001:000A56EF   937 0001:000A56F3
   929 0001:000A56F6   940 0001:000A56F9   949 0001:000A575C   950 0001:000A5790
   952 0001:000A5792   953 0001:000A579A   954 0001:000A57AE   955 0001:000A57B3
   956 0001:000A57F4   959 0001:000A585C   960 0001:000A58B2   962 0001:000A58D6
   963 0001:000A58E9   965 0001:000A5901   966 0001:000A5914   968 0001:000A591F
   975 0001:000A5991   976 0001:000A599E   979 0001:000A59A0   982 0001:000A5B38
   983 0001:000A5B7F   984 0001:000A5B81   986 0001:000A5B93   988 0001:000A5B99
   992 0001:000A5C0D   995 0001:000A5C2D   996 0001:000A5C45   999 0001:000A5C5F
  1000 0001:000A5C6C  1002 0001:000A5C72  1004 0001:000A5C95  1005 0001:000A5CAB
  1006 0001:000A5CB8  1009 0001:000A5CC2  1010 0001:000A5CCA  1012 0001:000A5CDA
  1014 0001:000A5CE0  1015 0001:000A5CF8  1017 0001:000A5D04  1018 0001:000A5D15
  1020 0001:000A5D2D  1021 0001:000A5D43  1025 0001:000A5D4C  1026 0001:000A5D52
  1027 0001:000A5D55  1028 0001:000A5D62  1029 0001:000A5D6D  1030 0001:000A5D85
  1031 0001:000A5D92  1033 0001:000A5D9D  1035 0001:000A5DA2  1037 0001:000A5DD2
  1038 0001:000A5DF0  1039 0001:000A5E11  1042 0001:000A5E15  1044 0001:000A5E24
  1045 0001:000A5E30  1046 0001:000A5E37  1048 0001:000A5E43  1049 0001:000A5E52
  1050 0001:000A5E60  1057 0001:000A5E8A  1058 0001:000A5E8C  1066 0001:000A5F4C
  1067 0001:000A5F6D  1069 0001:000A5F90  1071 0001:000A5FAC  1072 0001:000A5FBA
  1074 0001:000A5FD0  1075 0001:000A5FDD  1080 0001:000A603E  1081 0001:000A604E
  1085 0001:000A6090  1072 0001:000A6091  1086 0001:000A6098  1069 0001:000A609B
  1087 0001:000A60A4  1093 0001:000A6208  1094 0001:000A620C  1096 0001:000A621C
  1097 0001:000A6237  1098 0001:000A6241  1094 0001:000A6242  1099 0001:000A6247
  1107 0001:000A624C  1108 0001:000A625E  1111 0001:000A6280  1112 0001:000A629C
  1113 0001:000A62A6  1114 0001:000A62AB  1116 0001:000A62BE  1117 0001:000A62CE
  1121 0001:000A6308  1122 0001:000A6324  1126 0001:000A6328  1127 0001:000A6333
  1133 0001:000A6334  1134 0001:000A634A  1136 0001:000A6357  1146 0001:000A6394
  1147 0001:000A63B3  1148 0001:000A63BD  1150 0001:000A63C2  1155 0001:000A6438
  1156 0001:000A6442  1157 0001:000A644C  1159 0001:000A6451  1167 0001:000A6454
  1169 0001:000A647C

Line numbers for EToolsAPI(EToolsAPI.pas) segment .itext

  1163 0002:00000464  1164 0002:0000047E  1166 0002:0000048D

Line numbers for EMain(EMain.pas) segment .text

    60 0001:000A65CC    65 0001:000A65D0    66 0001:000A65E8    68 0001:000A65EE
    71 0001:000A660A    73 0001:000A6619    82 0001:000A6668    84 0001:000A666F
    89 0001:000A6674    94 0001:000A6678    96 0001:000A6679    98 0001:000A6680
   102 0001:000A6696   106 0001:000A66B8   107 0001:000A66C2   108 0001:000A66C7
   109 0001:000A66CC   112 0001:000A66D1   115 0001:000A66DC   116 0001:000A66EF
   117 0001:000A66FE   118 0001:000A670A   119 0001:000A671F   123 0001:000A6720
   124 0001:000A672A   125 0001:000A672F   127 0001:000A6734   128 0001:000A673E
   136 0001:000A6740   138 0001:000A6757

Line numbers for EMain(EMain.pas) segment .itext

   132 0002:000004C0   133 0002:000004C9   135 0002:000004D8

Line numbers for .ExceptionExpert14(C:\Works\Sync Folder\Sources\EurekaLog 6\ExceptionExpert14.dpk) segment .itext

    69 0002:000004F4

Bound resource files

Dialog.res
EMessages.dfm
EVariables.dfm
EWait.dfm
EAbout.dfm
EOption.dfm
EIDEOptions.dfm
EurekaLog.res
ExceptionExpert14.res
C:\DOCUME~1\ADMINI~1\LOCALS~1\Temp\dtf58D.tmp


Program entry point at 0002:000004F4
